Component: ARM Compiler 5.06 update 5 (build 528) Tool: armlink [4d35e2]

==============================================================================

Section Cross References

    application.o(i.at_client_test) refers to kservice.o(i.rt_kprintf) for rt_kprintf
    application.o(i.at_client_test) refers to clock.o(i.rt_tick_from_millisecond) for rt_tick_from_millisecond
    application.o(i.at_client_test) refers to at_client.o(i.at_create_resp) for at_create_resp
    application.o(i.at_client_test) refers to at_client.o(i.at_client_get_first) for at_client_get_first
    application.o(i.at_client_test) refers to at_client.o(i.at_obj_exec_cmd) for at_obj_exec_cmd
    application.o(i.at_client_test) refers to at_client.o(i.at_resp_get_line) for at_resp_get_line
    application.o(i.at_client_test) refers to memseta.o(.text) for __aeabi_memclr4
    application.o(i.at_client_test) refers to at_client.o(i.at_resp_parse_line_args) for at_resp_parse_line_args
    application.o(i.at_client_test) refers to at_client.o(i.at_delete_resp) for at_delete_resp
    application.o(i.at_client_test_init) refers to kservice.o(i.rt_kprintf) for rt_kprintf
    application.o(i.at_client_test_init) refers to at_client.o(i.at_client_init) for at_client_init
    application.o(i.main) refers to at_socket_esp8266.o(i.at_socket_device_init) for at_socket_device_init
    application.o(i.main) refers to at_socket.o(i.at_socket) for at_socket
    application.o(i.main) refers to sal_ipaddr.o(i.sal_ipaddr_addr) for sal_ipaddr_addr
    application.o(i.main) refers to at_socket.o(i.at_bind) for at_bind
    application.o(i.main) refers to at_socket.o(i.at_send) for at_send
    application.o(i.main) refers to kservice.o(i.rt_kprintf) for rt_kprintf
    application.o(i.main) refers to clock.o(i.rt_tick_from_millisecond) for rt_tick_from_millisecond
    application.o(i.main) refers to thread.o(i.rt_thread_delay) for rt_thread_delay
    application.o(FSymTab) refers to application.o(.rodata.name) for __fsym___cmd_at_client_test_name
    application.o(FSymTab) refers to application.o(.rodata.name) for __fsym___cmd_at_client_test_desc
    application.o(FSymTab) refers to application.o(i.at_client_test) for at_client_test
    application.o(FSymTab) refers to application.o(.rodata.name) for __fsym___cmd_at_client_init_name
    application.o(FSymTab) refers to application.o(.rodata.name) for __fsym___cmd_at_client_init_desc
    application.o(FSymTab) refers to application.o(i.at_client_test_init) for at_client_test_init
    ledapp.o(i.led_thread_entry) refers to pin.o(i.rt_pin_mode) for rt_pin_mode
    ledapp.o(i.led_thread_entry) refers to pin.o(i.rt_pin_write) for rt_pin_write
    ledapp.o(i.led_thread_entry) refers to thread.o(i.rt_thread_delay) for rt_thread_delay
    ledapp.o(i.led_thread_entry) refers to pin.o(i.rt_pin_read) for rt_pin_read
    board.o(i.SystemClock_Config) refers to stm32l0xx_hal_pwr.o(i.HAL_PWR_EnableBkUpAccess) for HAL_PWR_EnableBkUpAccess
    board.o(i.SystemClock_Config) refers to stm32l0xx_hal_rcc.o(i.HAL_RCC_OscConfig) for HAL_RCC_OscConfig
    board.o(i.SystemClock_Config) refers to stm32l0xx_hal_rcc.o(i.HAL_RCC_ClockConfig) for HAL_RCC_ClockConfig
    board.o(i.SystemClock_Config) refers to stm32l0xx_hal_rcc_ex.o(i.HAL_RCCEx_PeriphCLKConfig) for HAL_RCCEx_PeriphCLKConfig
    board.o(i.SystemClock_Config) refers to stm32l0xx_hal_rcc.o(i.HAL_RCC_GetHCLKFreq) for HAL_RCC_GetHCLKFreq
    board.o(i.SystemClock_Config) refers to uidiv.o(.text) for __aeabi_uidivmod
    board.o(i.SystemClock_Config) refers to stm32l0xx_hal_cortex.o(i.HAL_SYSTICK_Config) for HAL_SYSTICK_Config
    board.o(i.SystemClock_Config) refers to stm32l0xx_hal_cortex.o(i.HAL_SYSTICK_CLKSourceConfig) for HAL_SYSTICK_CLKSourceConfig
    board.o(i.SystemClock_Config) refers to stm32l0xx_hal_cortex.o(i.HAL_NVIC_SetPriority) for HAL_NVIC_SetPriority
    board.o(i.cmd_reset) refers to stm32l0xx_hal_cortex.o(i.HAL_NVIC_SystemReset) for HAL_NVIC_SystemReset
    board.o(i.print_rcc_freq_info) refers to stm32l0xx_hal_rcc.o(i.HAL_RCC_GetSysClockFreq) for HAL_RCC_GetSysClockFreq
    board.o(i.print_rcc_freq_info) refers to kservice.o(i.rt_kprintf) for rt_kprintf
    board.o(i.print_rcc_freq_info) refers to stm32l0xx_hal_rcc.o(i.HAL_RCC_GetHCLKFreq) for HAL_RCC_GetHCLKFreq
    board.o(i.print_rcc_freq_info) refers to stm32l0xx_hal_rcc.o(i.HAL_RCC_GetPCLK1Freq) for HAL_RCC_GetPCLK1Freq
    board.o(i.print_rcc_freq_info) refers to stm32l0xx_hal_rcc.o(i.HAL_RCC_GetPCLK2Freq) for HAL_RCC_GetPCLK2Freq
    board.o(i.rt_hw_board_init) refers to stm32l0xx_hal.o(i.HAL_Init) for HAL_Init
    board.o(i.rt_hw_board_init) refers to board.o(i.SystemClock_Config) for SystemClock_Config
    board.o(i.rt_hw_board_init) refers to drv_usart.o(i.hw_usart_init) for hw_usart_init
    board.o(i.rt_hw_board_init) refers to mem.o(i.rt_system_heap_init) for rt_system_heap_init
    board.o(i.rt_hw_board_init) refers to kservice.o(i.rt_console_set_device) for rt_console_set_device
[...]
    write                                    0x08011181   Thumb Code    64  dfs_posix.o(i.write)
    AHBPrescTable                            0x080117a4   Data          16  system_stm32l0xx.o(.constdata)
    PLLMulTable                              0x080117b4   Data           9  system_stm32l0xx.o(.constdata)
    APBPrescTable                            0x080117bd   Data           8  system_stm32l0xx.o(.constdata)
    __lowest_bit_bitmap                      0x08011b3e   Data         256  kservice.o(.constdata)
    __ctype_table                            0x0801257a   Data         129  ctype_o.o(.constdata)
    __fsym___cmd_at_client_test_name         0x08012dde   Data          21  application.o(.rodata.name)
    __fsym___cmd_at_client_test_desc         0x08012df3   Data          36  application.o(.rodata.name)
    __fsym___cmd_at_client_init_name         0x08012e17   Data          21  application.o(.rodata.name)
    __fsym___cmd_at_client_init_desc         0x08012e2c   Data          21  application.o(.rodata.name)
    __fsym___cmd_reset_name                  0x08012e41   Data          12  board.o(.rodata.name)
    __fsym___cmd_reset_desc                  0x08012e4d   Data          12  board.o(.rodata.name)
    __fsym___cmd_at_net_init_name            0x08012e59   Data          18  at_socket_esp8266.o(.rodata.name)
    __fsym___cmd_at_net_init_desc            0x08012e6b   Data          22  at_socket_esp8266.o(.rodata.name)
    __fsym___cmd_at_ping_name                0x08012e81   Data          14  at_socket_esp8266.o(.rodata.name)
    __fsym___cmd_at_ping_desc                0x08012e8f   Data          21  at_socket_esp8266.o(.rodata.name)
    __fsym_list_mem_name                     0x08012ea4   Data           9  mem.o(.rodata.name)
    __fsym_list_mem_desc                     0x08012ead   Data          30  mem.o(.rodata.name)
    __fsym___cmd_list_fd_name                0x08012ecb   Data          14  dfs.o(.rodata.name)
    __fsym___cmd_list_fd_desc                0x08012ed9   Data          21  dfs.o(.rodata.name)
    __fsym_ls_name                           0x08012eee   Data           3  dfs_file.o(.rodata.name)
    __fsym_ls_desc                           0x08012ef1   Data          24  dfs_file.o(.rodata.name)
    __fsym_rm_name                           0x08012f09   Data           3  dfs_file.o(.rodata.name)
    __fsym_rm_desc                           0x08012f0c   Data          28  dfs_file.o(.rodata.name)
    __fsym_cat_name                          0x08012f28   Data           4  dfs_file.o(.rodata.name)
    __fsym_cat_desc                          0x08012f2c   Data          11  dfs_file.o(.rodata.name)
    __fsym_copy_name                         0x08012f37   Data           5  dfs_file.o(.rodata.name)
    __fsym_copy_desc                         0x08012f3c   Data          17  dfs_file.o(.rodata.name)
    __fsym_mkfs_name                         0x08012f4d   Data           5  dfs_fs.o(.rodata.name)
    __fsym_mkfs_desc                         0x08012f52   Data          19  dfs_fs.o(.rodata.name)
    __fsym_df_name                           0x08012f65   Data           3  dfs_fs.o(.rodata.name)
    __fsym_df_desc                           0x08012f68   Data          14  dfs_fs.o(.rodata.name)
    __fsym_mkdir_name                        0x08012f76   Data           6  dfs_posix.o(.rodata.name)
    __fsym_mkdir_desc                        0x08012f7c   Data          19  dfs_posix.o(.rodata.name)
    __fsym_cd_name                           0x08012f8f   Data           3  dfs_posix.o(.rodata.name)
    __fsym_cd_desc                           0x08012f92   Data          33  dfs_posix.o(.rodata.name)
    __fsym_pinMode_name                      0x08012fb3   Data           8  pin.o(.rodata.name)
    __fsym_pinMode_desc                      0x08012fbb   Data          22  pin.o(.rodata.name)
    __fsym_pinWrite_name                     0x08012fd1   Data           9  pin.o(.rodata.name)
    __fsym_pinWrite_desc                     0x08012fda   Data          28  pin.o(.rodata.name)
    __fsym_pinRead_name                      0x08012ff6   Data           8  pin.o(.rodata.name)
    __fsym_pinRead_desc                      0x08012ffe   Data          30  pin.o(.rodata.name)
    __fsym_hello_name                        0x0801301c   Data           6  cmd.o(.rodata.name)
    __fsym_hello_desc                        0x08013022   Data          16  cmd.o(.rodata.name)
    __fsym_version_name                      0x08013032   Data           8  cmd.o(.rodata.name)
    __fsym_version_desc                      0x0801303a   Data          35  cmd.o(.rodata.name)
    __fsym___cmd_version_name                0x0801305d   Data          14  cmd.o(.rodata.name)
    __fsym___cmd_version_desc                0x0801306b   Data          35  cmd.o(.rodata.name)
    __fsym_list_thread_name                  0x0801308e   Data          12  cmd.o(.rodata.name)
    __fsym_list_thread_desc                  0x0801309a   Data          12  cmd.o(.rodata.name)
    __fsym___cmd_list_thread_name            0x080130a6   Data          18  cmd.o(.rodata.name)
    __fsym___cmd_list_thread_desc            0x080130b8   Data          12  cmd.o(.rodata.name)
    __fsym_list_sem_name                     0x080130c4   Data           9  cmd.o(.rodata.name)
    __fsym_list_sem_desc                     0x080130cd   Data          25  cmd.o(.rodata.name)
    __fsym___cmd_list_sem_name               0x080130e6   Data          15  cmd.o(.rodata.name)
    __fsym___cmd_list_sem_desc               0x080130f5   Data          25  cmd.o(.rodata.name)
    __fsym_list_event_name                   0x0801310e   Data          11  cmd.o(.rodata.name)
    __fsym_list_event_desc                   0x08013119   Data          21  cmd.o(.rodata.name)
    __fsym___cmd_list_event_name             0x0801312e   Data          17  cmd.o(.rodata.name)
    __fsym___cmd_list_event_desc             0x0801313f   Data          21  cmd.o(.rodata.name)
    __fsym_list_mutex_name                   0x08013154   Data          11  cmd.o(.rodata.name)
    __fsym_list_mutex_desc                   0x0801315f   Data          21  cmd.o(.rodata.name)
    __fsym___cmd_list_mutex_name             0x08013174   Data          17  cmd.o(.rodata.name)
    __fsym___cmd_list_mutex_desc             0x08013185   Data          21  cmd.o(.rodata.name)
    __fsym_list_mailbox_name                 0x0801319a   Data          13  cmd.o(.rodata.name)
    __fsym_list_mailbox_desc                 0x080131a7   Data          24  cmd.o(.rodata.name)
    __fsym___cmd_list_mailbox_name           0x080131bf   Data          19  cmd.o(.rodata.name)
    __fsym___cmd_list_mailbox_desc           0x080131d2   Data          24  cmd.o(.rodata.name)
    __fsym_list_msgqueue_name                0x080131ea   Data          14  cmd.o(.rodata.name)
    __fsym_list_msgqueue_desc                0x080131f8   Data          29  cmd.o(.rodata.name)
    __fsym___cmd_list_msgqueue_name          0x08013215   Data          20  cmd.o(.rodata.name)
    __fsym___cmd_list_msgqueue_desc          0x08013229   Data          29  cmd.o(.rodata.name)
    __fsym_list_mempool_name                 0x08013246   Data          13  cmd.o(.rodata.name)
    __fsym_list_mempool_desc                 0x08013253   Data          27  cmd.o(.rodata.name)
    __fsym___cmd_list_mempool_name           0x0801326e   Data          19  cmd.o(.rodata.name)
    __fsym___cmd_list_mempool_desc           0x08013281   Data          27  cmd.o(.rodata.name)
    __fsym_list_timer_name                   0x0801329c   Data          11  cmd.o(.rodata.name)
    __fsym_list_timer_desc                   0x080132a7   Data          21  cmd.o(.rodata.name)
    __fsym___cmd_list_timer_name             0x080132bc   Data          17  cmd.o(.rodata.name)
    __fsym___cmd_list_timer_desc             0x080132cd   Data          21  cmd.o(.rodata.name)
    __fsym_list_device_name                  0x080132e2   Data          12  cmd.o(.rodata.name)
    __fsym_list_device_desc                  0x080132ee   Data          22  cmd.o(.rodata.name)
    __fsym___cmd_list_device_name            0x08013304   Data          18  cmd.o(.rodata.name)
    __fsym___cmd_list_device_desc            0x08013316   Data          22  cmd.o(.rodata.name)
    __fsym_list_name                         0x0801332c   Data           5  cmd.o(.rodata.name)
    __fsym_list_desc                         0x08013331   Data          26  cmd.o(.rodata.name)
    __fsym___cmd_help_name                   0x0801334b   Data          11  msh.o(.rodata.name)
    __fsym___cmd_help_desc                   0x08013356   Data          22  msh.o(.rodata.name)
    __fsym___cmd_ls_name                     0x0801336c   Data           9  msh_cmd.o(.rodata.name)
    __fsym___cmd_ls_desc                     0x08013375   Data          34  msh_cmd.o(.rodata.name)
    __fsym___cmd_cp_name                     0x08013397   Data           9  msh_cmd.o(.rodata.name)
    __fsym___cmd_cp_desc                     0x080133a0   Data          21  msh_cmd.o(.rodata.name)
    __fsym___cmd_mv_name                     0x080133b5   Data           9  msh_cmd.o(.rodata.name)
    __fsym___cmd_mv_desc                     0x080133be   Data          23  msh_cmd.o(.rodata.name)
    __fsym___cmd_cat_name                    0x080133d5   Data          10  msh_cmd.o(.rodata.name)
    __fsym___cmd_cat_desc                    0x080133df   Data          20  msh_cmd.o(.rodata.name)
    __fsym___cmd_rm_name                     0x080133f3   Data           9  msh_cmd.o(.rodata.name)
    __fsym___cmd_rm_desc                     0x080133fc   Data          28  msh_cmd.o(.rodata.name)
    __fsym___cmd_cd_name                     0x08013418   Data           9  msh_cmd.o(.rodata.name)
    __fsym___cmd_cd_desc                     0x08013421   Data          36  msh_cmd.o(.rodata.name)
    __fsym___cmd_pwd_name                    0x08013445   Data          10  msh_cmd.o(.rodata.name)
    __fsym___cmd_pwd_desc                    0x0801344f   Data          49  msh_cmd.o(.rodata.name)
    __fsym___cmd_mkdir_name                  0x08013480   Data          12  msh_cmd.o(.rodata.name)
    __fsym___cmd_mkdir_desc                  0x0801348c   Data          22  msh_cmd.o(.rodata.name)
    __fsym___cmd_mkfs_name                   0x080134a2   Data          11  msh_cmd.o(.rodata.name)
    __fsym___cmd_mkfs_desc                   0x080134ad   Data          29  msh_cmd.o(.rodata.name)
    __fsym___cmd_df_name                     0x080134ca   Data           9  msh_cmd.o(.rodata.name)
    __fsym___cmd_df_desc                     0x080134d3   Data          10  msh_cmd.o(.rodata.name)
    __fsym___cmd_echo_name                   0x080134dd   Data          11  msh_cmd.o(.rodata.name)
    __fsym___cmd_echo_desc                   0x080134e8   Data          20  msh_cmd.o(.rodata.name)
    __fsym___cmd_ps_name                     0x080134fc   Data           9  msh_cmd.o(.rodata.name)
    __fsym___cmd_ps_desc                     0x08013505   Data          28  msh_cmd.o(.rodata.name)
    __fsym___cmd_time_name                   0x08013521   Data          11  msh_cmd.o(.rodata.name)
    __fsym___cmd_time_desc                   0x0801352c   Data          27  msh_cmd.o(.rodata.name)
    __fsym___cmd_free_name                   0x08013547   Data          11  msh_cmd.o(.rodata.name)
    __fsym___cmd_free_desc                   0x08013552   Data          37  msh_cmd.o(.rodata.name)
    __fsym___cmd_at_name                     0x08013577   Data           9  at_cli.o(.rodata.name)
    __fsym___cmd_at_desc                     0x08013580   Data          58  at_cli.o(.rodata.name)
    __rt_init_rti_start                      0x080135bc   Data           4  components.o(.rti_fn.0)
    __rt_init_rti_board_start                0x080135c0   Data           4  components.o(.rti_fn.0.end)
    __rt_init_hw_usart_init                  0x080135c4   Data           4  drv_usart.o(.rti_fn.1)
    __rt_init_rt_hw_pin_init                 0x080135c8   Data           4  drv_gpio.o(.rti_fn.1)
    __rt_init_rti_board_end                  0x080135cc   Data           4  components.o(.rti_fn.1.end)
    __rt_init_dfs_init                       0x080135d0   Data           4  dfs.o(.rti_fn.2)
    __rt_init_libc_system_init               0x080135d4   Data           4  libc.o(.rti_fn.4)
    __rt_init_sal_init                       0x080135d8   Data           4  sal_socket.o(.rti_fn.4)
    __rt_init_at_inet_init                   0x080135dc   Data           4  af_inet_at.o(.rti_fn.4)
    __rt_init_at_socket_device_init          0x080135e0   Data           4  at_socket_esp8266.o(.rti_fn.6)
    __rt_init_finsh_system_init              0x080135e4   Data           4  shell.o(.rti_fn.6)
    __rt_init_rti_end                        0x080135e8   Data           4  components.o(.rti_fn.6.end)
    FSymTab$$Base                            0x080135ec   Number         0  application.o(FSymTab)
    __fsym___cmd_at_client_test              0x080135ec   Data          12  application.o(FSymTab)
    __fsym___cmd_at_client_init              0x080135f8   Data          12  application.o(FSymTab)
    __fsym___cmd_reset                       0x08013604   Data          12  board.o(FSymTab)
    __fsym___cmd_at_net_init                 0x08013610   Data          12  at_socket_esp8266.o(FSymTab)
    __fsym___cmd_at_ping                     0x0801361c   Data          12  at_socket_esp8266.o(FSymTab)
    __fsym_list_mem                          0x08013628   Data          12  mem.o(FSymTab)
    __fsym___cmd_list_fd                     0x08013634   Data          12  dfs.o(FSymTab)
    __fsym_ls                                0x08013640   Data          12  dfs_file.o(FSymTab)
    __fsym_rm                                0x0801364c   Data          12  dfs_file.o(FSymTab)
    __fsym_cat                               0x08013658   Data          12  dfs_file.o(FSymTab)
    __fsym_copy                              0x08013664   Data          12  dfs_file.o(FSymTab)
    __fsym_mkfs                              0x08013670   Data          12  dfs_fs.o(FSymTab)
    __fsym_df                                0x0801367c   Data          12  dfs_fs.o(FSymTab)
    __fsym_mkdir                             0x08013688   Data          12  dfs_posix.o(FSymTab)
    __fsym_cd                                0x08013694   Data          12  dfs_posix.o(FSymTab)
    __fsym_pinMode                           0x080136a0   Data          12  pin.o(FSymTab)
    __fsym_pinWrite                          0x080136ac   Data          12  pin.o(FSymTab)
    __fsym_pinRead                           0x080136b8   Data          12  pin.o(FSymTab)
    __fsym_hello                             0x080136c4   Data          12  cmd.o(FSymTab)
    __fsym_version                           0x080136d0   Data          12  cmd.o(FSymTab)
    __fsym___cmd_version                     0x080136dc   Data          12  cmd.o(FSymTab)
    __fsym_list_thread                       0x080136e8   Data          12  cmd.o(FSymTab)
    __fsym___cmd_list_thread                 0x080136f4   Data          12  cmd.o(FSymTab)
    __fsym_list_sem                          0x08013700   Data          12  cmd.o(FSymTab)
    __fsym___cmd_list_sem                    0x0801370c   Data          12  cmd.o(FSymTab)
    __fsym_list_event                        0x08013718   Data          12  cmd.o(FSymTab)
    __fsym___cmd_list_event                  0x08013724   Data          12  cmd.o(FSymTab)
    __fsym_list_mutex                        0x08013730   Data          12  cmd.o(FSymTab)
    __fsym___cmd_list_mutex                  0x0801373c   Data          12  cmd.o(FSymTab)
    __fsym_list_mailbox                      0x08013748   Data          12  cmd.o(FSymTab)
    __fsym___cmd_list_mailbox                0x08013754   Data          12  cmd.o(FSymTab)
    __fsym_list_msgqueue                     0x08013760   Data          12  cmd.o(FSymTab)
    __fsym___cmd_list_msgqueue               0x0801376c   Data          12  cmd.o(FSymTab)
    __fsym_list_mempool                      0x08013778   Data          12  cmd.o(FSymTab)
    __fsym___cmd_list_mempool                0x08013784   Data          12  cmd.o(FSymTab)
    __fsym_list_timer                        0x08013790   Data          12  cmd.o(FSymTab)
    __fsym___cmd_list_timer                  0x0801379c   Data          12  cmd.o(FSymTab)
    __fsym_list_device                       0x080137a8   Data          12  cmd.o(FSymTab)
    __fsym___cmd_list_device                 0x080137b4   Data          12  cmd.o(FSymTab)
    __fsym_list                              0x080137c0   Data          12  cmd.o(FSymTab)
    __fsym___cmd_help                        0x080137cc   Data          12  msh.o(FSymTab)
    __fsym___cmd_ls                          0x080137d8   Data          12  msh_cmd.o(FSymTab)
    __fsym___cmd_cp                          0x080137e4   Data          12  msh_cmd.o(FSymTab)
    __fsym___cmd_mv                          0x080137f0   Data          12  msh_cmd.o(FSymTab)
    __fsym___cmd_cat                         0x080137fc   Data          12  msh_cmd.o(FSymTab)
    __fsym___cmd_rm                          0x08013808   Data          12  msh_cmd.o(FSymTab)
    __fsym___cmd_cd                          0x08013814   Data          12  msh_cmd.o(FSymTab)
    __fsym___cmd_pwd                         0x08013820   Data          12  msh_cmd.o(FSymTab)
    __fsym___cmd_mkdir                       0x0801382c   Data          12  msh_cmd.o(FSymTab)
    __fsym___cmd_mkfs                        0x08013838   Data          12  msh_cmd.o(FSymTab)
    __fsym___cmd_df                          0x08013844   Data          12  msh_cmd.o(FSymTab)
    __fsym___cmd_echo                        0x08013850   Data          12  msh_cmd.o(FSymTab)
    __fsym___cmd_ps                          0x0801385c   Data          12  msh_cmd.o(FSymTab)
    __fsym___cmd_time                        0x08013868   Data          12  msh_cmd.o(FSymTab)
    __fsym___cmd_free                        0x08013874   Data          12  msh_cmd.o(FSymTab)
    __fsym___cmd_at                          0x08013880   Data          12  at_cli.o(FSymTab)
    FSymTab$$Limit                           0x0801388c   Number         0  at_cli.o(FSymTab)
    Region$$Table$$Base                      0x0801388c   Number         0  anon$$obj.o(Region$$Table)
    Region$$Table$$Limit                     0x080138ac   Number         0  anon$$obj.o(Region$$Table)
    pin_irq_hdr_tab                          0x20000000   Data          12  drv_gpio.o(.data)
    SystemCoreClock                          0x2000000c   Data           4  system_stm32l0xx.o(.data)
    uwTick                                   0x20000010   Data           4  stm32l0xx_hal.o(.data)
    sock                                     0x20000014   Data           4  at_socket_esp8266.o(.data)
    attache_flag                             0x20000018   Data           4  at_socket_esp8266.o(.data)
    rt_interrupt_nest                        0x20000084   Data           1  irq.o(.data)
    rt_assert_hook                           0x20000098   Data           4  kservice.o(.data)
    rt_object_trytake_hook                   0x200000c4   Data           4  object.o(.data)
    rt_object_take_hook                      0x200000c8   Data           4  object.o(.data)
    rt_object_put_hook                       0x200000cc   Data           4  object.o(.data)
    rt_current_priority                      0x20000160   Data           1  scheduler.o(.data)
    rt_current_thread                        0x20000164   Data           4  scheduler.o(.data)
    rt_thread_ready_priority_group           0x20000168   Data           4  scheduler.o(.data)
    rt_thread_defunct                        0x20000170   Data           8  scheduler.o(.data)
    rt_interrupt_from_thread                 0x20000194   Data           4  cpuport.o(.data)
    rt_interrupt_to_thread                   0x20000198   Data           4  cpuport.o(.data)
    rt_thread_switch_interrupt_flag          0x2000019c   Data           4  cpuport.o(.data)
    filesystem_operation_table               0x200001a4   Data           8  dfs.o(.data)
    working_directory                        0x200001b4   Data         256  dfs.o(.data)
    shell                                    0x200002b8   Data           4  shell.o(.data)
    _syscall_table_begin                     0x200002bc   Data           4  symbol.o(.data)
    _syscall_table_end                       0x200002c0   Data           4  symbol.o(.data)
    __stdin                                  0x20000300   Data           4  stdin.o(.data)
    lpserial1                                0x2000037c   Data         100  drv_usart.o(.bss)
    serial1                                  0x20000454   Data         100  drv_usart.o(.bss)
    serial2                                  0x2000052c   Data         100  drv_usart.o(.bss)
    serial4                                  0x20000604   Data         100  drv_usart.o(.bss)
    serial5                                  0x200006dc   Data         100  drv_usart.o(.bss)
    rt_thread_priority_table                 0x20000970   Data         256  scheduler.o(.bss)
    filesystem_table                         0x20000a70   Data          32  dfs.o(.bss)
    Image$$RW_IRAM1$$ZI$$Limit               0x200014a0   Number         0  anon$$obj.o ABSOLUTE
    __initial_sp                             0x200014a0   Data           0  startup_stm32l071xx.o(STACK)



==============================================================================

Memory Map of the image

  Image Entry point : 0x080000c1

  Load Region LR_IROM1 (Base: 0x08000000, Size: 0x00013bb4, Max: 0x00020000, ABSOLUTE, COMPRESSED[0x00013944])

    Execution Region ER_IROM1 (Base: 0x08000000, Size: 0x000138ac, Max: 0x00020000, ABSOLUTE)

    Base Addr    Size         Type   Attr      Idx    E Section Name        Object

    0x08000000   0x000000c0   Data   RO         3383    RESET               startup_stm32l071xx.o
    0x080000c0   0x00000000   Code   RO         7450  * .ARM.Collect$$$$00000000  mc_p.l(entry.o)
    0x080000c0   0x00000004   Code   RO         7789    .ARM.Collect$$$$00000001  mc_p.l(entry2.o)
    0x080000c4   0x00000004   Code   RO         7792    .ARM.Collect$$$$00000004  mc_p.l(entry5.o)
    0x080000c8   0x00000000   Code   RO         7794    .ARM.Collect$$$$00000008  mc_p.l(entry7b.o)
    0x080000c8   0x00000000   Code   RO         7796    .ARM.Collect$$$$0000000A  mc_p.l(entry8b.o)
    0x080000c8   0x00000008   Code   RO         7797    .ARM.Collect$$$$0000000B  mc_p.l(entry9a.o)
    0x080000d0   0x00000000   Code   RO         7799    .ARM.Collect$$$$0000000D  mc_p.l(entry10a.o)
    0x080000d0   0x00000000   Code   RO         7801    .ARM.Collect$$$$0000000F  mc_p.l(entry11a.o)
    0x080000d0   0x00000004   Code   RO         7790    .ARM.Collect$$$$00002712  mc_p.l(entry2.o)
    0x080000d4   0x0000001c   Code   RO         3384    .text               startup_stm32l071xx.o
    0x080000f0   0x000000d8   Code   RO         4749    .text               context_rvds.o
    0x080001c8   0x0000002c   Code   RO         7456    .text               mc_p.l(uidiv.o)
    0x080001f4   0x00000028   Code   RO         7458    .text               mc_p.l(idiv.o)
    0x0800021c   0x00000060   Code   RO         7460    .text               mc_p.l(uldiv.o)
    0x0800027c   0x0000004c   Code   RO         7462    .text               mc_p.l(ldiv.o)
    0x080002c8   0x0000007a   Code   RO         7464    .text               mc_p.l(llmul.o)
    0x08000342   0x00000002   PAD
    0x08000344   0x00000008   Code   RO         7466    .text               mc_p.l(ctype_o.o)
    0x0800034c   0x00000012   Code   RO         7488    .text               mc_p.l(isspace_o.o)
    0x0800035e   0x00000024   Code   RO         7494    .text               mc_p.l(memcpya.o)
    0x08000382   0x00000024   Code   RO         7496    .text               mc_p.l(memseta.o)
    0x080003a6   0x00000018   Code   RO         7498    .text               mc_p.l(strcat.o)
    0x080003be   0x00000028   Code   RO         7500    .text               mc_p.l(strstr.o)
    0x080003e6   0x0000001a   Code   RO         7502    .text               mc_p.l(strncpy.o)
    0x08000400   0x00000014   Code   RO         7504    .text               mc_p.l(strchr.o)
    0x08000414   0x0000000e   Code   RO         7506    .text               mc_p.l(strlen.o)
    0x08000422   0x0000001c   Code   RO         7508    .text               mc_p.l(strcmp.o)
    0x0800043e   0x0000001a   Code   RO         7510    .text               mc_p.l(memcmp.o)
    0x08000458   0x00000012   Code   RO         7512    .text               mc_p.l(strcpy.o)
    0x0800046a   0x0000001e   Code   RO         7514    .text               mc_p.l(strncmp.o)
    0x08000488   0x00000020   Code   RO         7516    .text               mc_p.l(strrchr.o)
    0x080004a8   0x00000030   Code   RO         7781    .text               mc_p.l(vsscanf.o)
    0x080004d8   0x0000003c   Code   RO         7783    .text               mc_p.l(__0sscanf.o)
    0x08000514   0x0000014a   Code   RO         7785    .text               mc_p.l(_scanf_int.o)
    0x0800065e   0x0000001a   Code   RO         7787    .text               mc_p.l(atoi.o)
    0x08000678   0x00000020   Code   RO         7804    .text               mc_p.l(llshl.o)
    0x08000698   0x00000022   Code   RO         7806    .text               mc_p.l(llushr.o)
    0x080006ba   0x0000001e   Code   RO         7815    .text               mc_p.l(_chval.o)
    0x080006d8   0x0000014a   Code   RO         7817    .text               mc_p.l(_scanf_longlong.o)
    0x08000822   0x000000e8   Code   RO         7819    .text               mc_p.l(_scanf_str.o)
    0x0800090a   0x00000002   PAD
    0x0800090c   0x00000374   Code   RO         7821    .text               mc_p.l(scanf_fp.o)
    0x08000c80   0x0000002c   Code   RO         7825    .text               mc_p.l(scanf_char.o)
    0x08000cac   0x00000044   Code   RO         7827    .text               mc_p.l(_sgetc.o)
    0x08000cf0   0x00000070   Code   RO         7829    .text               mc_p.l(strtol.o)
    0x08000d60   0x00000000   Code   RO         7831    .text               mc_p.l(iusefp.o)
    0x08000d60   0x00000164   Code   RO         7832    .text               mf_p.l(dadd.o)
    0x08000ec4   0x000000d0   Code   RO         7834    .text               mf_p.l(dmul.o)
    0x08000f94   0x000000f0   Code   RO         7836    .text               mf_p.l(ddiv.o)
    0x08001084   0x00000040   Code   RO         7838    .text               mf_p.l(dfixul.o)
    0x080010c4   0x00000028   Code   RO         7840    .text               mf_p.l(cdrcmple.o)
    0x080010ec   0x00000024   Code   RO         7842    .text               mc_p.l(init.o)
    0x08001110   0x00000026   Code   RO         7844    .text               mc_p.l(llsshr.o)
    0x08001136   0x00000002   PAD
    0x08001138   0x00000338   Code   RO         7848    .text               mc_p.l(_scanf.o)
    0x08001470   0x000000a6   Code   RO         7850    .text               mc_p.l(_strtoul.o)
    0x08001516   0x000000be   Code   RO         7852    .text               mf_p.l(depilogue.o)
    0x080015d4   0x0000001c   Code   RO         7856    .text               mf_p.l(dfltul.o)
    0x080015f0   0x00000038   Code   RO         7858    .text               mf_p.l(d2f.o)
    0x08001628   0x00000082   Code   RO         7863    .text               mf_p.l(fepilogue.o)
    0x080016aa   0x00000056   Code   RO         7873    .text               mc_p.l(__dczerorl2.o)
    0x08001700   0x00000068   Code   RO         3517    i.$Sub$$main        components.o
    0x08001768   0x00000168   Code   RO         3388    i.BC28_domain_resolve  at_socket_esp8266.o
    0x080018d0   0x000003cc   Code   RO         3389    i.BC28_init_thread_entry  at_socket_esp8266.o
    0x08001c9c   0x0000000c   Code   RO         3390    i.BC28_net_init     at_socket_esp8266.o
    0x08001ca8   0x00000150   Code   RO         3391    i.BC28_ping         at_socket_esp8266.o
    0x08001df8   0x000000bc   Code   RO         3392    i.BC28_socket_close  at_socket_esp8266.o
    0x08001eb4   0x000001a4   Code   RO         3393    i.BC28_socket_connect  at_socket_esp8266.o
    0x08002058   0x000001d4   Code   RO         3394    i.BC28_socket_send  at_socket_esp8266.o
    0x0800222c   0x00000010   Code   RO         3395    i.BC28_socket_set_event_cb  at_socket_esp8266.o
    0x0800223c   0x00000018   Code   RO          357    i.EXTI0_1_IRQHandler  stm32l0xx_it.o
    0x08002254   0x00000018   Code   RO          358    i.EXTI2_3_IRQHandler  stm32l0xx_it.o
    0x0800226c   0x00000064   Code   RO          359    i.EXTI4_15_IRQHandler  stm32l0xx_it.o
    0x080022d0   0x0000001c   Code   RO          489    i.GPIOA_CLK_ENABLE  drv_gpio.o
    0x080022ec   0x0000001c   Code   RO          490    i.GPIOB_CLK_ENABLE  drv_gpio.o
    0x08002308   0x0000001c   Code   RO          491    i.GPIOC_CLK_ENABLE  drv_gpio.o
    0x08002324   0x0000001c   Code   RO          492    i.GPIOD_CLK_ENABLE  drv_gpio.o
    0x08002340   0x0000001c   Code   RO          493    i.GPIOE_CLK_ENABLE  drv_gpio.o
    0x0800235c   0x0000001c   Code   RO          494    i.GPIOH_CLK_ENABLE  drv_gpio.o
    0x08002378   0x00000002   Code   RO          360    i.HAL_GPIO_EXTI_Callback  stm32l0xx_it.o
    0x0800237a   0x00000002   PAD
    0x0800237c   0x00000018   Code   RO         1538    i.HAL_GPIO_EXTI_IRQHandler  stm32l0xx_hal_gpio.o
    0x08002394   0x00000184   Code   RO         1539    i.HAL_GPIO_Init     stm32l0xx_hal_gpio.o
    0x08002518   0x0000000a   Code   RO         1541    i.HAL_GPIO_ReadPin  stm32l0xx_hal_gpio.o
    0x08002522   0x0000000c   Code   RO         1543    i.HAL_GPIO_WritePin  stm32l0xx_hal_gpio.o
    0x0800252e   0x00000002   PAD
    0x08002530   0x0000000c   Code   RO          640    i.HAL_GetTick       stm32l0xx_hal.o
    0x0800253c   0x00000010   Code   RO          641    i.HAL_IncTick       stm32l0xx_hal.o
    0x0800254c   0x00000020   Code   RO          642    i.HAL_Init          stm32l0xx_hal.o
    0x0800256c   0x00000028   Code   RO          643    i.HAL_InitTick      stm32l0xx_hal.o
    0x08002594   0x00000002   Code   RO         2103    i.HAL_MspInit       stm32l0xx_hal_msp_template.o
    0x08002596   0x00000002   PAD
    0x08002598   0x00000014   Code   RO         1056    i.HAL_NVIC_DisableIRQ  stm32l0xx_hal_cortex.o
    0x080025ac   0x00000014   Code   RO         1057    i.HAL_NVIC_EnableIRQ  stm32l0xx_hal_cortex.o
    0x080025c0   0x00000044   Code   RO         1061    i.HAL_NVIC_SetPriority  stm32l0xx_hal_cortex.o
    0x08002604   0x0000001c   Code   RO         1062    i.HAL_NVIC_SystemReset  stm32l0xx_hal_cortex.o
    0x08002620   0x00000010   Code   RO         2164    i.HAL_PWR_EnableBkUpAccess  stm32l0xx_hal_pwr.o
    0x08002630   0x00000184   Code   RO         2424    i.HAL_RCCEx_GetPeriphCLKFreq  stm32l0xx_hal_rcc_ex.o
    0x080027b4   0x0000018c   Code   RO         2427    i.HAL_RCCEx_PeriphCLKConfig  stm32l0xx_hal_rcc_ex.o
    0x08002940   0x00000208   Code   RO         2330    i.HAL_RCC_ClockConfig  stm32l0xx_hal_rcc.o
    0x08002b48   0x0000000c   Code   RO         2334    i.HAL_RCC_GetHCLKFreq  stm32l0xx_hal_rcc.o
    0x08002b54   0x00000020   Code   RO         2336    i.HAL_RCC_GetPCLK1Freq  stm32l0xx_hal_rcc.o
    0x08002b74   0x00000020   Code   RO         2337    i.HAL_RCC_GetPCLK2Freq  stm32l0xx_hal_rcc.o
    0x08002b94   0x00000084   Code   RO         2338    i.HAL_RCC_GetSysClockFreq  stm32l0xx_hal_rcc.o
    0x08002c18   0x000004e8   Code   RO         2341    i.HAL_RCC_OscConfig  stm32l0xx_hal_rcc.o
    0x08003100   0x00000018   Code   RO         1063    i.HAL_SYSTICK_CLKSourceConfig  stm32l0xx_hal_cortex.o
    0x08003118   0x00000002   Code   RO         1064    i.HAL_SYSTICK_Callback  stm32l0xx_hal_cortex.o
    0x0800311a   0x00000002   PAD
    0x0800311c   0x0000003c   Code   RO         1065    i.HAL_SYSTICK_Config  stm32l0xx_hal_cortex.o
    0x08003158   0x00000008   Code   RO         1066    i.HAL_SYSTICK_IRQHandler  stm32l0xx_hal_cortex.o
    0x08003160   0x0000006a   Code   RO         2852    i.HAL_UART_Init     stm32l0xx_hal_uart.o
    0x080031ca   0x00000002   PAD
    0x080031cc   0x0000014c   Code   RO          406    i.HAL_UART_MspInit  drv_usart.o
    0x08003318   0x00000034   Code   RO          407    i.LPUART1_IRQHandler  drv_usart.o
    0x0800334c   0x00000018   Code   RO          361    i.SysTick_Handler   stm32l0xx_it.o
    0x08003364   0x000000ac   Code   RO          302    i.SystemClock_Config  board.o
    0x08003410   0x00000054   Code   RO          590    i.SystemInit        system_stm32l0xx.o
    0x08003464   0x000000cc   Code   RO         2865    i.UART_AdvFeatureConfig  stm32l0xx_hal_uart.o
    0x08003530   0x00000060   Code   RO         2866    i.UART_CheckIdleState  stm32l0xx_hal_uart.o
    0x08003590   0x000002b0   Code   RO         2877    i.UART_SetConfig    stm32l0xx_hal_uart.o
    0x08003840   0x00000078   Code   RO         2878    i.UART_WaitOnFlagUntilTimeout  stm32l0xx_hal_uart.o
    0x080038b8   0x00000034   Code   RO          408    i.USART1_IRQHandler  drv_usart.o
    0x080038ec   0x00000034   Code   RO          409    i.USART2_IRQHandler  drv_usart.o
    0x08003920   0x00000064   Code   RO          410    i.USART4_5_IRQHandler  drv_usart.o
    0x08003984   0x00000034   Code   RO         7754    i.__0snprintf       mc_p.l(printfa.o)
    0x080039b8   0x00000028   Code   RO         7755    i.__0sprintf        mc_p.l(printfa.o)
    0x080039e0   0x0000002c   Code   RO         7758    i.__0vsnprintf      mc_p.l(printfa.o)
    0x08003a0c   0x0000002e   Code   RO         7854    i.__ARM_clz         mf_p.l(depilogue.o)
    0x08003a3a   0x00000032   Code   RO         5117    i.__ARM_common_ll_muluu  dfs_fs.o
    0x08003a6c   0x00000016   Code   RO         6073    i.__ARM_common_memcpy1_5  shell.o
    0x08003a82   0x00000002   PAD
    0x08003a84   0x00000008   Code   RO         7808    i.__aeabi_errno_addr  mc_p.l(errno.o)
    0x08003a8c   0x00000040   Code   RO         4006    i.__rt_ffs          kservice.o
    0x08003acc   0x0000000e   Code   RO         7867    i.__scatterload_copy  mc_p.l(handlers.o)
    0x08003ada   0x00000002   Code   RO         7868    i.__scatterload_null  mc_p.l(handlers.o)
    0x08003adc   0x0000000e   Code   RO         7869    i.__scatterload_zeroinit  mc_p.l(handlers.o)
    0x08003aea   0x00000004   Code   RO         5913    i.__wqueue_default_wake  waitqueue.o
    0x08003aee   0x00000002   PAD
    0x08003af0   0x00000174   Code   RO         7760    i._fp_digits        mc_p.l(printfa.o)
    0x08003c64   0x0000000e   Code   RO         7823    i._is_digit         mc_p.l(scanf_fp.o)
    0x08003c72   0x00000002   PAD
    0x08003c74   0x00000040   Code   RO         5460    i._pin_control      pin.o
    0x08003cb4   0x00000044   Code   RO         5461    i._pin_read         pin.o
    0x08003cf8   0x00000044   Code   RO         5462    i._pin_write        pin.o
    0x08003d3c   0x000006ec   Code   RO         7761    i._printf_core      mc_p.l(printfa.o)
    0x08004428   0x00000020   Code   RO         7762    i._printf_post_padding  mc_p.l(printfa.o)
    0x08004448   0x0000002c   Code   RO         7763    i._printf_pre_padding  mc_p.l(printfa.o)
    0x08004474   0x000000bc   Code   RO         4512    i._rt_thread_init   thread.o
    0x08004530   0x00000016   Code   RO         7764    i._snputc           mc_p.l(printfa.o)
    0x08004546   0x0000000a   Code   RO         7765    i._sputc            mc_p.l(printfa.o)
    0x08004550   0x00000188   Code   RO         6689    i.at                at_cli.o
    0x080046d8   0x00000028   Code   RO         6887    i.at_bind           at_socket.o
    0x08004700   0x00000070   Code   RO         6691    i.at_cli_init       at_cli.o
    0x08004770   0x00000030   Code   RO         6692    i.at_client_entry   at_cli.o
    0x080047a0   0x00000040   Code   RO         6773    i.at_client_get     at_client.o
    0x080047e0   0x00000010   Code   RO         6774    i.at_client_get_first  at_client.o
    0x080047f0   0x000004a0   Code   RO         6775    i.at_client_init    at_client.o
    0x08004c90   0x000000a8   Code   RO         6776    i.at_client_obj_recv  at_client.o
    0x08004d38   0x0000006c   Code   RO         6777    i.at_client_obj_send  at_client.o
    0x08004da4   0x0000001c   Code   RO         6779    i.at_client_rx_ind  at_client.o
    0x08004dc0   0x0000035c   Code   RO            1    i.at_client_test    application.o
    0x0800511c   0x00000058   Code   RO            2    i.at_client_test_init  application.o
    0x08005174   0x00000074   Code   RO         6888    i.at_closed_notice_cb  at_socket.o
    0x080051e8   0x000000cc   Code   RO         6889    i.at_closesocket    at_socket.o
    0x080052b4   0x00000168   Code   RO         6890    i.at_connect        at_socket.o
    0x0800541c   0x00000028   Code   RO         7264    i.at_create         af_inet_at.o
    0x08005444   0x00000090   Code   RO         6780    i.at_create_resp    at_client.o
    0x080054d4   0x0000001c   Code   RO         6781    i.at_delete_resp    at_client.o
    0x080054f0   0x000000c8   Code   RO         6891    i.at_do_event_changes  at_socket.o
    0x080055b8   0x00000014   Code   RO         6892    i.at_freeaddrinfo   at_socket.o
    0x080055cc   0x00000014   Code   RO         6740    i.at_get_last_cmd   at_utils.o
    0x080055e0   0x00000020   Code   RO         6893    i.at_get_socket     at_socket.o
    0x08005600   0x00000254   Code   RO         6894    i.at_getaddrinfo    at_socket.o
    0x08005854   0x000001e8   Code   RO         6895    i.at_gethostbyname  at_socket.o
    0x08005a3c   0x00000194   Code   RO         6896    i.at_getsockopt     at_socket.o
    0x08005bd0   0x00000010   Code   RO         7265    i.at_inet_init      af_inet_at.o
    0x08005be0   0x00000168   Code   RO         6782    i.at_obj_exec_cmd   at_client.o
    0x08005d48   0x00000044   Code   RO         6783    i.at_obj_set_end_sign  at_client.o
    0x08005d8c   0x000000cc   Code   RO         6784    i.at_obj_set_urc_table  at_client.o
    0x08005e58   0x0000005c   Code   RO         7266    i.at_poll           af_inet_at.o
    0x08005eb4   0x0000011c   Code   RO         6898    i.at_recv_notice_cb  at_socket.o
    0x08005fd0   0x000003b4   Code   RO         6899    i.at_recvfrom       at_socket.o
    0x08006384   0x000000c2   Code   RO         6900    i.at_recvpkt_get    at_socket.o
    0x08006446   0x00000002   PAD
    0x08006448   0x000000b4   Code   RO         6785    i.at_resp_get_line  at_client.o
    0x080064fc   0x00000060   Code   RO         6786    i.at_resp_get_line_by_kw  at_client.o
    0x0800655c   0x00000064   Code   RO         6787    i.at_resp_parse_line_args  at_client.o
    0x080065c0   0x000000b0   Code   RO         6788    i.at_resp_parse_line_args_by_kw  at_client.o
    0x08006670   0x000000a8   Code   RO         6789    i.at_resp_set_info  at_client.o
    0x08006718   0x000000ec   Code   RO         6901    i.at_scoket_device_register  at_socket.o
    0x08006804   0x00000012   Code   RO         6902    i.at_send           at_socket.o
    0x08006816   0x00000002   PAD
    0x08006818   0x00000218   Code   RO         6903    i.at_sendto         at_socket.o
    0x08006a30   0x00000190   Code   RO         6904    i.at_setsockopt     at_socket.o
    0x08006bc0   0x000000b8   Code   RO         6905    i.at_shutdown       at_socket.o
    0x08006c78   0x00000244   Code   RO         6906    i.at_socket         at_socket.o
    0x08006ebc   0x000000c8   Code   RO         3396    i.at_socket_device_init  at_socket_esp8266.o
    0x08006f84   0x00000040   Code   RO         6743    i.at_vprintfln      at_utils.o
    0x08006fc4   0x00000098   Code   RO         4930    i.cat               dfs_file.o
    0x0800705c   0x00000118   Code   RO         5124    i.chdir             dfs_posix.o
    0x08007174   0x000001ac   Code   RO         6693    i.client_cli_parser  at_cli.o
    0x08007320   0x00000040   Code   RO         6694    i.client_getchar_rx_ind  at_cli.o
    0x08007360   0x000002f0   Code   RO         6790    i.client_parser     at_client.o
    0x08007650   0x00000040   Code   RO         5125    i.close             dfs_posix.o
    0x08007690   0x0000004c   Code   RO         5126    i.closedir          dfs_posix.o
    0x080076dc   0x00000064   Code   RO         6281    i.cmd_cat           msh_cmd.o
    0x08007740   0x0000004c   Code   RO         6282    i.cmd_cd            msh_cmd.o
    0x0800778c   0x00000054   Code   RO         6283    i.cmd_cp            msh_cmd.o
    0x080077e0   0x00000054   Code   RO         6284    i.cmd_df            msh_cmd.o
    0x08007834   0x00000090   Code   RO         6285    i.cmd_echo          msh_cmd.o
    0x080078c4   0x0000000a   Code   RO         6286    i.cmd_free          msh_cmd.o
    0x080078ce   0x00000002   PAD
    0x080078d0   0x00000018   Code   RO         6287    i.cmd_ls            msh_cmd.o
    0x080078e8   0x0000007c   Code   RO         6288    i.cmd_mkdir         msh_cmd.o
    0x08007964   0x00000088   Code   RO         6289    i.cmd_mkfs          msh_cmd.o
    0x080079ec   0x00000124   Code   RO         6290    i.cmd_mv            msh_cmd.o
    0x08007b10   0x0000000a   Code   RO         6291    i.cmd_ps            msh_cmd.o
    0x08007b1a   0x00000002   PAD
    0x08007b1c   0x00000018   Code   RO         6292    i.cmd_pwd           msh_cmd.o
    0x08007b34   0x0000000a   Code   RO          304    i.cmd_reset         board.o
    0x08007b3e   0x00000002   PAD
    0x08007b40   0x00000068   Code   RO         6293    i.cmd_rm            msh_cmd.o
    0x08007ba8   0x00000004   Code   RO         6294    i.cmd_time          msh_cmd.o
    0x08007bac   0x00000040   Code   RO         6695    i.console_getchar_rx_ind  at_cli.o
    0x08007bec   0x0000014c   Code   RO         4931    i.copy              dfs_file.o
    0x08007d38   0x00000144   Code   RO         4932    i.copydir           dfs_file.o
    0x08007e7c   0x00000150   Code   RO         4933    i.copyfile          dfs_file.o
    0x08007fcc   0x00000010   Code   RO         5385    i.devfs_init        devfs.o
    0x08007fdc   0x000001bc   Code   RO         5048    i.df                dfs_fs.o
    0x08008198   0x00000098   Code   RO         5386    i.dfs_device_fs_close  devfs.o
    0x08008230   0x00000090   Code   RO         5387    i.dfs_device_fs_getdents  devfs.o
    0x080082c0   0x00000058   Code   RO         5388    i.dfs_device_fs_ioctl  devfs.o
    0x08008318   0x00000004   Code   RO         5389    i.dfs_device_fs_mount  devfs.o
    0x0800831c   0x000000f4   Code   RO         5390    i.dfs_device_fs_open  devfs.o
    0x08008410   0x00000004   Code   RO         5391    i.dfs_device_fs_poll  devfs.o
    0x08008414   0x00000060   Code   RO         5392    i.dfs_device_fs_read  devfs.o
    0x08008474   0x00000074   Code   RO         5393    i.dfs_device_fs_stat  devfs.o
    0x080084e8   0x00000060   Code   RO         5394    i.dfs_device_fs_write  devfs.o
    0x08008548   0x0000002e   Code   RO         4934    i.dfs_file_close    dfs_file.o
    0x08008576   0x00000020   Code   RO         4936    i.dfs_file_getdents  dfs_file.o
    0x08008596   0x00000028   Code   RO         4938    i.dfs_file_lseek    dfs_file.o
    0x080085be   0x00000002   PAD
    0x080085c0   0x000000e0   Code   RO         4939    i.dfs_file_open     dfs_file.o
    0x080086a0   0x00000030   Code   RO         4940    i.dfs_file_read     dfs_file.o
    0x080086d0   0x0000008c   Code   RO         4941    i.dfs_file_rename   dfs_file.o
    0x0800875c   0x000000a4   Code   RO         4942    i.dfs_file_stat     dfs_file.o
    0x08008800   0x0000008c   Code   RO         4943    i.dfs_file_unlink   dfs_file.o
    0x0800888c   0x0000001a   Code   RO         4944    i.dfs_file_write    dfs_file.o
    0x080088a6   0x00000002   PAD
    0x080088a8   0x00000090   Code   RO         5051    i.dfs_filesystem_lookup  dfs_fs.o
    0x08008938   0x000000a0   Code   RO         4788    i.dfs_init          dfs.o
    0x080089d8   0x00000030   Code   RO         4789    i.dfs_lock          dfs.o
    0x08008a08   0x00000098   Code   RO         5052    i.dfs_mkfs          dfs_fs.o
    0x08008aa0   0x0000016c   Code   RO         5053    i.dfs_mount         dfs_fs.o
    0x08008c0c   0x00000138   Code   RO         4790    i.dfs_normalize_path  dfs.o
    0x08008d44   0x00000070   Code   RO         5054    i.dfs_register      dfs_fs.o
    0x08008db4   0x00000030   Code   RO         4791    i.dfs_subdir        dfs.o
    0x08008de4   0x00000010   Code   RO         4792    i.dfs_unlock        dfs.o
    0x08008df4   0x000000b4   Code   RO          411    i.drv_configure     drv_usart.o
    0x08008ea8   0x00000070   Code   RO          412    i.drv_control       drv_usart.o
    0x08008f18   0x00000040   Code   RO          413    i.drv_getc          drv_usart.o
    0x08008f58   0x0000003c   Code   RO          414    i.drv_putc          drv_usart.o
    0x08008f94   0x0000006c   Code   RO         4793    i.fd_get            dfs.o
    0x08009000   0x000000c8   Code   RO         4794    i.fd_is_open        dfs.o
    0x080090c8   0x00000100   Code   RO         4795    i.fd_new            dfs.o
    0x080091c8   0x0000008c   Code   RO         4796    i.fd_put            dfs.o
    0x08009254   0x0000001a   Code   RO         6509    i.fgetc             stubs.o
    0x0800926e   0x00000002   PAD
    0x08009270   0x00000084   Code   RO         6007    i.finsh_get_prompt  shell.o
    0x080092f4   0x00000048   Code   RO         6011    i.finsh_set_prompt_mode  shell.o
    0x0800933c   0x000000d0   Code   RO         6013    i.finsh_system_init  shell.o
    0x0800940c   0x00000464   Code   RO         6015    i.finsh_thread_entry  shell.o
    0x08009870   0x00000008   Code   RO         6437    i.free              mem_std.o
    0x08009878   0x00000042   Code   RO         6907    i.free_socket       at_socket.o
    0x080098ba   0x00000008   Code   RO         7453    i.getc              mc_p.l(getc.o)
    0x080098c2   0x00000002   PAD
    0x080098c4   0x00000020   Code   RO         5130    i.getcwd            dfs_posix.o
    0x080098e4   0x00000020   Code   RO         6104    i.hello             cmd.o
    0x08009904   0x00000100   Code   RO          415    i.hw_usart_init     drv_usart.o
    0x08009a04   0x00000014   Code   RO         6467    i.libc_stdio_read   stdio.o
    0x08009a18   0x00000048   Code   RO         6468    i.libc_stdio_set_console  stdio.o
    0x08009a60   0x00000014   Code   RO         6415    i.libc_system_init  libc.o
    0x08009a74   0x00000068   Code   RO         6105    i.list              cmd.o
    0x08009adc   0x000000e8   Code   RO         6106    i.list_device       cmd.o
    0x08009bc4   0x00000144   Code   RO         6107    i.list_event        cmd.o
    0x08009d08   0x0000013c   Code   RO         4797    i.list_fd           dfs.o
    0x08009e44   0x00000164   Code   RO         6108    i.list_mailbox      cmd.o
    0x08009fa8   0x0000006c   Code   RO         4201    i.list_mem          mem.o
    0x0800a014   0x00000154   Code   RO         6109    i.list_mempool      cmd.o
    0x0800a168   0x0000014c   Code   RO         6110    i.list_msgqueue     cmd.o
    0x0800a2b4   0x000000e8   Code   RO         6111    i.list_mutex        cmd.o
    0x0800a39c   0x00000140   Code   RO         6112    i.list_sem          cmd.o
    0x0800a4dc   0x00000184   Code   RO         6113    i.list_thread       cmd.o
    0x0800a660   0x00000124   Code   RO         6114    i.list_timer        cmd.o
    0x0800a784   0x0000013c   Code   RO         4945    i.ls                dfs_file.o
    0x0800a8c0   0x000000dc   Code   RO            3    i.main              application.o
    0x0800a99c   0x00000024   Code   RO         3518    i.main_thread_entry  components.o
    0x0800a9c0   0x00000008   Code   RO         6438    i.malloc            mem_std.o
    0x0800a9c8   0x00000060   Code   RO         5133    i.mkdir             dfs_posix.o
    0x0800aa28   0x00000008   Code   RO         5057    i.mkfs              dfs_fs.o
    0x0800aa30   0x00000118   Code   RO         6239    i.msh_auto_complete  msh.o
    0x0800ab48   0x000001a4   Code   RO         6240    i.msh_auto_complete_path  msh.o
    0x0800acec   0x00000210   Code   RO         6241    i.msh_exec          msh.o
    0x0800aefc   0x00000140   Code   RO         6403    i.msh_exec_script   msh_file.o
    0x0800b03c   0x0000007c   Code   RO         6242    i.msh_help          msh.o
    0x0800b0b8   0x00000004   Code   RO         6243    i.msh_is_used       msh.o
    0x0800b0bc   0x0000003c   Code   RO         6115    i.object_name_maxlen  cmd.o
    0x0800b0f8   0x00000050   Code   RO         5134    i.open              dfs_posix.o
    0x0800b148   0x00000074   Code   RO         5135    i.opendir           dfs_posix.o
    0x0800b1bc   0x000000ec   Code   RO         4202    i.plug_holes        mem.o
    0x0800b2a8   0x0000019c   Code   RO         4008    i.print_number      kservice.o
    0x0800b444   0x000000a0   Code   RO          305    i.print_rcc_freq_info  board.o
    0x0800b4e4   0x00000044   Code   RO         5136    i.read              dfs_posix.o
    0x0800b528   0x0000006c   Code   RO         5137    i.readdir           dfs_posix.o
    0x0800b594   0x00000018   Code   RO         5138    i.rename            dfs_posix.o
    0x0800b5ac   0x00000036   Code   RO         5139    i.rewinddir         dfs_posix.o
    0x0800b5e2   0x00000002   PAD
    0x0800b5e4   0x0000009c   Code   RO         4946    i.rm                dfs_file.o
    0x0800b680   0x00000054   Code   RO         3519    i.rt_application_init  components.o
    0x0800b6d4   0x0000006c   Code   RO         4009    i.rt_assert_handler  kservice.o
    0x0800b740   0x00000078   Code   RO         4203    i.rt_calloc         mem.o
    0x0800b7b8   0x00000060   Code   RO         5674    i.rt_completion_done  completion.o
    0x0800b818   0x00000040   Code   RO         5675    i.rt_completion_init  completion.o
    0x0800b858   0x00000138   Code   RO         5676    i.rt_completion_wait  completion.o
    0x0800b990   0x00000020   Code   RO         3520    i.rt_components_board_init  components.o
    0x0800b9b0   0x0000000c   Code   RO         4011    i.rt_console_get_device  kservice.o
    0x0800b9bc   0x0000002c   Code   RO         4012    i.rt_console_set_device  kservice.o
    0x0800b9e8   0x00000060   Code   RO         5699    i.rt_data_queue_init  dataqueue.o
    0x0800ba48   0x00000074   Code   RO         5700    i.rt_data_queue_peak  dataqueue.o
    0x0800babc   0x000001cc   Code   RO         5701    i.rt_data_queue_pop  dataqueue.o
    0x0800bc88   0x00000170   Code   RO         5702    i.rt_data_queue_push  dataqueue.o
    0x0800bdf8   0x000000b0   Code   RO         3584    i.rt_device_close   device.o
    0x0800bea8   0x00000094   Code   RO         3585    i.rt_device_control  device.o
    0x0800bf3c   0x00000080   Code   RO         3588    i.rt_device_find    device.o
    0x0800bfbc   0x0000014c   Code   RO         3591    i.rt_device_open    device.o
    0x0800c108   0x00000044   Code   RO         5463    i.rt_device_pin_register  pin.o
    0x0800c14c   0x000000b4   Code   RO         3592    i.rt_device_read    device.o
    0x0800c200   0x000000c8   Code   RO         3593    i.rt_device_register  device.o
    0x0800c2c8   0x00000080   Code   RO         3594    i.rt_device_set_rx_indicate  device.o
    0x0800c348   0x000000b4   Code   RO         3597    i.rt_device_write   device.o
    0x0800c3fc   0x00000018   Code   RO         4430    i.rt_enter_critical  scheduler.o
    0x0800c414   0x0000007c   Code   RO         3729    i.rt_event_create   ipc.o
    0x0800c490   0x0000012c   Code   RO         3730    i.rt_event_delete   ipc.o
    0x0800c5bc   0x000000dc   Code   RO         3734    i.rt_event_send     ipc.o
    0x0800c698   0x0000002c   Code   RO         4431    i.rt_exit_critical  scheduler.o
    0x0800c6c4   0x000001dc   Code   RO         4204    i.rt_free           mem.o
    0x0800c8a0   0x00000074   Code   RO          306    i.rt_hw_board_init  board.o
    0x0800c914   0x00000002   Code   RO         4015    i.rt_hw_console_output  kservice.o
    0x0800c916   0x00000002   PAD
    0x0800c918   0x000000f4   Code   RO         4725    i.rt_hw_hard_fault_exception  cpuport.o
    0x0800ca0c   0x00000018   Code   RO          496    i.rt_hw_pin_init    drv_gpio.o
    0x0800ca24   0x00000270   Code   RO         5534    i.rt_hw_serial_isr  serial.o
    0x0800cc94   0x00000080   Code   RO         5535    i.rt_hw_serial_register  serial.o
    0x0800cd14   0x0000003c   Code   RO         4726    i.rt_hw_stack_init  cpuport.o
    0x0800cd50   0x00000024   Code   RO         3967    i.rt_interrupt_enter  irq.o
    0x0800cd74   0x0000000c   Code   RO         3969    i.rt_interrupt_get_nest  irq.o
    0x0800cd80   0x00000024   Code   RO         3970    i.rt_interrupt_leave  irq.o
    0x0800cda4   0x00000054   Code   RO         4016    i.rt_kprintf        kservice.o
    0x0800cdf8   0x00000214   Code   RO         4206    i.rt_malloc         mem.o
    0x0800d00c   0x000000c2   Code   RO         4020    i.rt_memcpy         kservice.o
    0x0800d0ce   0x0000006c   Code   RO         4021    i.rt_memmove        kservice.o
    0x0800d13a   0x00000002   PAD
    0x0800d13c   0x000000d0   Code   RO         4022    i.rt_memset         kservice.o
    0x0800d20c   0x00000084   Code   RO         3752    i.rt_mutex_create   ipc.o
    0x0800d290   0x0000012c   Code   RO         3753    i.rt_mutex_delete   ipc.o
    0x0800d3bc   0x00000054   Code   RO         3755    i.rt_mutex_init     ipc.o
    0x0800d410   0x00000198   Code   RO         3756    i.rt_mutex_release  ipc.o
    0x0800d5a8   0x00000248   Code   RO         3757    i.rt_mutex_take     ipc.o
    0x0800d7f0   0x000000e0   Code   RO         4332    i.rt_object_allocate  object.o
    0x0800d8d0   0x000000a0   Code   RO         4334    i.rt_object_delete  object.o
    0x0800d970   0x0000005c   Code   RO         4335    i.rt_object_detach  object.o
    0x0800d9cc   0x00000040   Code   RO         4338    i.rt_object_get_information  object.o
    0x0800da0c   0x00000034   Code   RO         4339    i.rt_object_get_type  object.o
    0x0800da40   0x00000074   Code   RO         4340    i.rt_object_init    object.o
    0x0800dab4   0x00000038   Code   RO         4341    i.rt_object_is_systemobject  object.o
    0x0800daec   0x00000048   Code   RO         5467    i.rt_pin_mode       pin.o
    0x0800db34   0x00000044   Code   RO         5468    i.rt_pin_read       pin.o
    0x0800db78   0x00000048   Code   RO         5469    i.rt_pin_write      pin.o
    0x0800dbc0   0x00000128   Code   RO         4209    i.rt_realloc        mem.o
    0x0800dce8   0x00000070   Code   RO         5841    i.rt_ringbuffer_create  ringbuffer.o
    0x0800dd58   0x00000040   Code   RO         5842    i.rt_ringbuffer_data_len  ringbuffer.o
    0x0800dd98   0x00000034   Code   RO         5843    i.rt_ringbuffer_destroy  ringbuffer.o
    0x0800ddcc   0x00000064   Code   RO         5845    i.rt_ringbuffer_getchar  ringbuffer.o
    0x0800de30   0x00000054   Code   RO         5846    i.rt_ringbuffer_init  ringbuffer.o
    0x0800de84   0x000000c8   Code   RO         5848    i.rt_ringbuffer_put_force  ringbuffer.o
    0x0800df4c   0x00000130   Code   RO         4432    i.rt_schedule       scheduler.o
    0x0800e07c   0x00000070   Code   RO         4433    i.rt_schedule_insert_thread  scheduler.o
    0x0800e0ec   0x00000070   Code   RO         4434    i.rt_schedule_remove_thread  scheduler.o
    0x0800e15c   0x00000094   Code   RO         3758    i.rt_sem_control    ipc.o
    0x0800e1f0   0x0000007c   Code   RO         3759    i.rt_sem_create     ipc.o
    0x0800e26c   0x0000011c   Code   RO         3760    i.rt_sem_delete     ipc.o
    0x0800e388   0x000000b4   Code   RO         3761    i.rt_sem_detach     ipc.o
    0x0800e43c   0x00000044   Code   RO         3762    i.rt_sem_init       ipc.o
    0x0800e480   0x00000084   Code   RO         3763    i.rt_sem_release    ipc.o
    0x0800e504   0x000001d8   Code   RO         3764    i.rt_sem_take       ipc.o
    0x0800e6dc   0x0000016c   Code   RO         5536    i.rt_serial_close   serial.o
    0x0800e848   0x000000fc   Code   RO         5537    i.rt_serial_control  serial.o
    0x0800e944   0x00000048   Code   RO         5538    i.rt_serial_init    serial.o
    0x0800e98c   0x00000244   Code   RO         5539    i.rt_serial_open    serial.o
    0x0800ebd0   0x0000035c   Code   RO         5540    i.rt_serial_read    serial.o
    0x0800ef2c   0x00000128   Code   RO         5541    i.rt_serial_write   serial.o
    0x0800f054   0x00000024   Code   RO         4023    i.rt_set_errno      kservice.o
    0x0800f078   0x000000b0   Code   RO         4024    i.rt_show_version   kservice.o
    0x0800f128   0x00000014   Code   RO         4025    i.rt_snprintf       kservice.o
    0x0800f13c   0x0000001a   Code   RO         4028    i.rt_strcmp         kservice.o
    0x0800f156   0x0000002e   Code   RO         4029    i.rt_strdup         kservice.o
    0x0800f184   0x00000010   Code   RO         4030    i.rt_strlen         kservice.o
    0x0800f194   0x00000026   Code   RO         4031    i.rt_strncmp        kservice.o
    0x0800f1ba   0x00000002   PAD
    0x0800f1bc   0x00000060   Code   RO         4032    i.rt_strncpy        kservice.o
    0x0800f21c   0x00000104   Code   RO         4210    i.rt_system_heap_init  mem.o
    0x0800f320   0x00000038   Code   RO         4436    i.rt_system_scheduler_init  scheduler.o
    0x0800f358   0x00000028   Code   RO         4437    i.rt_system_scheduler_start  scheduler.o
    0x0800f380   0x0000000c   Code   RO         4640    i.rt_system_timer_init  timer.o
    0x0800f38c   0x00000002   Code   RO         4641    i.rt_system_timer_thread_init  timer.o
    0x0800f38e   0x00000002   PAD
    0x0800f390   0x00000120   Code   RO         4513    i.rt_thread_control  thread.o
    0x0800f4b0   0x00000046   Code   RO         4514    i.rt_thread_create  thread.o
    0x0800f4f6   0x00000008   Code   RO         4515    i.rt_thread_delay   thread.o
    0x0800f4fe   0x00000002   PAD
    0x0800f500   0x000000c8   Code   RO         4516    i.rt_thread_delete  thread.o
    0x0800f5c8   0x0000005c   Code   RO         4518    i.rt_thread_exit    thread.o
    0x0800f624   0x000000c8   Code   RO         3682    i.rt_thread_idle_entry  idle.o
    0x0800f6ec   0x000000d8   Code   RO         3683    i.rt_thread_idle_excute  idle.o
    0x0800f7c4   0x00000040   Code   RO         3685    i.rt_thread_idle_init  idle.o
    0x0800f804   0x00000078   Code   RO         4520    i.rt_thread_init    thread.o
    0x0800f87c   0x0000009c   Code   RO         4523    i.rt_thread_resume  thread.o
    0x0800f918   0x0000000c   Code   RO         4525    i.rt_thread_self    thread.o
    0x0800f924   0x000000dc   Code   RO         4526    i.rt_thread_sleep   thread.o
    0x0800fa00   0x0000011c   Code   RO         4527    i.rt_thread_startup  thread.o
    0x0800fb1c   0x00000084   Code   RO         4528    i.rt_thread_suspend  thread.o
    0x0800fba0   0x000000c4   Code   RO         4530    i.rt_thread_timeout  thread.o
    0x0800fc64   0x0000005c   Code   RO         4531    i.rt_thread_yield   thread.o
    0x0800fcc0   0x00000020   Code   RO         3480    i.rt_tick_from_millisecond  clock.o
    0x0800fce0   0x0000000c   Code   RO         3481    i.rt_tick_get       clock.o
    0x0800fcec   0x00000028   Code   RO         3482    i.rt_tick_increase  clock.o
    0x0800fd14   0x00000088   Code   RO         4642    i.rt_timer_check    timer.o
    0x0800fd9c   0x000000b4   Code   RO         4643    i.rt_timer_control  timer.o
    0x0800fe50   0x000000e0   Code   RO         4646    i.rt_timer_detach   timer.o
    0x0800ff30   0x00000058   Code   RO         4647    i.rt_timer_init     timer.o
    0x0800ff88   0x0000016c   Code   RO         4649    i.rt_timer_start    timer.o
    0x080100f4   0x000000c0   Code   RO         4650    i.rt_timer_stop     timer.o
    0x080101b4   0x00000318   Code   RO         4035    i.rt_vsnprintf      kservice.o
    0x080104cc   0x00000118   Code   RO         5916    i.rt_wqueue_wait    waitqueue.o
    0x080105e4   0x00000060   Code   RO         5917    i.rt_wqueue_wakeup  waitqueue.o
    0x08010644   0x00000004   Code   RO         3522    i.rti_board_end     components.o
    0x08010648   0x00000004   Code   RO         3523    i.rti_board_start   components.o
    0x0801064c   0x00000004   Code   RO         3524    i.rti_end           components.o
    0x08010650   0x00000004   Code   RO         3525    i.rti_start         components.o
    0x08010654   0x00000028   Code   RO         7070    i.sal_get_socket    sal_socket.o
    0x0801067c   0x00000108   Code   RO         7077    i.sal_init          sal_socket.o
    0x08010784   0x00000148   Code   RO         7025    i.sal_ip4addr_aton  sal_ipaddr.o
    0x080108cc   0x00000016   Code   RO         7028    i.sal_ipaddr_addr   sal_ipaddr.o
    0x080108e2   0x00000002   PAD
    0x080108e4   0x000000f8   Code   RO         7082    i.sal_proto_family_register  sal_socket.o
    0x080109dc   0x00000016   Code   RO         5542    i.serial_fops_close  serial.o
    0x080109f2   0x0000000a   Code   RO         5543    i.serial_fops_ioctl  serial.o
    0x080109fc   0x0000006c   Code   RO         5544    i.serial_fops_open  serial.o
    0x08010a68   0x00000074   Code   RO         5545    i.serial_fops_poll  serial.o
    0x08010adc   0x00000038   Code   RO         5546    i.serial_fops_read  serial.o
    0x08010b14   0x0000000e   Code   RO         5547    i.serial_fops_rx_ind  serial.o
    0x08010b22   0x00000012   Code   RO         5548    i.serial_fops_write  serial.o
    0x08010b34   0x000000ac   Code   RO          497    i.stm32_pin_attach_irq  drv_gpio.o
    0x08010be0   0x00000080   Code   RO          498    i.stm32_pin_dettach_irq  drv_gpio.o
    0x08010c60   0x0000012c   Code   RO          499    i.stm32_pin_irq_enable  drv_gpio.o
    0x08010d8c   0x00000078   Code   RO          500    i.stm32_pin_mode    drv_gpio.o
    0x08010e04   0x0000002c   Code   RO          501    i.stm32_pin_read    drv_gpio.o
    0x08010e30   0x0000002c   Code   RO          502    i.stm32_pin_write   drv_gpio.o
    0x08010e5c   0x00000018   Code   RO         5145    i.unlink            dfs_posix.o
    0x08010e74   0x0000004c   Code   RO         3397    i.urc_close_func    at_socket_esp8266.o
    0x08010ec0   0x00000034   Code   RO         3398    i.urc_iot_connext_status  at_socket_esp8266.o
    0x08010ef4   0x0000008c   Code   RO         3399    i.urc_ping_func     at_socket_esp8266.o
    0x08010f80   0x000001a0   Code   RO         3400    i.urc_recv_func     at_socket_esp8266.o
    0x08011120   0x00000054   Code   RO         3401    i.urc_send_bfsz_func  at_socket_esp8266.o
    0x08011174   0x0000000a   Code   RO         6116    i.version           cmd.o
    0x0801117e   0x00000002   PAD
    0x08011180   0x00000044   Code   RO         5146    i.write             dfs_posix.o
    0x080111c4   0x00000048   Data   RO          417    .constdata          drv_usart.o
    0x0801120c   0x00000598   Data   RO          503    .constdata          drv_gpio.o
    0x080117a4   0x00000019   Data   RO          591    .constdata          system_stm32l0xx.o
    0x080117bd   0x00000008   Data   RO          592    .constdata          system_stm32l0xx.o
    0x080117c5   0x00000003   PAD
    0x080117c8   0x0000007d   Data   RO         3402    .constdata          at_socket_esp8266.o
    0x08011845   0x00000014   Data   RO         3527    .constdata          components.o
    0x08011859   0x000000d8   Data   RO         3598    .constdata          device.o
    0x08011931   0x00000016   Data   RO         3688    .constdata          idle.o
    0x08011947   0x000001f7   Data   RO         3766    .constdata          ipc.o
    0x08011b3e   0x00000122   Data   RO         4038    .constdata          kservice.o
    0x08011c60   0x00000046   Data   RO         4212    .constdata          mem.o
    0x08011ca6   0x00000080   Data   RO         4346    .constdata          object.o
    0x08011d26   0x0000004e   Data   RO         4439    .constdata          scheduler.o
    0x08011d74   0x000000b9   Data   RO         4532    .constdata          thread.o
    0x08011e2d   0x0000005c   Data   RO         4652    .constdata          timer.o
    0x08011e89   0x00000023   Data   RO         4799    .constdata          dfs.o
    0x08011eac   0x00000040   Data   RO         5058    .constdata          dfs_fs.o
    0x08011eec   0x00000024   Data   RO         5395    .constdata          devfs.o
    0x08011f10   0x000000a1   Data   RO         5396    .constdata          devfs.o
    0x08011fb1   0x0000007d   Data   RO         5471    .constdata          pin.o
    0x0801202e   0x00000002   PAD
    0x08012030   0x00000170   Data   RO         5549    .constdata          serial.o
    0x080121a0   0x00000039   Data   RO         5677    .constdata          completion.o
    0x080121d9   0x0000004b   Data   RO         5704    .constdata          dataqueue.o
    0x08012224   0x000000d6   Data   RO         5852    .constdata          ringbuffer.o
    0x080122fa   0x0000000f   Data   RO         5918    .constdata          waitqueue.o
    0x08012309   0x0000004a   Data   RO         6017    .constdata          shell.o
    0x08012353   0x00000001   PAD
    0x08012354   0x00000050   Data   RO         6117    .constdata          cmd.o
    0x080123a4   0x0000000e   Data   RO         6244    .constdata          msh.o
    0x080123b2   0x0000000c   Data   RO         6697    .constdata          at_cli.o
    0x080123be   0x000000d7   Data   RO         6792    .constdata          at_client.o
    0x08012495   0x00000068   Data   RO         6909    .constdata          at_socket.o
    0x080124fd   0x00000011   Data   RO         7030    .constdata          sal_ipaddr.o
    0x0801250e   0x00000002   PAD
    0x08012510   0x0000006a   Data   RO         7267    .constdata          af_inet_at.o
    0x0801257a   0x00000081   Data   RO         7467    .constdata          mc_p.l(ctype_o.o)
    0x080125fb   0x00000001   PAD
    0x080125fc   0x00000004   Data   RO         7468    .constdata          mc_p.l(ctype_o.o)
    0x08012600   0x00000135   Data   RO         3403    .conststring        at_socket_esp8266.o
    0x08012735   0x00000003   PAD
    0x08012738   0x000000cf   Data   RO         3767    .conststring        ipc.o
    0x08012807   0x00000001   PAD
    0x08012808   0x000000ed   Data   RO         4213    .conststring        mem.o
    0x080128f5   0x00000003   PAD
    0x080128f8   0x00000042   Data   RO         4533    .conststring        thread.o
    0x0801293a   0x00000002   PAD
    0x0801293c   0x0000000b   Data   RO         5059    .conststring        dfs_fs.o
    0x08012947   0x00000001   PAD
    0x08012948   0x00000006   Data   RO         5397    .conststring        devfs.o
    0x0801294e   0x00000002   PAD
    0x08012950   0x0000015d   Data   RO         6118    .conststring        cmd.o
    0x08012aad   0x00000003   PAD
    0x08012ab0   0x0000008c   Data   RO         6698    .conststring        at_cli.o
    0x08012b3c   0x0000023f   Data   RO         6793    .conststring        at_client.o
    0x08012d7b   0x00000001   PAD
    0x08012d7c   0x00000062   Data   RO         6910    .conststring        at_socket.o
    0x08012dde   0x00000015   Data   RO            4    .rodata.name        application.o
    0x08012df3   0x00000024   Data   RO            5    .rodata.name        application.o
    0x08012e17   0x00000015   Data   RO            6    .rodata.name        application.o
    0x08012e2c   0x00000015   Data   RO            7    .rodata.name        application.o
    0x08012e41   0x0000000c   Data   RO          307    .rodata.name        board.o
    0x08012e4d   0x0000000c   Data   RO          308    .rodata.name        board.o
    0x08012e59   0x00000012   Data   RO         3405    .rodata.name        at_socket_esp8266.o
    0x08012e6b   0x00000016   Data   RO         3406    .rodata.name        at_socket_esp8266.o
    0x08012e81   0x0000000e   Data   RO         3407    .rodata.name        at_socket_esp8266.o
    0x08012e8f   0x00000015   Data   RO         3408    .rodata.name        at_socket_esp8266.o
    0x08012ea4   0x00000009   Data   RO         4215    .rodata.name        mem.o
    0x08012ead   0x0000001e   Data   RO         4216    .rodata.name        mem.o
    0x08012ecb   0x0000000e   Data   RO         4801    .rodata.name        dfs.o
    0x08012ed9   0x00000015   Data   RO         4802    .rodata.name        dfs.o
    0x08012eee   0x00000003   Data   RO         4948    .rodata.name        dfs_file.o
    0x08012ef1   0x00000018   Data   RO         4949    .rodata.name        dfs_file.o
    0x08012f09   0x00000003   Data   RO         4950    .rodata.name        dfs_file.o
    0x08012f0c   0x0000001c   Data   RO         4951    .rodata.name        dfs_file.o
    0x08012f28   0x00000004   Data   RO         4952    .rodata.name        dfs_file.o
    0x08012f2c   0x0000000b   Data   RO         4953    .rodata.name        dfs_file.o
    0x08012f37   0x00000005   Data   RO         4954    .rodata.name        dfs_file.o
    0x08012f3c   0x00000011   Data   RO         4955    .rodata.name        dfs_file.o
    0x08012f4d   0x00000005   Data   RO         5060    .rodata.name        dfs_fs.o
    0x08012f52   0x00000013   Data   RO         5061    .rodata.name        dfs_fs.o
    0x08012f65   0x00000003   Data   RO         5062    .rodata.name        dfs_fs.o
    0x08012f68   0x0000000e   Data   RO         5063    .rodata.name        dfs_fs.o
    0x08012f76   0x00000006   Data   RO         5147    .rodata.name        dfs_posix.o
    0x08012f7c   0x00000013   Data   RO         5148    .rodata.name        dfs_posix.o
    0x08012f8f   0x00000003   Data   RO         5149    .rodata.name        dfs_posix.o
    0x08012f92   0x00000021   Data   RO         5150    .rodata.name        dfs_posix.o
    0x08012fb3   0x00000008   Data   RO         5472    .rodata.name        pin.o
    0x08012fbb   0x00000016   Data   RO         5473    .rodata.name        pin.o
    0x08012fd1   0x00000009   Data   RO         5474    .rodata.name        pin.o
    0x08012fda   0x0000001c   Data   RO         5475    .rodata.name        pin.o
    0x08012ff6   0x00000008   Data   RO         5476    .rodata.name        pin.o
    0x08012ffe   0x0000001e   Data   RO         5477    .rodata.name        pin.o
    0x0801301c   0x00000006   Data   RO         6119    .rodata.name        cmd.o
    0x08013022   0x00000010   Data   RO         6120    .rodata.name        cmd.o
    0x08013032   0x00000008   Data   RO         6121    .rodata.name        cmd.o
    0x0801303a   0x00000023   Data   RO         6122    .rodata.name        cmd.o
    0x0801305d   0x0000000e   Data   RO         6123    .rodata.name        cmd.o
    0x0801306b   0x00000023   Data   RO         6124    .rodata.name        cmd.o
    0x0801308e   0x0000000c   Data   RO         6125    .rodata.name        cmd.o
    0x0801309a   0x0000000c   Data   RO         6126    .rodata.name        cmd.o
    0x080130a6   0x00000012   Data   RO         6127    .rodata.name        cmd.o
    0x080130b8   0x0000000c   Data   RO         6128    .rodata.name        cmd.o
    0x080130c4   0x00000009   Data   RO         6129    .rodata.name        cmd.o
    0x080130cd   0x00000019   Data   RO         6130    .rodata.name        cmd.o
    0x080130e6   0x0000000f   Data   RO         6131    .rodata.name        cmd.o
    0x080130f5   0x00000019   Data   RO         6132    .rodata.name        cmd.o
    0x0801310e   0x0000000b   Data   RO         6133    .rodata.name        cmd.o
    0x08013119   0x00000015   Data   RO         6134    .rodata.name        cmd.o
    0x0801312e   0x00000011   Data   RO         6135    .rodata.name        cmd.o
    0x0801313f   0x00000015   Data   RO         6136    .rodata.name        cmd.o
    0x08013154   0x0000000b   Data   RO         6137    .rodata.name        cmd.o
    0x0801315f   0x00000015   Data   RO         6138    .rodata.name        cmd.o
    0x08013174   0x00000011   Data   RO         6139    .rodata.name        cmd.o
    0x08013185   0x00000015   Data   RO         6140    .rodata.name        cmd.o
    0x0801319a   0x0000000d   Data   RO         6141    .rodata.name        cmd.o
    0x080131a7   0x00000018   Data   RO         6142    .rodata.name        cmd.o
    0x080131bf   0x00000013   Data   RO         6143    .rodata.name        cmd.o
    0x080131d2   0x00000018   Data   RO         6144    .rodata.name        cmd.o
    0x080131ea   0x0000000e   Data   RO         6145    .rodata.name        cmd.o
    0x080131f8   0x0000001d   Data   RO         6146    .rodata.name        cmd.o
    0x08013215   0x00000014   Data   RO         6147    .rodata.name        cmd.o
    0x08013229   0x0000001d   Data   RO         6148    .rodata.name        cmd.o
    0x08013246   0x0000000d   Data   RO         6149    .rodata.name        cmd.o
    0x08013253   0x0000001b   Data   RO         6150    .rodata.name        cmd.o
    0x0801326e   0x00000013   Data   RO         6151    .rodata.name        cmd.o
    0x08013281   0x0000001b   Data   RO         6152    .rodata.name        cmd.o
    0x0801329c   0x0000000b   Data   RO         6153    .rodata.name        cmd.o
    0x080132a7   0x00000015   Data   RO         6154    .rodata.name        cmd.o
    0x080132bc   0x00000011   Data   RO         6155    .rodata.name        cmd.o
    0x080132cd   0x00000015   Data   RO         6156    .rodata.name        cmd.o
    0x080132e2   0x0000000c   Data   RO         6157    .rodata.name        cmd.o
    0x080132ee   0x00000016   Data   RO         6158    .rodata.name        cmd.o
    0x08013304   0x00000012   Data   RO         6159    .rodata.name        cmd.o
    0x08013316   0x00000016   Data   RO         6160    .rodata.name        cmd.o
    0x0801332c   0x00000005   Data   RO         6161    .rodata.name        cmd.o
    0x08013331   0x0000001a   Data   RO         6162    .rodata.name        cmd.o
    0x0801334b   0x0000000b   Data   RO         6245    .rodata.name        msh.o
    0x08013356   0x00000016   Data   RO         6246    .rodata.name        msh.o
    0x0801336c   0x00000009   Data   RO         6295    .rodata.name        msh_cmd.o
    0x08013375   0x00000022   Data   RO         6296    .rodata.name        msh_cmd.o
    0x08013397   0x00000009   Data   RO         6297    .rodata.name        msh_cmd.o
    0x080133a0   0x00000015   Data   RO         6298    .rodata.name        msh_cmd.o
    0x080133b5   0x00000009   Data   RO         6299    .rodata.name        msh_cmd.o
    0x080133be   0x00000017   Data   RO         6300    .rodata.name        msh_cmd.o
    0x080133d5   0x0000000a   Data   RO         6301    .rodata.name        msh_cmd.o
    0x080133df   0x00000014   Data   RO         6302    .rodata.name        msh_cmd.o
    0x080133f3   0x00000009   Data   RO         6303    .rodata.name        msh_cmd.o
    0x080133fc   0x0000001c   Data   RO         6304    .rodata.name        msh_cmd.o
    0x08013418   0x00000009   Data   RO         6305    .rodata.name        msh_cmd.o
    0x08013421   0x00000024   Data   RO         6306    .rodata.name        msh_cmd.o
    0x08013445   0x0000000a   Data   RO         6307    .rodata.name        msh_cmd.o
    0x0801344f   0x00000031   Data   RO         6308    .rodata.name        msh_cmd.o
    0x08013480   0x0000000c   Data   RO         6309    .rodata.name        msh_cmd.o
    0x0801348c   0x00000016   Data   RO         6310    .rodata.name        msh_cmd.o
    0x080134a2   0x0000000b   Data   RO         6311    .rodata.name        msh_cmd.o
    0x080134ad   0x0000001d   Data   RO         6312    .rodata.name        msh_cmd.o
    0x080134ca   0x00000009   Data   RO         6313    .rodata.name        msh_cmd.o
    0x080134d3   0x0000000a   Data   RO         6314    .rodata.name        msh_cmd.o
    0x080134dd   0x0000000b   Data   RO         6315    .rodata.name        msh_cmd.o
    0x080134e8   0x00000014   Data   RO         6316    .rodata.name        msh_cmd.o
    0x080134fc   0x00000009   Data   RO         6317    .rodata.name        msh_cmd.o
    0x08013505   0x0000001c   Data   RO         6318    .rodata.name        msh_cmd.o
    0x08013521   0x0000000b   Data   RO         6319    .rodata.name        msh_cmd.o
    0x0801352c   0x0000001b   Data   RO         6320    .rodata.name        msh_cmd.o
    0x08013547   0x0000000b   Data   RO         6321    .rodata.name        msh_cmd.o
    0x08013552   0x00000025   Data   RO         6322    .rodata.name        msh_cmd.o
    0x08013577   0x00000009   Data   RO         6700    .rodata.name        at_cli.o
    0x08013580   0x0000003a   Data   RO         6701    .rodata.name        at_cli.o
    0x080135ba   0x00000002   PAD
    0x080135bc   0x00000004   Data   RO         3528    .rti_fn.0           components.o
    0x080135c0   0x00000004   Data   RO         3529    .rti_fn.0.end       components.o
    0x080135c4   0x00000004   Data   RO          418    .rti_fn.1           drv_usart.o
    0x080135c8   0x00000004   Data   RO          505    .rti_fn.1           drv_gpio.o
    0x080135cc   0x00000004   Data   RO         3530    .rti_fn.1.end       components.o
    0x080135d0   0x00000004   Data   RO         4803    .rti_fn.2           dfs.o
    0x080135d4   0x00000004   Data   RO         6416    .rti_fn.4           libc.o
    0x080135d8   0x00000004   Data   RO         7094    .rti_fn.4           sal_socket.o
    0x080135dc   0x00000004   Data   RO         7268    .rti_fn.4           af_inet_at.o
    0x080135e0   0x00000004   Data   RO         3409    .rti_fn.6           at_socket_esp8266.o
    0x080135e4   0x00000004   Data   RO         6019    .rti_fn.6           shell.o
    0x080135e8   0x00000004   Data   RO         3531    .rti_fn.6.end       components.o
    0x080135ec   0x00000018   Data   RO            8    FSymTab             application.o
    0x08013604   0x0000000c   Data   RO          309    FSymTab             board.o
    0x08013610   0x00000018   Data   RO         3410    FSymTab             at_socket_esp8266.o
    0x08013628   0x0000000c   Data   RO         4217    FSymTab             mem.o
    0x08013634   0x0000000c   Data   RO         4804    FSymTab             dfs.o
    0x08013640   0x00000030   Data   RO         4956    FSymTab             dfs_file.o
    0x08013670   0x00000018   Data   RO         5064    FSymTab             dfs_fs.o
    0x08013688   0x00000018   Data   RO         5151    FSymTab             dfs_posix.o
    0x080136a0   0x00000024   Data   RO         5478    FSymTab             pin.o
    0x080136c4   0x00000108   Data   RO         6163    FSymTab             cmd.o
    0x080137cc   0x0000000c   Data   RO         6247    FSymTab             msh.o
    0x080137d8   0x000000a8   Data   RO         6323    FSymTab             msh_cmd.o
    0x08013880   0x0000000c   Data   RO         6702    FSymTab             at_cli.o
    0x0801388c   0x00000020   Data   RO         7865    Region$$Table       anon$$obj.o


    Execution Region RW_IRAM1 (Base: 0x20000000, Size: 0x000014a0, Max: 0x00005000, ABSOLUTE, COMPRESSED[0x00000098])

    Base Addr    Size         Type   Attr      Idx    E Section Name        Object

    0x20000000   0x0000000c   Data   RW          504    .data               drv_gpio.o
    0x2000000c   0x00000004   Data   RW          593    .data               system_stm32l0xx.o
    0x20000010   0x00000004   Data   RW          652    .data               stm32l0xx_hal.o
    0x20000014   0x0000006c   Data   RW         3404    .data               at_socket_esp8266.o
    0x20000080   0x00000004   Data   RW         3484    .data               clock.o
    0x20000084   0x0000000c   Data   RW         3972    .data               irq.o
    0x20000090   0x0000000c   Data   RW         4039    .data               kservice.o
    0x2000009c   0x00000020   Data   RW         4214    .data               mem.o
    0x200000bc   0x000000a4   Data   RW         4347    .data               object.o
    0x20000160   0x00000018   Data   RW         4440    .data               scheduler.o
    0x20000178   0x0000000c   Data   RW         4534    .data               thread.o
    0x20000184   0x00000010   Data   RW         4653    .data               timer.o
    0x20000194   0x00000004   Data   RW         4727    .data               cpuport.o
    0x20000198   0x00000004   Data   RW         4728    .data               cpuport.o
    0x2000019c   0x00000004   Data   RW         4729    .data               cpuport.o
    0x200001a0   0x00000114   Data   RW         4800    .data               dfs.o
    0x200002b4   0x00000008   Data   RW         6018    .data               shell.o
    0x200002bc   0x00000004   Data   RW         6085    .data               symbol.o
    0x200002c0   0x00000004   Data   RW         6086    .data               symbol.o
    0x200002c4   0x00000004   Data   RW         6470    .data               stdio.o
    0x200002c8   0x00000010   Data   RW         6699    .data               at_cli.o
    0x200002d8   0x00000004   Data   RW         6745    .data               at_utils.o
    0x200002dc   0x00000004   Data   RW         6794    .data               at_client.o
    0x200002e0   0x00000014   Data   RW         6911    .data               at_socket.o
    0x200002f4   0x0000000c   Data   RW         7093    .data               sal_socket.o
    0x20000300   0x00000004   Data   RW         7455    .data               mc_p.l(stdin.o)
    0x20000304   0x00000004   Data   RW         7811    .data               mc_p.l(errno.o)
    0x20000308   0x00000438   Zero   RW          416    .bss                drv_usart.o
    0x20000740   0x00000190   Zero   RW         3687    .bss                idle.o
    0x200008d0   0x00000080   Zero   RW         4037    .bss                kservice.o
    0x20000950   0x00000020   Zero   RW         4211    .bss                mem.o
    0x20000970   0x00000100   Zero   RW         4438    .bss                scheduler.o
    0x20000a70   0x00000044   Zero   RW         4798    .bss                dfs.o
    0x20000ab4   0x00000124   Zero   RW         4947    .bss                dfs_file.o
    0x20000bd8   0x00000054   Zero   RW         5470    .bss                pin.o
    0x20000c2c   0x00000081   Zero   RW         6016    .bss                shell.o
    0x20000cad   0x00000003   PAD
    0x20000cb0   0x00000040   Zero   RW         6696    .bss                at_cli.o
    0x20000cf0   0x00000080   Zero   RW         6744    .bss                at_utils.o
    0x20000d70   0x00000034   Zero   RW         6791    .bss                at_client.o
    0x20000da4   0x00000241   Zero   RW         6908    .bss                at_socket.o
    0x20000fe5   0x00000003   PAD
    0x20000fe8   0x000000b4   Zero   RW         7091    .bss                sal_socket.o
    0x2000109c   0x00000004   PAD
    0x200010a0   0x00000400   Zero   RW         3381    STACK               startup_stm32l071xx.o


==============================================================================

Image component sizes


      Code (inc. data)   RO Data    RW Data    ZI Data      Debug   Object Name

       148         20        110          0          0       6436   af_inet_at.o
      1168        542        123          0          0      36774   application.o
      1108        368        231         16         64       6008   at_cli.o
      3844       1256        790          4         52      16709   at_client.o
      5906       1980        202         20        577      28088   at_socket.o
      3740       1360        537        108          0      14863   at_socket_esp8266.o
        84         24          0          4        128       2094   at_utils.o
       458        152         36          0          0       3092   board.o
        84         14          0          4          0       1676   clock.o
      3022       1294       1508          0          0      20846   cmd.o
       472        180         57          0          0       2915   completion.o
       272         70         36          0          0       4784   components.o
       216         32          0          0          0        764   context_rvds.o
       304        166          0         12          0       2510   cpuport.o
      1040        228         75          0          0       5775   dataqueue.o
       960        268        203          0          0       8625   devfs.o
      1472        624        216          0          0      12764   device.o
      1604        362         86        276         68      23659   dfs.o
      2476        410        143          0        292      15649   dfs_file.o
      1274        150        140          0          0       8642   dfs_fs.o
      1090         50         85          0          0      11472   dfs_posix.o
      1000        110       1436         12          0      10160   drv_gpio.o
      1260        304         76          0       1080      15318   drv_usart.o
       480         94         22          0        400       5640   idle.o
      3560       1218        710          0          0      37833   ipc.o
        84         14          0         12          0       1974   irq.o
      2482        260        290         12        128      20967   kservice.o
         0          0          0          0          0     297608   ledapp.o
        20          0          4          0          0       1320   libc.o
      2028        814        358         32         32       6684   mem.o
        16          0          0          0          0       1060   mem_std.o
      1356        190         59          0          0       7335   msh.o
      1216        574        691          0          0      12112   msh_cmd.o
       320         20          0          0          0       2118   msh_file.o
       764        264        128        164          0       9566   object.o
       480        178        266          0         84       8126   pin.o
         0          0          0          0          0      13988   poll.o
       612        124        214          0          0       8417   ringbuffer.o
       350         24         17          0          0       2848   sal_ipaddr.o
       552        248          4         12        180       5321   sal_socket.o
       692        218         78         24        256       7948   scheduler.o
      3520        810        368          0          0      33475   serial.o
      1558        196         78          8        129       7175   shell.o
        28          8        192          0       1024        704   startup_stm32l071xx.o
        92         18          0          4          0       1575   stdio.o
       100         24          0          4          0       3015   stm32l0xx_hal.o
       230         48          0          0          0      13076   stm32l0xx_hal_cortex.o
       434         36          0          0          0       3518   stm32l0xx_hal_gpio.o
         2          0          0          0          0        482   stm32l0xx_hal_msp_template.o
        16          4          0          0          0        495   stm32l0xx_hal_pwr.o
      1984        136          0          0          0       6878   stm32l0xx_hal_rcc.o
       784         52          0          0          0       2997   stm32l0xx_hal_rcc_ex.o
      1214         78          0          0          0       5349   stm32l0xx_hal_uart.o
       174          0          0          0          0       2299   stm32l0xx_it.o
        26          0          0          0          0       1804   stubs.o
         0          0          0          8          0       5053   symbol.o
        84         18         33          4          0       1403   system_stm32l0xx.o
      2058        532        251         12          0      15063   thread.o
      1198        482         92         16          0       9907   timer.o
       380         52         15          0          0       3457   waitqueue.o

    ----------------------------------------------------------------------
     61942      16698      10018        768       4504     828213   Object Totals
         0          0         32          0          0          0   (incl. Generated)
        46          0         26          0         10          0   (incl. Padding)

    ----------------------------------------------------------------------

      Code (inc. data)   RO Data    RW Data    ZI Data      Debug   Library Member Name

        60         10          0          0          0         84   __0sscanf.o
        86          0          0          0          0          0   __dczerorl2.o
        30          0          0          0          0         60   _chval.o
       824         12          0          0          0         84   _scanf.o
       330          0          0          0          0         84   _scanf_int.o
       330          0          0          0          0         84   _scanf_longlong.o
       232          0          0          0          0         84   _scanf_str.o
        68          0          0          0          0         76   _sgetc.o
       166          0          0          0          0         84   _strtoul.o
        26          0          0          0          0         72   atoi.o
         8          4        133          0          0         60   ctype_o.o
         0          0          0          0          0          0   entry.o
         0          0          0          0          0          0   entry10a.o
         0          0          0          0          0          0   entry11a.o
         8          4          0          0          0          0   entry2.o
         4          0          0          0          0          0   entry5.o
         0          0          0          0          0          0   entry7b.o
         0          0          0          0          0          0   entry8b.o
         8          4          0          0          0          0   entry9a.o
         8          4          0          4          0         60   errno.o
         8          0          0          0          0         68   getc.o
        30          0          0          0          0          0   handlers.o
        40          0          0          0          0         72   idiv.o
        36          8          0          0          0         68   init.o
        18          0          0          0          0         68   isspace_o.o
         0          0          0          0          0          0   iusefp.o
        76          0          0          0          0         76   ldiv.o
       122          0          0          0          0         84   llmul.o
        32          0          0          0          0         68   llshl.o
        38          0          0          0          0         68   llsshr.o
        34          0          0          0          0         68   llushr.o
        26          0          0          0          0         72   memcmp.o
        36          0          0          0          0         60   memcpya.o
        36          0          0          0          0        100   memseta.o
      2388        104          0          0          0        688   printfa.o
        44          8          0          0          0         84   scanf_char.o
       898         12          0          0          0        184   scanf_fp.o
         0          0          0          4          0          0   stdin.o
        24          0          0          0          0         60   strcat.o
        20          0          0          0          0         60   strchr.o
        28          0          0          0          0         68   strcmp.o
        18          0          0          0          0         60   strcpy.o
        14          0          0          0          0         60   strlen.o
        30          0          0          0          0         72   strncmp.o
        26          0          0          0          0         68   strncpy.o
        32          0          0          0          0         60   strrchr.o
        40          0          0          0          0         72   strstr.o
       112          4          0          0          0         76   strtol.o
        44          0          0          0          0         72   uidiv.o
        96          0          0          0          0         84   uldiv.o
        48          8          0          0          0         72   vsscanf.o
        40          2          0          0          0         68   cdrcmple.o
        56          0          0          0          0         68   d2f.o
       356          4          0          0          0        140   dadd.o
       240          6          0          0          0         84   ddiv.o
       236          0          0          0          0        216   depilogue.o
        64         10          0          0          0         68   dfixul.o
        28          6          0          0          0         68   dfltul.o
       208          6          0          0          0         88   dmul.o
       130          0          0          0          0        144   fepilogue.o

    ----------------------------------------------------------------------
      7950        216        134          8          0       4488   Library Totals
        10          0          1          0          0          0   (incl. Padding)

    ----------------------------------------------------------------------

      Code (inc. data)   RO Data    RW Data    ZI Data      Debug   Library Name

      6582        182        133          8          0       3544   mc_p.l
      1358         34          0          0          0        944   mf_p.l

    ----------------------------------------------------------------------
      7950        216        134          8          0       4488   Library Totals

    ----------------------------------------------------------------------

==============================================================================


      Code (inc. data)   RO Data    RW Data    ZI Data      Debug   

     69892      16914      10152        776       4504     814033   Grand Totals
     69892      16914      10152        152       4504     814033   ELF Image Totals (compressed)
     69892      16914      10152        152          0          0   ROM Totals

==============================================================================

    Total RO  Size (Code + RO Data)                80044 (  78.17kB)
    Total RW  Size (RW Data + ZI Data)              5280 (   5.16kB)
    Total ROM Size (Code + RO Data + RW Data)      80196 (  78.32kB)

==============================================================================

