<html>
<body>
<pre>
<h1>礦ision Build Log</h1>
<h2>Tool Versions:</h2>
IDE-Version: μVision V5.14.2
Copyright (C) 2015 ARM Ltd and ARM Germany GmbH. All rights reserved.
License Information: 1 Microsoft, Microsoft, LIC=50DZ9-4BD1B-XB5EC-7F40R-SU4XG-QM47Y
 
Tool Versions:
Toolchain:       MDK-ARM Professional  Version: 5.24.1
Toolchain Path:  E:\Keil_v5\ARM\ARMCC\Bin
C Compiler:      Armcc.exe V5.06 update 5 (build 528)
Assembler:       Armasm.exe V5.06 update 5 (build 528)
Linker/Locator:  ArmLink.exe V5.06 update 5 (build 528)
Library Manager: ArmAr.exe V5.06 update 5 (build 528)
Hex Converter:   FromElf.exe V5.06 update 5 (build 528)
CPU DLL:         SARMCM3.DLL V5.24.1
Dialog DLL:      DARMCM1.DLL V1.18.0.0
Target DLL:      STLink\ST-LINKIII-KEIL_SWO.dll V3.0.1.0
Dialog DLL:      TARMCM1.DLL V1.13.0.0
 
<h2>Project:</h2>
C:\Users\C00347\Desktop\工作\任务\rt-thread\bsp\stm32l072\project.uvprojx
Project File Date:  09/10/2018

<h2>Output:</h2>
*** Using Compiler 'V5.06 update 5 (build 528)', folder: 'E:\Keil_v5\ARM\ARMCC\Bin'
Build target 'stm32l072'
compiling application.c...
app\application.c(195): warning:  #111-D: statement is unreachable
      return 0;
app\application.c(196): warning:  #1-D: last line of file ends without a newline
  }
app\application.c: 2 warnings, 0 errors
compiling ledapp.c...
compiling board.c...
compiling stm32l0xx_it.c...
compiling drv_usart.c...
compiling drv_gpio.c...
compiling system_stm32l0xx.c...
compiling stm32l0xx_hal.c...
compiling stm32l0xx_hal_adc.c...
compiling stm32l0xx_hal_adc_ex.c...
compiling stm32l0xx_hal_comp.c...
compiling stm32l0xx_hal_comp_ex.c...
compiling stm32l0xx_hal_cortex.c...
compiling stm32l0xx_hal_crc.c...
compiling stm32l0xx_hal_crc_ex.c...
compiling stm32l0xx_hal_cryp.c...
compiling stm32l0xx_hal_cryp_ex.c...
compiling stm32l0xx_hal_dac.c...
compiling stm32l0xx_hal_dac_ex.c...
compiling stm32l0xx_hal_dma.c...
compiling stm32l0xx_hal_firewall.c...
compiling stm32l0xx_hal_flash.c...
compiling stm32l0xx_hal_flash_ex.c...
compiling stm32l0xx_hal_flash_ramfunc.c...
compiling stm32l0xx_hal_gpio.c...
compiling stm32l0xx_hal_i2c.c...
compiling stm32l0xx_hal_i2c_ex.c...
compiling stm32l0xx_hal_i2s.c...
compiling stm32l0xx_hal_irda.c...
compiling stm32l0xx_hal_iwdg.c...
compiling stm32l0xx_hal_lcd.c...
compiling stm32l0xx_hal_lptim.c...
compiling stm32l0xx_hal_msp_template.c...
compiling stm32l0xx_hal_pcd.c...
compiling stm32l0xx_hal_pcd_ex.c...
compiling stm32l0xx_hal_pwr.c...
compiling stm32l0xx_hal_pwr_ex.c...
compiling stm32l0xx_hal_rcc.c...
compiling stm32l0xx_hal_rcc_ex.c...
compiling stm32l0xx_hal_rng.c...
compiling stm32l0xx_hal_rtc.c...
compiling stm32l0xx_hal_rtc_ex.c...
compiling stm32l0xx_hal_smartcard.c...
compiling stm32l0xx_hal_smartcard_ex.c...
compiling stm32l0xx_hal_smbus.c...
compiling stm32l0xx_hal_spi.c...
compiling stm32l0xx_hal_tim.c...
compiling stm32l0xx_hal_tim_ex.c...
compiling stm32l0xx_hal_tsc.c...
compiling stm32l0xx_hal_uart.c...
compiling stm32l0xx_hal_uart_ex.c...
compiling stm32l0xx_hal_usart.c...
compiling stm32l0xx_hal_wwdg.c...
compiling stm32l0xx_ll_adc.c...
compiling stm32l0xx_ll_comp.c...
compiling stm32l0xx_ll_crc.c...
compiling stm32l0xx_ll_crs.c...
compiling stm32l0xx_ll_dac.c...
compiling stm32l0xx_ll_dma.c...
compiling stm32l0xx_ll_exti.c...
compiling stm32l0xx_ll_gpio.c...
compiling stm32l0xx_ll_i2c.c...
compiling stm32l0xx_ll_lptim.c...
compiling stm32l0xx_ll_lpuart.c...
compiling stm32l0xx_ll_pwr.c...
compiling stm32l0xx_ll_rcc.c...
compiling stm32l0xx_ll_rng.c...
compiling stm32l0xx_ll_rtc.c...
compiling stm32l0xx_ll_spi.c...
compiling stm32l0xx_ll_tim.c...
compiling stm32l0xx_ll_usart.c...
compiling stm32l0xx_ll_utils.c...
Drivers\STM32L0xx_HAL_Driver\Src\stm32l0xx_ll_utils.c(43): warning:  #47-D: incompatible redefinition of macro "assert_param"  (declared at line 300 of "Inc\stm32l0xx_hal_conf.h")
  #define assert_param(expr) ((void)0U)
Drivers\STM32L0xx_HAL_Driver\Src\stm32l0xx_ll_utils.c: 1 warning, 0 errors
assembling startup_stm32l071xx.s...
compiling at_socket_esp8266.c...
packages\at_device-latest\at_socket_esp8266.c(235): warning:  #177-D: variable "t"  was declared but never referenced
                size_t i,offset=0,t=0;
packages\at_device-latest\at_socket_esp8266.c(456): warning:  #177-D: variable "socket"  was declared but never referenced
      int socket = 0;
packages\at_device-latest\at_socket_esp8266.c(572): warning:  #144-D: a value of type "void (*)(char *, rt_size_t)" cannot be used to initialize an entity of type "void (*)(const char *, rt_size_t)"
          {"+CGATT:0",   "\r\n",           urc_iot_connext_status},
packages\at_device-latest\at_socket_esp8266.c(573): warning:  #144-D: a value of type "void (*)(char *, rt_size_t)" cannot be used to initialize an entity of type "void (*)(const char *, rt_size_t)"
          {"+CGATT:1",  "\r\n",           urc_iot_connext_status},
packages\at_device-latest\at_socket_esp8266.c(592): warning:  #177-D: variable "delay"  was declared but never referenced
                int delay=10;
packages\at_device-latest\at_socket_esp8266.c(73): warning:  #177-D: function "at_socket_event_recv"  was declared but never referenced
  static int at_socket_event_recv(uint32_t event, uint32_t timeout, rt_uint8_t option)
packages\at_device-latest\at_socket_esp8266.c(431): warning:  #177-D: function "urc_send_func"  was declared but never referenced
  static void urc_send_func(const char *data, rt_size_t size)
packages\at_device-latest\at_socket_esp8266.c(531): warning:  #177-D: function "urc_busy_p_func"  was declared but never referenced
  static void urc_busy_p_func(const char *data, rt_size_t size)
packages\at_device-latest\at_socket_esp8266.c(537): warning:  #177-D: function "urc_busy_s_func"  was declared but never referenced
  static void urc_busy_s_func(const char *data, rt_size_t size)
packages\at_device-latest\at_socket_esp8266.c(544): warning:  #177-D: function "urc_func"  was declared but never referenced
  static void urc_func(const char *data, rt_size_t size)
packages\at_device-latest\at_socket_esp8266.c: 10 warnings, 0 errors
compiling clock.c...
compiling components.c...
compiling device.c...
compiling idle.c...
compiling ipc.c...
compiling irq.c...
compiling kservice.c...
compiling mem.c...
compiling mempool.c...
compiling object.c...
compiling scheduler.c...
compiling signal.c...
compiling thread.c...
compiling timer.c...
compiling cpuport.c...
assembling context_rvds.S...
compiling backtrace.c...
compiling div0.c...
compiling showmem.c...
compiling dfs.c...
compiling dfs_file.c...
compiling dfs_fs.c...
compiling dfs_posix.c...
compiling poll.c...
compiling select.c...
compiling devfs.c...
compiling pin.c...
compiling serial.c...
compiling completion.c...
compiling dataqueue.c...
compiling pipe.c...
compiling ringbuffer.c...
compiling waitqueue.c...
compiling workqueue.c...
compiling shell.c...
compiling symbol.c...
compiling cmd.c...
compiling msh.c...
compiling msh_cmd.c...
compiling msh_file.c...
compiling libc.c...
compiling mem_std.c...
compiling stdio.c...
compiling stubs.c...
compiling time.c...
compiling at_cli.c...
compiling at_utils.c...
compiling at_client.c...
compiling at_socket.c...
compiling sal_ipaddr.c...
compiling sal_socket.c...
compiling net_netdb.c...
compiling af_inet_at.c...
compiling net_sockets.c...
compiling dfs_net.c...
linking...
Program Size: Code=69900 RO-data=10152 RW-data=776 ZI-data=4504  
".\rtthread\rtthread.bin" - 0 Error(s), 13 Warning(s).

<h2>Collection of Component include folders:</h2>
  C:\Users\C00347\Desktop\工作\任务\rt-thread\bsp\stm32l072\RTE
  E:\Keil_v5\ARM\PACK\Keil\STM32L0xx_DFP\2.0.0\Drivers\CMSIS\Device\ST\STM32L0xx\Include

<h2>Collection of Component Files used:</h2>
</pre>
</body>
</html>
