Component: ARM Compiler 5.06 update 5 (build 528) Tool: armlink [4d35e2]

==============================================================================

Section Cross References

    application.o(i.at_client_test) refers to kservice.o(i.rt_kprintf) for rt_kprintf
    application.o(i.at_client_test) refers to clock.o(i.rt_tick_from_millisecond) for rt_tick_from_millisecond
    application.o(i.at_client_test) refers to at_client.o(i.at_create_resp) for at_create_resp
    application.o(i.at_client_test) refers to at_client.o(i.at_client_get_first) for at_client_get_first
    application.o(i.at_client_test) refers to at_client.o(i.at_obj_exec_cmd) for at_obj_exec_cmd
    application.o(i.at_client_test) refers to at_client.o(i.at_resp_get_line) for at_resp_get_line
    application.o(i.at_client_test) refers to memseta.o(.text) for __aeabi_memclr4
    application.o(i.at_client_test) refers to at_client.o(i.at_resp_parse_line_args) for at_resp_parse_line_args
    application.o(i.at_client_test) refers to at_client.o(i.at_delete_resp) for at_delete_resp
    application.o(i.at_client_test_init) refers to kservice.o(i.rt_kprintf) for rt_kprintf
    application.o(i.at_client_test_init) refers to at_client.o(i.at_client_init) for at_client_init
    application.o(i.main) refers to at_socket_esp8266.o(i.at_socket_device_init) for at_socket_device_init
    application.o(i.main) refers to at_socket.o(i.at_socket) for at_socket
    application.o(i.main) refers to sal_ipaddr.o(i.sal_ipaddr_addr) for sal_ipaddr_addr
    application.o(i.main) refers to at_socket.o(i.at_bind) for at_bind
    application.o(i.main) refers to at_socket.o(i.at_send) for at_send
    application.o(i.main) refers to clock.o(i.rt_tick_from_millisecond) for rt_tick_from_millisecond
    application.o(i.main) refers to thread.o(i.rt_thread_delay) for rt_thread_delay
    application.o(i.main) refers to kservice.o(i.rt_kprintf) for rt_kprintf
    application.o(FSymTab) refers to application.o(.rodata.name) for __fsym___cmd_at_client_test_name
    application.o(FSymTab) refers to application.o(.rodata.name) for __fsym___cmd_at_client_test_desc
    application.o(FSymTab) refers to application.o(i.at_client_test) for at_client_test
    application.o(FSymTab) refers to application.o(.rodata.name) for __fsym___cmd_at_client_init_name
    application.o(FSymTab) refers to application.o(.rodata.name) for __fsym___cmd_at_client_init_desc
    application.o(FSymTab) refers to application.o(i.at_client_test_init) for at_client_test_init
    ledapp.o(i.led_thread_entry) refers to pin.o(i.rt_pin_mode) for rt_pin_mode
    ledapp.o(i.led_thread_entry) refers to pin.o(i.rt_pin_write) for rt_pin_write
    ledapp.o(i.led_thread_entry) refers to thread.o(i.rt_thread_delay) for rt_thread_delay
    ledapp.o(i.led_thread_entry) refers to pin.o(i.rt_pin_read) for rt_pin_read
    board.o(i.SystemClock_Config) refers to stm32l0xx_hal_pwr.o(i.HAL_PWR_EnableBkUpAccess) for HAL_PWR_EnableBkUpAccess
    board.o(i.SystemClock_Config) refers to stm32l0xx_hal_rcc.o(i.HAL_RCC_OscConfig) for HAL_RCC_OscConfig
    board.o(i.SystemClock_Config) refers to stm32l0xx_hal_rcc.o(i.HAL_RCC_ClockConfig) for HAL_RCC_ClockConfig
    board.o(i.SystemClock_Config) refers to stm32l0xx_hal_rcc_ex.o(i.HAL_RCCEx_PeriphCLKConfig) for HAL_RCCEx_PeriphCLKConfig
    board.o(i.SystemClock_Config) refers to stm32l0xx_hal_rcc.o(i.HAL_RCC_GetHCLKFreq) for HAL_RCC_GetHCLKFreq
    board.o(i.SystemClock_Config) refers to uidiv.o(.text) for __aeabi_uidivmod
    board.o(i.SystemClock_Config) refers to stm32l0xx_hal_cortex.o(i.HAL_SYSTICK_Config) for HAL_SYSTICK_Config
    board.o(i.SystemClock_Config) refers to stm32l0xx_hal_cortex.o(i.HAL_SYSTICK_CLKSourceConfig) for HAL_SYSTICK_CLKSourceConfig
    board.o(i.SystemClock_Config) refers to stm32l0xx_hal_cortex.o(i.HAL_NVIC_SetPriority) for HAL_NVIC_SetPriority
    board.o(i.cmd_reset) refers to stm32l0xx_hal_cortex.o(i.HAL_NVIC_SystemReset) for HAL_NVIC_SystemReset
    board.o(i.print_rcc_freq_info) refers to stm32l0xx_hal_rcc.o(i.HAL_RCC_GetSysClockFreq) for HAL_RCC_GetSysClockFreq
    board.o(i.print_rcc_freq_info) refers to kservice.o(i.rt_kprintf) for rt_kprintf
    board.o(i.print_rcc_freq_info) refers to stm32l0xx_hal_rcc.o(i.HAL_RCC_GetHCLKFreq) for HAL_RCC_GetHCLKFreq
    board.o(i.print_rcc_freq_info) refers to stm32l0xx_hal_rcc.o(i.HAL_RCC_GetPCLK1Freq) for HAL_RCC_GetPCLK1Freq
    board.o(i.print_rcc_freq_info) refers to stm32l0xx_hal_rcc.o(i.HAL_RCC_GetPCLK2Freq) for HAL_RCC_GetPCLK2Freq
    board.o(i.rt_hw_board_init) refers to stm32l0xx_hal.o(i.HAL_Init) for HAL_Init
    board.o(i.rt_hw_board_init) refers to board.o(i.SystemClock_Config) for SystemClock_Config
    board.o(i.rt_hw_board_init) refers to drv_usart.o(i.hw_usart_init) for hw_usart_init
    board.o(i.rt_hw_board_init) refers to mem.o(i.rt_system_heap_init) for rt_system_heap_init
    board.o(i.rt_hw_board_init) refers to kservice.o(i.rt_console_set_device) for rt_console_set_device
[...]
    AHBPrescTable                            0x08011c9c   Data          16  system_stm32l0xx.o(.constdata)
    PLLMulTable                              0x08011cac   Data           9  system_stm32l0xx.o(.constdata)
    APBPrescTable                            0x08011cb5   Data           8  system_stm32l0xx.o(.constdata)
    __lowest_bit_bitmap                      0x08012036   Data         256  kservice.o(.constdata)
    __ctype_table                            0x08012a72   Data         129  ctype_o.o(.constdata)
    __fsym___cmd_at_client_test_name         0x080132d6   Data          21  application.o(.rodata.name)
    __fsym___cmd_at_client_test_desc         0x080132eb   Data          36  application.o(.rodata.name)
    __fsym___cmd_at_client_init_name         0x0801330f   Data          21  application.o(.rodata.name)
    __fsym___cmd_at_client_init_desc         0x08013324   Data          21  application.o(.rodata.name)
    __fsym___cmd_reset_name                  0x08013339   Data          12  board.o(.rodata.name)
    __fsym___cmd_reset_desc                  0x08013345   Data          12  board.o(.rodata.name)
    __fsym___cmd_at_net_init_name            0x08013351   Data          18  at_socket_esp8266.o(.rodata.name)
    __fsym___cmd_at_net_init_desc            0x08013363   Data          22  at_socket_esp8266.o(.rodata.name)
    __fsym___cmd_at_ping_name                0x08013379   Data          14  at_socket_esp8266.o(.rodata.name)
    __fsym___cmd_at_ping_desc                0x08013387   Data          21  at_socket_esp8266.o(.rodata.name)
    __fsym_list_mem_name                     0x0801339c   Data           9  mem.o(.rodata.name)
    __fsym_list_mem_desc                     0x080133a5   Data          30  mem.o(.rodata.name)
    __fsym___cmd_list_fd_name                0x080133c3   Data          14  dfs.o(.rodata.name)
    __fsym___cmd_list_fd_desc                0x080133d1   Data          21  dfs.o(.rodata.name)
    __fsym_ls_name                           0x080133e6   Data           3  dfs_file.o(.rodata.name)
    __fsym_ls_desc                           0x080133e9   Data          24  dfs_file.o(.rodata.name)
    __fsym_rm_name                           0x08013401   Data           3  dfs_file.o(.rodata.name)
    __fsym_rm_desc                           0x08013404   Data          28  dfs_file.o(.rodata.name)
    __fsym_cat_name                          0x08013420   Data           4  dfs_file.o(.rodata.name)
    __fsym_cat_desc                          0x08013424   Data          11  dfs_file.o(.rodata.name)
    __fsym_copy_name                         0x0801342f   Data           5  dfs_file.o(.rodata.name)
    __fsym_copy_desc                         0x08013434   Data          17  dfs_file.o(.rodata.name)
    __fsym_mkfs_name                         0x08013445   Data           5  dfs_fs.o(.rodata.name)
    __fsym_mkfs_desc                         0x0801344a   Data          19  dfs_fs.o(.rodata.name)
    __fsym_df_name                           0x0801345d   Data           3  dfs_fs.o(.rodata.name)
    __fsym_df_desc                           0x08013460   Data          14  dfs_fs.o(.rodata.name)
    __fsym_mkdir_name                        0x0801346e   Data           6  dfs_posix.o(.rodata.name)
    __fsym_mkdir_desc                        0x08013474   Data          19  dfs_posix.o(.rodata.name)
    __fsym_cd_name                           0x08013487   Data           3  dfs_posix.o(.rodata.name)
    __fsym_cd_desc                           0x0801348a   Data          33  dfs_posix.o(.rodata.name)
    __fsym_pinMode_name                      0x080134ab   Data           8  pin.o(.rodata.name)
    __fsym_pinMode_desc                      0x080134b3   Data          22  pin.o(.rodata.name)
    __fsym_pinWrite_name                     0x080134c9   Data           9  pin.o(.rodata.name)
    __fsym_pinWrite_desc                     0x080134d2   Data          28  pin.o(.rodata.name)
    __fsym_pinRead_name                      0x080134ee   Data           8  pin.o(.rodata.name)
    __fsym_pinRead_desc                      0x080134f6   Data          30  pin.o(.rodata.name)
    __fsym_hello_name                        0x08013514   Data           6  cmd.o(.rodata.name)
    __fsym_hello_desc                        0x0801351a   Data          16  cmd.o(.rodata.name)
    __fsym_version_name                      0x0801352a   Data           8  cmd.o(.rodata.name)
    __fsym_version_desc                      0x08013532   Data          35  cmd.o(.rodata.name)
    __fsym___cmd_version_name                0x08013555   Data          14  cmd.o(.rodata.name)
    __fsym___cmd_version_desc                0x08013563   Data          35  cmd.o(.rodata.name)
    __fsym_list_thread_name                  0x08013586   Data          12  cmd.o(.rodata.name)
    __fsym_list_thread_desc                  0x08013592   Data          12  cmd.o(.rodata.name)
    __fsym___cmd_list_thread_name            0x0801359e   Data          18  cmd.o(.rodata.name)
    __fsym___cmd_list_thread_desc            0x080135b0   Data          12  cmd.o(.rodata.name)
    __fsym_list_sem_name                     0x080135bc   Data           9  cmd.o(.rodata.name)
    __fsym_list_sem_desc                     0x080135c5   Data          25  cmd.o(.rodata.name)
    __fsym___cmd_list_sem_name               0x080135de   Data          15  cmd.o(.rodata.name)
    __fsym___cmd_list_sem_desc               0x080135ed   Data          25  cmd.o(.rodata.name)
    __fsym_list_event_name                   0x08013606   Data          11  cmd.o(.rodata.name)
    __fsym_list_event_desc                   0x08013611   Data          21  cmd.o(.rodata.name)
    __fsym___cmd_list_event_name             0x08013626   Data          17  cmd.o(.rodata.name)
    __fsym___cmd_list_event_desc             0x08013637   Data          21  cmd.o(.rodata.name)
    __fsym_list_mutex_name                   0x0801364c   Data          11  cmd.o(.rodata.name)
    __fsym_list_mutex_desc                   0x08013657   Data          21  cmd.o(.rodata.name)
    __fsym___cmd_list_mutex_name             0x0801366c   Data          17  cmd.o(.rodata.name)
    __fsym___cmd_list_mutex_desc             0x0801367d   Data          21  cmd.o(.rodata.name)
    __fsym_list_mailbox_name                 0x08013692   Data          13  cmd.o(.rodata.name)
    __fsym_list_mailbox_desc                 0x0801369f   Data          24  cmd.o(.rodata.name)
    __fsym___cmd_list_mailbox_name           0x080136b7   Data          19  cmd.o(.rodata.name)
    __fsym___cmd_list_mailbox_desc           0x080136ca   Data          24  cmd.o(.rodata.name)
    __fsym_list_msgqueue_name                0x080136e2   Data          14  cmd.o(.rodata.name)
    __fsym_list_msgqueue_desc                0x080136f0   Data          29  cmd.o(.rodata.name)
    __fsym___cmd_list_msgqueue_name          0x0801370d   Data          20  cmd.o(.rodata.name)
    __fsym___cmd_list_msgqueue_desc          0x08013721   Data          29  cmd.o(.rodata.name)
    __fsym_list_mempool_name                 0x0801373e   Data          13  cmd.o(.rodata.name)
    __fsym_list_mempool_desc                 0x0801374b   Data          27  cmd.o(.rodata.name)
    __fsym___cmd_list_mempool_name           0x08013766   Data          19  cmd.o(.rodata.name)
    __fsym___cmd_list_mempool_desc           0x08013779   Data          27  cmd.o(.rodata.name)
    __fsym_list_timer_name                   0x08013794   Data          11  cmd.o(.rodata.name)
    __fsym_list_timer_desc                   0x0801379f   Data          21  cmd.o(.rodata.name)
    __fsym___cmd_list_timer_name             0x080137b4   Data          17  cmd.o(.rodata.name)
    __fsym___cmd_list_timer_desc             0x080137c5   Data          21  cmd.o(.rodata.name)
    __fsym_list_device_name                  0x080137da   Data          12  cmd.o(.rodata.name)
    __fsym_list_device_desc                  0x080137e6   Data          22  cmd.o(.rodata.name)
    __fsym___cmd_list_device_name            0x080137fc   Data          18  cmd.o(.rodata.name)
    __fsym___cmd_list_device_desc            0x0801380e   Data          22  cmd.o(.rodata.name)
    __fsym_list_name                         0x08013824   Data           5  cmd.o(.rodata.name)
    __fsym_list_desc                         0x08013829   Data          26  cmd.o(.rodata.name)
    __fsym___cmd_help_name                   0x08013843   Data          11  msh.o(.rodata.name)
    __fsym___cmd_help_desc                   0x0801384e   Data          22  msh.o(.rodata.name)
    __fsym___cmd_ls_name                     0x08013864   Data           9  msh_cmd.o(.rodata.name)
    __fsym___cmd_ls_desc                     0x0801386d   Data          34  msh_cmd.o(.rodata.name)
    __fsym___cmd_cp_name                     0x0801388f   Data           9  msh_cmd.o(.rodata.name)
    __fsym___cmd_cp_desc                     0x08013898   Data          21  msh_cmd.o(.rodata.name)
    __fsym___cmd_mv_name                     0x080138ad   Data           9  msh_cmd.o(.rodata.name)
    __fsym___cmd_mv_desc                     0x080138b6   Data          23  msh_cmd.o(.rodata.name)
    __fsym___cmd_cat_name                    0x080138cd   Data          10  msh_cmd.o(.rodata.name)
    __fsym___cmd_cat_desc                    0x080138d7   Data          20  msh_cmd.o(.rodata.name)
    __fsym___cmd_rm_name                     0x080138eb   Data           9  msh_cmd.o(.rodata.name)
    __fsym___cmd_rm_desc                     0x080138f4   Data          28  msh_cmd.o(.rodata.name)
    __fsym___cmd_cd_name                     0x08013910   Data           9  msh_cmd.o(.rodata.name)
    __fsym___cmd_cd_desc                     0x08013919   Data          36  msh_cmd.o(.rodata.name)
    __fsym___cmd_pwd_name                    0x0801393d   Data          10  msh_cmd.o(.rodata.name)
    __fsym___cmd_pwd_desc                    0x08013947   Data          49  msh_cmd.o(.rodata.name)
    __fsym___cmd_mkdir_name                  0x08013978   Data          12  msh_cmd.o(.rodata.name)
    __fsym___cmd_mkdir_desc                  0x08013984   Data          22  msh_cmd.o(.rodata.name)
    __fsym___cmd_mkfs_name                   0x0801399a   Data          11  msh_cmd.o(.rodata.name)
    __fsym___cmd_mkfs_desc                   0x080139a5   Data          29  msh_cmd.o(.rodata.name)
    __fsym___cmd_df_name                     0x080139c2   Data           9  msh_cmd.o(.rodata.name)
    __fsym___cmd_df_desc                     0x080139cb   Data          10  msh_cmd.o(.rodata.name)
    __fsym___cmd_echo_name                   0x080139d5   Data          11  msh_cmd.o(.rodata.name)
    __fsym___cmd_echo_desc                   0x080139e0   Data          20  msh_cmd.o(.rodata.name)
    __fsym___cmd_ps_name                     0x080139f4   Data           9  msh_cmd.o(.rodata.name)
    __fsym___cmd_ps_desc                     0x080139fd   Data          28  msh_cmd.o(.rodata.name)
    __fsym___cmd_time_name                   0x08013a19   Data          11  msh_cmd.o(.rodata.name)
    __fsym___cmd_time_desc                   0x08013a24   Data          27  msh_cmd.o(.rodata.name)
    __fsym___cmd_free_name                   0x08013a3f   Data          11  msh_cmd.o(.rodata.name)
    __fsym___cmd_free_desc                   0x08013a4a   Data          37  msh_cmd.o(.rodata.name)
    __fsym___cmd_at_name                     0x08013a6f   Data           9  at_cli.o(.rodata.name)
    __fsym___cmd_at_desc                     0x08013a78   Data          58  at_cli.o(.rodata.name)
    __rt_init_rti_start                      0x08013ab4   Data           4  components.o(.rti_fn.0)
    __rt_init_rti_board_start                0x08013ab8   Data           4  components.o(.rti_fn.0.end)
    __rt_init_hw_usart_init                  0x08013abc   Data           4  drv_usart.o(.rti_fn.1)
    __rt_init_rt_hw_pin_init                 0x08013ac0   Data           4  drv_gpio.o(.rti_fn.1)
    __rt_init_rti_board_end                  0x08013ac4   Data           4  components.o(.rti_fn.1.end)
    __rt_init_dfs_init                       0x08013ac8   Data           4  dfs.o(.rti_fn.2)
    __rt_init_libc_system_init               0x08013acc   Data           4  libc.o(.rti_fn.4)
    __rt_init_sal_init                       0x08013ad0   Data           4  sal_socket.o(.rti_fn.4)
    __rt_init_at_inet_init                   0x08013ad4   Data           4  af_inet_at.o(.rti_fn.4)
    __rt_init_finsh_system_init              0x08013ad8   Data           4  shell.o(.rti_fn.6)
    __rt_init_rti_end                        0x08013adc   Data           4  components.o(.rti_fn.6.end)
    FSymTab$$Base                            0x08013ae0   Number         0  application.o(FSymTab)
    __fsym___cmd_at_client_test              0x08013ae0   Data          12  application.o(FSymTab)
    __fsym___cmd_at_client_init              0x08013aec   Data          12  application.o(FSymTab)
    __fsym___cmd_reset                       0x08013af8   Data          12  board.o(FSymTab)
    __fsym___cmd_at_net_init                 0x08013b04   Data          12  at_socket_esp8266.o(FSymTab)
    __fsym___cmd_at_ping                     0x08013b10   Data          12  at_socket_esp8266.o(FSymTab)
    __fsym_list_mem                          0x08013b1c   Data          12  mem.o(FSymTab)
    __fsym___cmd_list_fd                     0x08013b28   Data          12  dfs.o(FSymTab)
    __fsym_ls                                0x08013b34   Data          12  dfs_file.o(FSymTab)
    __fsym_rm                                0x08013b40   Data          12  dfs_file.o(FSymTab)
    __fsym_cat                               0x08013b4c   Data          12  dfs_file.o(FSymTab)
    __fsym_copy                              0x08013b58   Data          12  dfs_file.o(FSymTab)
    __fsym_mkfs                              0x08013b64   Data          12  dfs_fs.o(FSymTab)
    __fsym_df                                0x08013b70   Data          12  dfs_fs.o(FSymTab)
    __fsym_mkdir                             0x08013b7c   Data          12  dfs_posix.o(FSymTab)
    __fsym_cd                                0x08013b88   Data          12  dfs_posix.o(FSymTab)
    __fsym_pinMode                           0x08013b94   Data          12  pin.o(FSymTab)
    __fsym_pinWrite                          0x08013ba0   Data          12  pin.o(FSymTab)
    __fsym_pinRead                           0x08013bac   Data          12  pin.o(FSymTab)
    __fsym_hello                             0x08013bb8   Data          12  cmd.o(FSymTab)
    __fsym_version                           0x08013bc4   Data          12  cmd.o(FSymTab)
    __fsym___cmd_version                     0x08013bd0   Data          12  cmd.o(FSymTab)
    __fsym_list_thread                       0x08013bdc   Data          12  cmd.o(FSymTab)
    __fsym___cmd_list_thread                 0x08013be8   Data          12  cmd.o(FSymTab)
    __fsym_list_sem                          0x08013bf4   Data          12  cmd.o(FSymTab)
    __fsym___cmd_list_sem                    0x08013c00   Data          12  cmd.o(FSymTab)
    __fsym_list_event                        0x08013c0c   Data          12  cmd.o(FSymTab)
    __fsym___cmd_list_event                  0x08013c18   Data          12  cmd.o(FSymTab)
    __fsym_list_mutex                        0x08013c24   Data          12  cmd.o(FSymTab)
    __fsym___cmd_list_mutex                  0x08013c30   Data          12  cmd.o(FSymTab)
    __fsym_list_mailbox                      0x08013c3c   Data          12  cmd.o(FSymTab)
    __fsym___cmd_list_mailbox                0x08013c48   Data          12  cmd.o(FSymTab)
    __fsym_list_msgqueue                     0x08013c54   Data          12  cmd.o(FSymTab)
    __fsym___cmd_list_msgqueue               0x08013c60   Data          12  cmd.o(FSymTab)
    __fsym_list_mempool                      0x08013c6c   Data          12  cmd.o(FSymTab)
    __fsym___cmd_list_mempool                0x08013c78   Data          12  cmd.o(FSymTab)
    __fsym_list_timer                        0x08013c84   Data          12  cmd.o(FSymTab)
    __fsym___cmd_list_timer                  0x08013c90   Data          12  cmd.o(FSymTab)
    __fsym_list_device                       0x08013c9c   Data          12  cmd.o(FSymTab)
    __fsym___cmd_list_device                 0x08013ca8   Data          12  cmd.o(FSymTab)
    __fsym_list                              0x08013cb4   Data          12  cmd.o(FSymTab)
    __fsym___cmd_help                        0x08013cc0   Data          12  msh.o(FSymTab)
    __fsym___cmd_ls                          0x08013ccc   Data          12  msh_cmd.o(FSymTab)
    __fsym___cmd_cp                          0x08013cd8   Data          12  msh_cmd.o(FSymTab)
    __fsym___cmd_mv                          0x08013ce4   Data          12  msh_cmd.o(FSymTab)
    __fsym___cmd_cat                         0x08013cf0   Data          12  msh_cmd.o(FSymTab)
    __fsym___cmd_rm                          0x08013cfc   Data          12  msh_cmd.o(FSymTab)
    __fsym___cmd_cd                          0x08013d08   Data          12  msh_cmd.o(FSymTab)
    __fsym___cmd_pwd                         0x08013d14   Data          12  msh_cmd.o(FSymTab)
    __fsym___cmd_mkdir                       0x08013d20   Data          12  msh_cmd.o(FSymTab)
    __fsym___cmd_mkfs                        0x08013d2c   Data          12  msh_cmd.o(FSymTab)
    __fsym___cmd_df                          0x08013d38   Data          12  msh_cmd.o(FSymTab)
    __fsym___cmd_echo                        0x08013d44   Data          12  msh_cmd.o(FSymTab)
    __fsym___cmd_ps                          0x08013d50   Data          12  msh_cmd.o(FSymTab)
    __fsym___cmd_time                        0x08013d5c   Data          12  msh_cmd.o(FSymTab)
    __fsym___cmd_free                        0x08013d68   Data          12  msh_cmd.o(FSymTab)
    __fsym___cmd_at                          0x08013d74   Data          12  at_cli.o(FSymTab)
    FSymTab$$Limit                           0x08013d80   Number         0  at_cli.o(FSymTab)
    Region$$Table$$Base                      0x08013d80   Number         0  anon$$obj.o(Region$$Table)
    Region$$Table$$Limit                     0x08013da0   Number         0  anon$$obj.o(Region$$Table)
    pin_irq_hdr_tab                          0x20000000   Data          12  drv_gpio.o(.data)
    SystemCoreClock                          0x2000000c   Data           4  system_stm32l0xx.o(.data)
    uwTick                                   0x20000010   Data           4  stm32l0xx_hal.o(.data)
    sock                                     0x20000014   Data           4  at_socket_esp8266.o(.data)
    attache_flag                             0x20000018   Data           4  at_socket_esp8266.o(.data)
    rt_interrupt_nest                        0x20000084   Data           1  irq.o(.data)
    rt_assert_hook                           0x20000098   Data           4  kservice.o(.data)
    rt_object_trytake_hook                   0x200000c4   Data           4  object.o(.data)
    rt_object_take_hook                      0x200000c8   Data           4  object.o(.data)
    rt_object_put_hook                       0x200000cc   Data           4  object.o(.data)
    rt_current_priority                      0x20000160   Data           1  scheduler.o(.data)
    rt_current_thread                        0x20000164   Data           4  scheduler.o(.data)
    rt_thread_ready_priority_group           0x20000168   Data           4  scheduler.o(.data)
    rt_thread_defunct                        0x20000170   Data           8  scheduler.o(.data)
    rt_interrupt_from_thread                 0x20000194   Data           4  cpuport.o(.data)
    rt_interrupt_to_thread                   0x20000198   Data           4  cpuport.o(.data)
    rt_thread_switch_interrupt_flag          0x2000019c   Data           4  cpuport.o(.data)
    filesystem_operation_table               0x200001a4   Data           8  dfs.o(.data)
    working_directory                        0x200001b4   Data         256  dfs.o(.data)
    shell                                    0x200002b8   Data           4  shell.o(.data)
    _syscall_table_begin                     0x200002bc   Data           4  symbol.o(.data)
    _syscall_table_end                       0x200002c0   Data           4  symbol.o(.data)
    __stdin                                  0x20000300   Data           4  stdin.o(.data)
    lpserial1                                0x2000037c   Data         100  drv_usart.o(.bss)
    serial1                                  0x20000454   Data         100  drv_usart.o(.bss)
    serial2                                  0x2000052c   Data         100  drv_usart.o(.bss)
    serial4                                  0x20000604   Data         100  drv_usart.o(.bss)
    serial5                                  0x200006dc   Data         100  drv_usart.o(.bss)
    rt_thread_priority_table                 0x20000970   Data         256  scheduler.o(.bss)
    filesystem_table                         0x20000a70   Data          32  dfs.o(.bss)
    Image$$RW_IRAM1$$ZI$$Limit               0x200014a0   Number         0  anon$$obj.o ABSOLUTE
    __initial_sp                             0x200014a0   Data           0  startup_stm32l071xx.o(STACK)



==============================================================================

Memory Map of the image

  Image Entry point : 0x080000c1

  Load Region LR_IROM1 (Base: 0x08000000, Size: 0x000140a8, Max: 0x00020000, ABSOLUTE, COMPRESSED[0x00013e3c])

    Execution Region ER_IROM1 (Base: 0x08000000, Size: 0x00013da0, Max: 0x00020000, ABSOLUTE)

    Base Addr    Size         Type   Attr      Idx    E Section Name        Object

    0x08000000   0x000000c0   Data   RO         3383    RESET               startup_stm32l071xx.o
    0x080000c0   0x00000000   Code   RO         7448  * .ARM.Collect$$$$00000000  mc_p.l(entry.o)
    0x080000c0   0x00000004   Code   RO         7787    .ARM.Collect$$$$00000001  mc_p.l(entry2.o)
    0x080000c4   0x00000004   Code   RO         7790    .ARM.Collect$$$$00000004  mc_p.l(entry5.o)
    0x080000c8   0x00000000   Code   RO         7792    .ARM.Collect$$$$00000008  mc_p.l(entry7b.o)
    0x080000c8   0x00000000   Code   RO         7794    .ARM.Collect$$$$0000000A  mc_p.l(entry8b.o)
    0x080000c8   0x00000008   Code   RO         7795    .ARM.Collect$$$$0000000B  mc_p.l(entry9a.o)
    0x080000d0   0x00000000   Code   RO         7797    .ARM.Collect$$$$0000000D  mc_p.l(entry10a.o)
    0x080000d0   0x00000000   Code   RO         7799    .ARM.Collect$$$$0000000F  mc_p.l(entry11a.o)
    0x080000d0   0x00000004   Code   RO         7788    .ARM.Collect$$$$00002712  mc_p.l(entry2.o)
    0x080000d4   0x0000001c   Code   RO         3384    .text               startup_stm32l071xx.o
    0x080000f0   0x000000d8   Code   RO         4748    .text               context_rvds.o
    0x080001c8   0x0000002c   Code   RO         7454    .text               mc_p.l(uidiv.o)
    0x080001f4   0x00000028   Code   RO         7456    .text               mc_p.l(idiv.o)
    0x0800021c   0x00000060   Code   RO         7458    .text               mc_p.l(uldiv.o)
    0x0800027c   0x0000004c   Code   RO         7460    .text               mc_p.l(ldiv.o)
    0x080002c8   0x0000007a   Code   RO         7462    .text               mc_p.l(llmul.o)
    0x08000342   0x00000002   PAD
    0x08000344   0x00000008   Code   RO         7464    .text               mc_p.l(ctype_o.o)
    0x0800034c   0x00000012   Code   RO         7486    .text               mc_p.l(isspace_o.o)
    0x0800035e   0x00000024   Code   RO         7492    .text               mc_p.l(memcpya.o)
    0x08000382   0x00000024   Code   RO         7494    .text               mc_p.l(memseta.o)
    0x080003a6   0x00000018   Code   RO         7496    .text               mc_p.l(strcat.o)
    0x080003be   0x00000028   Code   RO         7498    .text               mc_p.l(strstr.o)
    0x080003e6   0x0000001a   Code   RO         7500    .text               mc_p.l(strncpy.o)
    0x08000400   0x00000014   Code   RO         7502    .text               mc_p.l(strchr.o)
    0x08000414   0x0000000e   Code   RO         7504    .text               mc_p.l(strlen.o)
    0x08000422   0x0000001c   Code   RO         7506    .text               mc_p.l(strcmp.o)
    0x0800043e   0x0000001a   Code   RO         7508    .text               mc_p.l(memcmp.o)
    0x08000458   0x00000012   Code   RO         7510    .text               mc_p.l(strcpy.o)
    0x0800046a   0x0000001e   Code   RO         7512    .text               mc_p.l(strncmp.o)
    0x08000488   0x00000020   Code   RO         7514    .text               mc_p.l(strrchr.o)
    0x080004a8   0x00000030   Code   RO         7779    .text               mc_p.l(vsscanf.o)
    0x080004d8   0x0000003c   Code   RO         7781    .text               mc_p.l(__0sscanf.o)
    0x08000514   0x0000014a   Code   RO         7783    .text               mc_p.l(_scanf_int.o)
    0x0800065e   0x0000001a   Code   RO         7785    .text               mc_p.l(atoi.o)
    0x08000678   0x00000020   Code   RO         7802    .text               mc_p.l(llshl.o)
    0x08000698   0x00000022   Code   RO         7804    .text               mc_p.l(llushr.o)
    0x080006ba   0x0000001e   Code   RO         7813    .text               mc_p.l(_chval.o)
    0x080006d8   0x0000014a   Code   RO         7815    .text               mc_p.l(_scanf_longlong.o)
    0x08000822   0x000000e8   Code   RO         7817    .text               mc_p.l(_scanf_str.o)
    0x0800090a   0x00000002   PAD
    0x0800090c   0x00000374   Code   RO         7819    .text               mc_p.l(scanf_fp.o)
    0x08000c80   0x0000002c   Code   RO         7823    .text               mc_p.l(scanf_char.o)
    0x08000cac   0x00000044   Code   RO         7825    .text               mc_p.l(_sgetc.o)
    0x08000cf0   0x00000070   Code   RO         7827    .text               mc_p.l(strtol.o)
    0x08000d60   0x00000000   Code   RO         7829    .text               mc_p.l(iusefp.o)
    0x08000d60   0x00000164   Code   RO         7830    .text               mf_p.l(dadd.o)
    0x08000ec4   0x000000d0   Code   RO         7832    .text               mf_p.l(dmul.o)
    0x08000f94   0x000000f0   Code   RO         7834    .text               mf_p.l(ddiv.o)
    0x08001084   0x00000040   Code   RO         7836    .text               mf_p.l(dfixul.o)
    0x080010c4   0x00000028   Code   RO         7838    .text               mf_p.l(cdrcmple.o)
    0x080010ec   0x00000024   Code   RO         7840    .text               mc_p.l(init.o)
    0x08001110   0x00000026   Code   RO         7842    .text               mc_p.l(llsshr.o)
    0x08001136   0x00000002   PAD
    0x08001138   0x00000338   Code   RO         7846    .text               mc_p.l(_scanf.o)
    0x08001470   0x000000a6   Code   RO         7848    .text               mc_p.l(_strtoul.o)
    0x08001516   0x000000be   Code   RO         7850    .text               mf_p.l(depilogue.o)
    0x080015d4   0x0000001c   Code   RO         7854    .text               mf_p.l(dfltul.o)
    0x080015f0   0x00000038   Code   RO         7856    .text               mf_p.l(d2f.o)
    0x08001628   0x00000082   Code   RO         7861    .text               mf_p.l(fepilogue.o)
    0x080016aa   0x00000056   Code   RO         7871    .text               mc_p.l(__dczerorl2.o)
    0x08001700   0x00000068   Code   RO         3516    i.$Sub$$main        components.o
    0x08001768   0x00000168   Code   RO         3388    i.BC28_domain_resolve  at_socket_esp8266.o
    0x080018d0   0x0000056c   Code   RO         3389    i.BC28_init_thread_entry  at_socket_esp8266.o
    0x08001e3c   0x0000000c   Code   RO         3390    i.BC28_net_init     at_socket_esp8266.o
    0x08001e48   0x00000150   Code   RO         3391    i.BC28_ping         at_socket_esp8266.o
    0x08001f98   0x000000b8   Code   RO         3392    i.BC28_socket_close  at_socket_esp8266.o
    0x08002050   0x000001c4   Code   RO         3393    i.BC28_socket_connect  at_socket_esp8266.o
    0x08002214   0x000001d4   Code   RO         3394    i.BC28_socket_send  at_socket_esp8266.o
    0x080023e8   0x00000010   Code   RO         3395    i.BC28_socket_set_event_cb  at_socket_esp8266.o
    0x080023f8   0x00000018   Code   RO          357    i.EXTI0_1_IRQHandler  stm32l0xx_it.o
    0x08002410   0x00000018   Code   RO          358    i.EXTI2_3_IRQHandler  stm32l0xx_it.o
    0x08002428   0x00000064   Code   RO          359    i.EXTI4_15_IRQHandler  stm32l0xx_it.o
    0x0800248c   0x0000001c   Code   RO          489    i.GPIOA_CLK_ENABLE  drv_gpio.o
    0x080024a8   0x0000001c   Code   RO          490    i.GPIOB_CLK_ENABLE  drv_gpio.o
    0x080024c4   0x0000001c   Code   RO          491    i.GPIOC_CLK_ENABLE  drv_gpio.o
    0x080024e0   0x0000001c   Code   RO          492    i.GPIOD_CLK_ENABLE  drv_gpio.o
    0x080024fc   0x0000001c   Code   RO          493    i.GPIOE_CLK_ENABLE  drv_gpio.o
    0x08002518   0x0000001c   Code   RO          494    i.GPIOH_CLK_ENABLE  drv_gpio.o
    0x08002534   0x00000002   Code   RO          360    i.HAL_GPIO_EXTI_Callback  stm32l0xx_it.o
    0x08002536   0x00000002   PAD
    0x08002538   0x00000018   Code   RO         1538    i.HAL_GPIO_EXTI_IRQHandler  stm32l0xx_hal_gpio.o
    0x08002550   0x00000184   Code   RO         1539    i.HAL_GPIO_Init     stm32l0xx_hal_gpio.o
    0x080026d4   0x0000000a   Code   RO         1541    i.HAL_GPIO_ReadPin  stm32l0xx_hal_gpio.o
    0x080026de   0x0000000c   Code   RO         1543    i.HAL_GPIO_WritePin  stm32l0xx_hal_gpio.o
    0x080026ea   0x00000002   PAD
    0x080026ec   0x0000000c   Code   RO          640    i.HAL_GetTick       stm32l0xx_hal.o
    0x080026f8   0x00000010   Code   RO          641    i.HAL_IncTick       stm32l0xx_hal.o
    0x08002708   0x00000020   Code   RO          642    i.HAL_Init          stm32l0xx_hal.o
    0x08002728   0x00000028   Code   RO          643    i.HAL_InitTick      stm32l0xx_hal.o
    0x08002750   0x00000002   Code   RO         2103    i.HAL_MspInit       stm32l0xx_hal_msp_template.o
    0x08002752   0x00000002   PAD
    0x08002754   0x00000014   Code   RO         1056    i.HAL_NVIC_DisableIRQ  stm32l0xx_hal_cortex.o
    0x08002768   0x00000014   Code   RO         1057    i.HAL_NVIC_EnableIRQ  stm32l0xx_hal_cortex.o
    0x0800277c   0x00000044   Code   RO         1061    i.HAL_NVIC_SetPriority  stm32l0xx_hal_cortex.o
    0x080027c0   0x0000001c   Code   RO         1062    i.HAL_NVIC_SystemReset  stm32l0xx_hal_cortex.o
    0x080027dc   0x00000010   Code   RO         2164    i.HAL_PWR_EnableBkUpAccess  stm32l0xx_hal_pwr.o
    0x080027ec   0x00000184   Code   RO         2424    i.HAL_RCCEx_GetPeriphCLKFreq  stm32l0xx_hal_rcc_ex.o
    0x08002970   0x0000018c   Code   RO         2427    i.HAL_RCCEx_PeriphCLKConfig  stm32l0xx_hal_rcc_ex.o
    0x08002afc   0x00000208   Code   RO         2330    i.HAL_RCC_ClockConfig  stm32l0xx_hal_rcc.o
    0x08002d04   0x0000000c   Code   RO         2334    i.HAL_RCC_GetHCLKFreq  stm32l0xx_hal_rcc.o
    0x08002d10   0x00000020   Code   RO         2336    i.HAL_RCC_GetPCLK1Freq  stm32l0xx_hal_rcc.o
    0x08002d30   0x00000020   Code   RO         2337    i.HAL_RCC_GetPCLK2Freq  stm32l0xx_hal_rcc.o
    0x08002d50   0x00000084   Code   RO         2338    i.HAL_RCC_GetSysClockFreq  stm32l0xx_hal_rcc.o
    0x08002dd4   0x000004e8   Code   RO         2341    i.HAL_RCC_OscConfig  stm32l0xx_hal_rcc.o
    0x080032bc   0x00000018   Code   RO         1063    i.HAL_SYSTICK_CLKSourceConfig  stm32l0xx_hal_cortex.o
    0x080032d4   0x00000002   Code   RO         1064    i.HAL_SYSTICK_Callback  stm32l0xx_hal_cortex.o
    0x080032d6   0x00000002   PAD
    0x080032d8   0x0000003c   Code   RO         1065    i.HAL_SYSTICK_Config  stm32l0xx_hal_cortex.o
    0x08003314   0x00000008   Code   RO         1066    i.HAL_SYSTICK_IRQHandler  stm32l0xx_hal_cortex.o
    0x0800331c   0x0000006a   Code   RO         2852    i.HAL_UART_Init     stm32l0xx_hal_uart.o
    0x08003386   0x00000002   PAD
    0x08003388   0x0000014c   Code   RO          406    i.HAL_UART_MspInit  drv_usart.o
    0x080034d4   0x00000034   Code   RO          407    i.LPUART1_IRQHandler  drv_usart.o
    0x08003508   0x00000018   Code   RO          361    i.SysTick_Handler   stm32l0xx_it.o
    0x08003520   0x000000ac   Code   RO          302    i.SystemClock_Config  board.o
    0x080035cc   0x00000054   Code   RO          590    i.SystemInit        system_stm32l0xx.o
    0x08003620   0x000000cc   Code   RO         2865    i.UART_AdvFeatureConfig  stm32l0xx_hal_uart.o
    0x080036ec   0x00000060   Code   RO         2866    i.UART_CheckIdleState  stm32l0xx_hal_uart.o
    0x0800374c   0x000002b0   Code   RO         2877    i.UART_SetConfig    stm32l0xx_hal_uart.o
    0x080039fc   0x00000078   Code   RO         2878    i.UART_WaitOnFlagUntilTimeout  stm32l0xx_hal_uart.o
    0x08003a74   0x00000034   Code   RO          408    i.USART1_IRQHandler  drv_usart.o
    0x08003aa8   0x00000034   Code   RO          409    i.USART2_IRQHandler  drv_usart.o
    0x08003adc   0x00000064   Code   RO          410    i.USART4_5_IRQHandler  drv_usart.o
    0x08003b40   0x00000034   Code   RO         7752    i.__0snprintf       mc_p.l(printfa.o)
    0x08003b74   0x00000028   Code   RO         7753    i.__0sprintf        mc_p.l(printfa.o)
    0x08003b9c   0x0000002c   Code   RO         7756    i.__0vsnprintf      mc_p.l(printfa.o)
    0x08003bc8   0x0000002e   Code   RO         7852    i.__ARM_clz         mf_p.l(depilogue.o)
    0x08003bf6   0x00000032   Code   RO         5116    i.__ARM_common_ll_muluu  dfs_fs.o
    0x08003c28   0x00000016   Code   RO         6072    i.__ARM_common_memcpy1_5  shell.o
    0x08003c3e   0x00000002   PAD
    0x08003c40   0x00000008   Code   RO         7806    i.__aeabi_errno_addr  mc_p.l(errno.o)
    0x08003c48   0x00000040   Code   RO         4005    i.__rt_ffs          kservice.o
    0x08003c88   0x0000000e   Code   RO         7865    i.__scatterload_copy  mc_p.l(handlers.o)
    0x08003c96   0x00000002   Code   RO         7866    i.__scatterload_null  mc_p.l(handlers.o)
    0x08003c98   0x0000000e   Code   RO         7867    i.__scatterload_zeroinit  mc_p.l(handlers.o)
    0x08003ca6   0x00000004   Code   RO         5912    i.__wqueue_default_wake  waitqueue.o
    0x08003caa   0x00000002   PAD
    0x08003cac   0x00000174   Code   RO         7758    i._fp_digits        mc_p.l(printfa.o)
    0x08003e20   0x0000000e   Code   RO         7821    i._is_digit         mc_p.l(scanf_fp.o)
    0x08003e2e   0x00000002   PAD
    0x08003e30   0x00000040   Code   RO         5459    i._pin_control      pin.o
    0x08003e70   0x00000044   Code   RO         5460    i._pin_read         pin.o
    0x08003eb4   0x00000044   Code   RO         5461    i._pin_write        pin.o
    0x08003ef8   0x000006ec   Code   RO         7759    i._printf_core      mc_p.l(printfa.o)
    0x080045e4   0x00000020   Code   RO         7760    i._printf_post_padding  mc_p.l(printfa.o)
    0x08004604   0x0000002c   Code   RO         7761    i._printf_pre_padding  mc_p.l(printfa.o)
    0x08004630   0x000000bc   Code   RO         4511    i._rt_thread_init   thread.o
    0x080046ec   0x00000016   Code   RO         7762    i._snputc           mc_p.l(printfa.o)
    0x08004702   0x0000000a   Code   RO         7763    i._sputc            mc_p.l(printfa.o)
    0x0800470c   0x00000188   Code   RO         6688    i.at                at_cli.o
    0x08004894   0x00000028   Code   RO         6885    i.at_bind           at_socket.o
    0x080048bc   0x00000070   Code   RO         6690    i.at_cli_init       at_cli.o
    0x0800492c   0x00000030   Code   RO         6691    i.at_client_entry   at_cli.o
    0x0800495c   0x0000003c   Code   RO         6771    i.at_client_get     at_client.o
    0x08004998   0x00000010   Code   RO         6772    i.at_client_get_first  at_client.o
    0x080049a8   0x000004a0   Code   RO         6773    i.at_client_init    at_client.o
    0x08004e48   0x000000c0   Code   RO         6774    i.at_client_obj_recv  at_client.o
    0x08004f08   0x00000080   Code   RO         6775    i.at_client_obj_send  at_client.o
    0x08004f88   0x0000014c   Code   RO         6776    i.at_client_obj_wait_connect  at_client.o
    0x080050d4   0x0000001c   Code   RO         6777    i.at_client_rx_ind  at_client.o
    0x080050f0   0x0000035c   Code   RO            1    i.at_client_test    application.o
    0x0800544c   0x00000058   Code   RO            2    i.at_client_test_init  application.o
    0x080054a4   0x00000074   Code   RO         6886    i.at_closed_notice_cb  at_socket.o
    0x08005518   0x000000cc   Code   RO         6887    i.at_closesocket    at_socket.o
    0x080055e4   0x00000168   Code   RO         6888    i.at_connect        at_socket.o
    0x0800574c   0x00000028   Code   RO         7262    i.at_create         af_inet_at.o
    0x08005774   0x00000090   Code   RO         6778    i.at_create_resp    at_client.o
    0x08005804   0x0000001c   Code   RO         6779    i.at_delete_resp    at_client.o
    0x08005820   0x000000c8   Code   RO         6889    i.at_do_event_changes  at_socket.o
    0x080058e8   0x00000014   Code   RO         6890    i.at_freeaddrinfo   at_socket.o
    0x080058fc   0x00000014   Code   RO         6739    i.at_get_last_cmd   at_utils.o
    0x08005910   0x00000020   Code   RO         6891    i.at_get_socket     at_socket.o
    0x08005930   0x00000254   Code   RO         6892    i.at_getaddrinfo    at_socket.o
    0x08005b84   0x000001e8   Code   RO         6893    i.at_gethostbyname  at_socket.o
    0x08005d6c   0x00000194   Code   RO         6894    i.at_getsockopt     at_socket.o
    0x08005f00   0x00000010   Code   RO         7263    i.at_inet_init      af_inet_at.o
    0x08005f10   0x00000170   Code   RO         6780    i.at_obj_exec_cmd   at_client.o
    0x08006080   0x00000044   Code   RO         6781    i.at_obj_set_end_sign  at_client.o
    0x080060c4   0x000000d0   Code   RO         6782    i.at_obj_set_urc_table  at_client.o
    0x08006194   0x0000005c   Code   RO         7264    i.at_poll           af_inet_at.o
    0x080061f0   0x000000b4   Code   RO         6740    i.at_print_raw_cmd  at_utils.o
    0x080062a4   0x0000011c   Code   RO         6896    i.at_recv_notice_cb  at_socket.o
    0x080063c0   0x000003b4   Code   RO         6897    i.at_recvfrom       at_socket.o
    0x08006774   0x000000c2   Code   RO         6898    i.at_recvpkt_get    at_socket.o
    0x08006836   0x00000002   PAD
    0x08006838   0x000000b4   Code   RO         6783    i.at_resp_get_line  at_client.o
    0x080068ec   0x00000060   Code   RO         6784    i.at_resp_get_line_by_kw  at_client.o
    0x0800694c   0x00000064   Code   RO         6785    i.at_resp_parse_line_args  at_client.o
    0x080069b0   0x000000b0   Code   RO         6786    i.at_resp_parse_line_args_by_kw  at_client.o
    0x08006a60   0x000000a8   Code   RO         6787    i.at_resp_set_info  at_client.o
    0x08006b08   0x000000ec   Code   RO         6899    i.at_scoket_device_register  at_socket.o
    0x08006bf4   0x00000012   Code   RO         6900    i.at_send           at_socket.o
    0x08006c06   0x00000002   PAD
    0x08006c08   0x00000218   Code   RO         6901    i.at_sendto         at_socket.o
    0x08006e20   0x00000190   Code   RO         6902    i.at_setsockopt     at_socket.o
    0x08006fb0   0x000000b8   Code   RO         6903    i.at_shutdown       at_socket.o
    0x08007068   0x00000244   Code   RO         6904    i.at_socket         at_socket.o
    0x080072ac   0x000000c8   Code   RO         3396    i.at_socket_device_init  at_socket_esp8266.o
    0x08007374   0x000000d0   Code   RO         6741    i.at_vprintf        at_utils.o
    0x08007444   0x00000020   Code   RO         6742    i.at_vprintfln      at_utils.o
    0x08007464   0x00000098   Code   RO         4929    i.cat               dfs_file.o
    0x080074fc   0x00000118   Code   RO         5123    i.chdir             dfs_posix.o
    0x08007614   0x000001ac   Code   RO         6692    i.client_cli_parser  at_cli.o
    0x080077c0   0x00000040   Code   RO         6693    i.client_getchar_rx_ind  at_cli.o
    0x08007800   0x00000308   Code   RO         6788    i.client_parser     at_client.o
    0x08007b08   0x00000040   Code   RO         5124    i.close             dfs_posix.o
    0x08007b48   0x0000004c   Code   RO         5125    i.closedir          dfs_posix.o
    0x08007b94   0x00000064   Code   RO         6280    i.cmd_cat           msh_cmd.o
    0x08007bf8   0x0000004c   Code   RO         6281    i.cmd_cd            msh_cmd.o
    0x08007c44   0x00000054   Code   RO         6282    i.cmd_cp            msh_cmd.o
    0x08007c98   0x00000054   Code   RO         6283    i.cmd_df            msh_cmd.o
    0x08007cec   0x00000090   Code   RO         6284    i.cmd_echo          msh_cmd.o
    0x08007d7c   0x0000000a   Code   RO         6285    i.cmd_free          msh_cmd.o
    0x08007d86   0x00000002   PAD
    0x08007d88   0x00000018   Code   RO         6286    i.cmd_ls            msh_cmd.o
    0x08007da0   0x0000007c   Code   RO         6287    i.cmd_mkdir         msh_cmd.o
    0x08007e1c   0x00000088   Code   RO         6288    i.cmd_mkfs          msh_cmd.o
    0x08007ea4   0x00000124   Code   RO         6289    i.cmd_mv            msh_cmd.o
    0x08007fc8   0x0000000a   Code   RO         6290    i.cmd_ps            msh_cmd.o
    0x08007fd2   0x00000002   PAD
    0x08007fd4   0x00000018   Code   RO         6291    i.cmd_pwd           msh_cmd.o
    0x08007fec   0x0000000a   Code   RO          304    i.cmd_reset         board.o
    0x08007ff6   0x00000002   PAD
    0x08007ff8   0x00000068   Code   RO         6292    i.cmd_rm            msh_cmd.o
    0x08008060   0x00000004   Code   RO         6293    i.cmd_time          msh_cmd.o
    0x08008064   0x00000040   Code   RO         6694    i.console_getchar_rx_ind  at_cli.o
    0x080080a4   0x0000014c   Code   RO         4930    i.copy              dfs_file.o
    0x080081f0   0x00000144   Code   RO         4931    i.copydir           dfs_file.o
    0x08008334   0x00000150   Code   RO         4932    i.copyfile          dfs_file.o
    0x08008484   0x00000010   Code   RO         5384    i.devfs_init        devfs.o
    0x08008494   0x000001bc   Code   RO         5047    i.df                dfs_fs.o
    0x08008650   0x00000098   Code   RO         5385    i.dfs_device_fs_close  devfs.o
    0x080086e8   0x00000090   Code   RO         5386    i.dfs_device_fs_getdents  devfs.o
    0x08008778   0x00000058   Code   RO         5387    i.dfs_device_fs_ioctl  devfs.o
    0x080087d0   0x00000004   Code   RO         5388    i.dfs_device_fs_mount  devfs.o
    0x080087d4   0x000000f4   Code   RO         5389    i.dfs_device_fs_open  devfs.o
    0x080088c8   0x00000004   Code   RO         5390    i.dfs_device_fs_poll  devfs.o
    0x080088cc   0x00000060   Code   RO         5391    i.dfs_device_fs_read  devfs.o
    0x0800892c   0x00000074   Code   RO         5392    i.dfs_device_fs_stat  devfs.o
    0x080089a0   0x00000060   Code   RO         5393    i.dfs_device_fs_write  devfs.o
    0x08008a00   0x0000002e   Code   RO         4933    i.dfs_file_close    dfs_file.o
    0x08008a2e   0x00000020   Code   RO         4935    i.dfs_file_getdents  dfs_file.o
    0x08008a4e   0x00000028   Code   RO         4937    i.dfs_file_lseek    dfs_file.o
    0x08008a76   0x00000002   PAD
    0x08008a78   0x000000e0   Code   RO         4938    i.dfs_file_open     dfs_file.o
    0x08008b58   0x00000030   Code   RO         4939    i.dfs_file_read     dfs_file.o
    0x08008b88   0x0000008c   Code   RO         4940    i.dfs_file_rename   dfs_file.o
    0x08008c14   0x000000a4   Code   RO         4941    i.dfs_file_stat     dfs_file.o
    0x08008cb8   0x0000008c   Code   RO         4942    i.dfs_file_unlink   dfs_file.o
    0x08008d44   0x0000001a   Code   RO         4943    i.dfs_file_write    dfs_file.o
    0x08008d5e   0x00000002   PAD
    0x08008d60   0x00000090   Code   RO         5050    i.dfs_filesystem_lookup  dfs_fs.o
    0x08008df0   0x000000a0   Code   RO         4787    i.dfs_init          dfs.o
    0x08008e90   0x00000030   Code   RO         4788    i.dfs_lock          dfs.o
    0x08008ec0   0x00000098   Code   RO         5051    i.dfs_mkfs          dfs_fs.o
    0x08008f58   0x0000016c   Code   RO         5052    i.dfs_mount         dfs_fs.o
    0x080090c4   0x00000138   Code   RO         4789    i.dfs_normalize_path  dfs.o
    0x080091fc   0x00000070   Code   RO         5053    i.dfs_register      dfs_fs.o
    0x0800926c   0x00000030   Code   RO         4790    i.dfs_subdir        dfs.o
    0x0800929c   0x00000010   Code   RO         4791    i.dfs_unlock        dfs.o
    0x080092ac   0x000000b4   Code   RO          411    i.drv_configure     drv_usart.o
    0x08009360   0x00000070   Code   RO          412    i.drv_control       drv_usart.o
    0x080093d0   0x00000040   Code   RO          413    i.drv_getc          drv_usart.o
    0x08009410   0x0000003c   Code   RO          414    i.drv_putc          drv_usart.o
    0x0800944c   0x0000006c   Code   RO         4792    i.fd_get            dfs.o
    0x080094b8   0x000000c8   Code   RO         4793    i.fd_is_open        dfs.o
    0x08009580   0x00000100   Code   RO         4794    i.fd_new            dfs.o
    0x08009680   0x0000008c   Code   RO         4795    i.fd_put            dfs.o
    0x0800970c   0x0000001a   Code   RO         6508    i.fgetc             stubs.o
    0x08009726   0x00000002   PAD
    0x08009728   0x00000084   Code   RO         6006    i.finsh_get_prompt  shell.o
    0x080097ac   0x00000048   Code   RO         6010    i.finsh_set_prompt_mode  shell.o
    0x080097f4   0x000000d0   Code   RO         6012    i.finsh_system_init  shell.o
    0x080098c4   0x00000464   Code   RO         6014    i.finsh_thread_entry  shell.o
    0x08009d28   0x00000008   Code   RO         6436    i.free              mem_std.o
    0x08009d30   0x00000042   Code   RO         6905    i.free_socket       at_socket.o
    0x08009d72   0x00000008   Code   RO         7451    i.getc              mc_p.l(getc.o)
    0x08009d7a   0x00000002   PAD
    0x08009d7c   0x00000020   Code   RO         5129    i.getcwd            dfs_posix.o
    0x08009d9c   0x00000020   Code   RO         6103    i.hello             cmd.o
    0x08009dbc   0x00000100   Code   RO          415    i.hw_usart_init     drv_usart.o
    0x08009ebc   0x00000014   Code   RO         6466    i.libc_stdio_read   stdio.o
    0x08009ed0   0x00000048   Code   RO         6467    i.libc_stdio_set_console  stdio.o
    0x08009f18   0x00000014   Code   RO         6414    i.libc_system_init  libc.o
    0x08009f2c   0x00000068   Code   RO         6104    i.list              cmd.o
    0x08009f94   0x000000e8   Code   RO         6105    i.list_device       cmd.o
    0x0800a07c   0x00000144   Code   RO         6106    i.list_event        cmd.o
    0x0800a1c0   0x0000013c   Code   RO         4796    i.list_fd           dfs.o
    0x0800a2fc   0x00000164   Code   RO         6107    i.list_mailbox      cmd.o
    0x0800a460   0x0000006c   Code   RO         4200    i.list_mem          mem.o
    0x0800a4cc   0x00000154   Code   RO         6108    i.list_mempool      cmd.o
    0x0800a620   0x0000014c   Code   RO         6109    i.list_msgqueue     cmd.o
    0x0800a76c   0x000000e8   Code   RO         6110    i.list_mutex        cmd.o
    0x0800a854   0x00000140   Code   RO         6111    i.list_sem          cmd.o
    0x0800a994   0x00000184   Code   RO         6112    i.list_thread       cmd.o
    0x0800ab18   0x00000124   Code   RO         6113    i.list_timer        cmd.o
    0x0800ac3c   0x0000013c   Code   RO         4944    i.ls                dfs_file.o
    0x0800ad78   0x000000d8   Code   RO            3    i.main              application.o
    0x0800ae50   0x00000024   Code   RO         3517    i.main_thread_entry  components.o
    0x0800ae74   0x00000008   Code   RO         6437    i.malloc            mem_std.o
    0x0800ae7c   0x00000060   Code   RO         5132    i.mkdir             dfs_posix.o
    0x0800aedc   0x00000008   Code   RO         5056    i.mkfs              dfs_fs.o
    0x0800aee4   0x00000118   Code   RO         6238    i.msh_auto_complete  msh.o
    0x0800affc   0x000001a4   Code   RO         6239    i.msh_auto_complete_path  msh.o
    0x0800b1a0   0x00000210   Code   RO         6240    i.msh_exec          msh.o
    0x0800b3b0   0x00000140   Code   RO         6402    i.msh_exec_script   msh_file.o
    0x0800b4f0   0x0000007c   Code   RO         6241    i.msh_help          msh.o
    0x0800b56c   0x00000004   Code   RO         6242    i.msh_is_used       msh.o
    0x0800b570   0x0000003c   Code   RO         6114    i.object_name_maxlen  cmd.o
    0x0800b5ac   0x00000050   Code   RO         5133    i.open              dfs_posix.o
    0x0800b5fc   0x00000074   Code   RO         5134    i.opendir           dfs_posix.o
    0x0800b670   0x000000ec   Code   RO         4201    i.plug_holes        mem.o
    0x0800b75c   0x0000019c   Code   RO         4007    i.print_number      kservice.o
    0x0800b8f8   0x000000a0   Code   RO          305    i.print_rcc_freq_info  board.o
    0x0800b998   0x00000044   Code   RO         5135    i.read              dfs_posix.o
    0x0800b9dc   0x0000006c   Code   RO         5136    i.readdir           dfs_posix.o
    0x0800ba48   0x00000018   Code   RO         5137    i.rename            dfs_posix.o
    0x0800ba60   0x00000036   Code   RO         5138    i.rewinddir         dfs_posix.o
    0x0800ba96   0x00000002   PAD
    0x0800ba98   0x0000009c   Code   RO         4945    i.rm                dfs_file.o
    0x0800bb34   0x00000054   Code   RO         3518    i.rt_application_init  components.o
    0x0800bb88   0x0000006c   Code   RO         4008    i.rt_assert_handler  kservice.o
    0x0800bbf4   0x00000078   Code   RO         4202    i.rt_calloc         mem.o
    0x0800bc6c   0x00000060   Code   RO         5673    i.rt_completion_done  completion.o
    0x0800bccc   0x00000040   Code   RO         5674    i.rt_completion_init  completion.o
    0x0800bd0c   0x00000138   Code   RO         5675    i.rt_completion_wait  completion.o
    0x0800be44   0x00000020   Code   RO         3519    i.rt_components_board_init  components.o
    0x0800be64   0x0000000c   Code   RO         4010    i.rt_console_get_device  kservice.o
    0x0800be70   0x0000002c   Code   RO         4011    i.rt_console_set_device  kservice.o
    0x0800be9c   0x00000060   Code   RO         5698    i.rt_data_queue_init  dataqueue.o
    0x0800befc   0x00000074   Code   RO         5699    i.rt_data_queue_peak  dataqueue.o
    0x0800bf70   0x000001cc   Code   RO         5700    i.rt_data_queue_pop  dataqueue.o
    0x0800c13c   0x00000170   Code   RO         5701    i.rt_data_queue_push  dataqueue.o
    0x0800c2ac   0x000000b0   Code   RO         3583    i.rt_device_close   device.o
    0x0800c35c   0x00000094   Code   RO         3584    i.rt_device_control  device.o
    0x0800c3f0   0x00000080   Code   RO         3587    i.rt_device_find    device.o
    0x0800c470   0x0000014c   Code   RO         3590    i.rt_device_open    device.o
    0x0800c5bc   0x00000044   Code   RO         5462    i.rt_device_pin_register  pin.o
    0x0800c600   0x000000b4   Code   RO         3591    i.rt_device_read    device.o
    0x0800c6b4   0x000000c8   Code   RO         3592    i.rt_device_register  device.o
    0x0800c77c   0x00000080   Code   RO         3593    i.rt_device_set_rx_indicate  device.o
    0x0800c7fc   0x000000b4   Code   RO         3596    i.rt_device_write   device.o
    0x0800c8b0   0x00000018   Code   RO         4429    i.rt_enter_critical  scheduler.o
    0x0800c8c8   0x0000007c   Code   RO         3728    i.rt_event_create   ipc.o
    0x0800c944   0x0000012c   Code   RO         3729    i.rt_event_delete   ipc.o
    0x0800ca70   0x000000dc   Code   RO         3733    i.rt_event_send     ipc.o
    0x0800cb4c   0x0000002c   Code   RO         4430    i.rt_exit_critical  scheduler.o
    0x0800cb78   0x000001dc   Code   RO         4203    i.rt_free           mem.o
    0x0800cd54   0x00000074   Code   RO          306    i.rt_hw_board_init  board.o
    0x0800cdc8   0x00000002   Code   RO         4014    i.rt_hw_console_output  kservice.o
    0x0800cdca   0x00000002   PAD
    0x0800cdcc   0x000000f4   Code   RO         4724    i.rt_hw_hard_fault_exception  cpuport.o
    0x0800cec0   0x00000018   Code   RO          496    i.rt_hw_pin_init    drv_gpio.o
    0x0800ced8   0x00000270   Code   RO         5533    i.rt_hw_serial_isr  serial.o
    0x0800d148   0x00000080   Code   RO         5534    i.rt_hw_serial_register  serial.o
    0x0800d1c8   0x0000003c   Code   RO         4725    i.rt_hw_stack_init  cpuport.o
    0x0800d204   0x00000024   Code   RO         3966    i.rt_interrupt_enter  irq.o
    0x0800d228   0x0000000c   Code   RO         3968    i.rt_interrupt_get_nest  irq.o
    0x0800d234   0x00000024   Code   RO         3969    i.rt_interrupt_leave  irq.o
    0x0800d258   0x00000054   Code   RO         4015    i.rt_kprintf        kservice.o
    0x0800d2ac   0x00000214   Code   RO         4205    i.rt_malloc         mem.o
    0x0800d4c0   0x000000c2   Code   RO         4019    i.rt_memcpy         kservice.o
    0x0800d582   0x0000006c   Code   RO         4020    i.rt_memmove        kservice.o
    0x0800d5ee   0x00000002   PAD
    0x0800d5f0   0x000000d0   Code   RO         4021    i.rt_memset         kservice.o
    0x0800d6c0   0x00000084   Code   RO         3751    i.rt_mutex_create   ipc.o
    0x0800d744   0x0000012c   Code   RO         3752    i.rt_mutex_delete   ipc.o
    0x0800d870   0x00000054   Code   RO         3754    i.rt_mutex_init     ipc.o
    0x0800d8c4   0x00000198   Code   RO         3755    i.rt_mutex_release  ipc.o
    0x0800da5c   0x00000248   Code   RO         3756    i.rt_mutex_take     ipc.o
    0x0800dca4   0x000000e0   Code   RO         4331    i.rt_object_allocate  object.o
    0x0800dd84   0x000000a0   Code   RO         4333    i.rt_object_delete  object.o
    0x0800de24   0x0000005c   Code   RO         4334    i.rt_object_detach  object.o
    0x0800de80   0x00000040   Code   RO         4337    i.rt_object_get_information  object.o
    0x0800dec0   0x00000034   Code   RO         4338    i.rt_object_get_type  object.o
    0x0800def4   0x00000074   Code   RO         4339    i.rt_object_init    object.o
    0x0800df68   0x00000038   Code   RO         4340    i.rt_object_is_systemobject  object.o
    0x0800dfa0   0x00000048   Code   RO         5466    i.rt_pin_mode       pin.o
    0x0800dfe8   0x00000044   Code   RO         5467    i.rt_pin_read       pin.o
    0x0800e02c   0x00000048   Code   RO         5468    i.rt_pin_write      pin.o
    0x0800e074   0x00000128   Code   RO         4208    i.rt_realloc        mem.o
    0x0800e19c   0x00000070   Code   RO         5840    i.rt_ringbuffer_create  ringbuffer.o
    0x0800e20c   0x00000040   Code   RO         5841    i.rt_ringbuffer_data_len  ringbuffer.o
    0x0800e24c   0x00000034   Code   RO         5842    i.rt_ringbuffer_destroy  ringbuffer.o
    0x0800e280   0x00000064   Code   RO         5844    i.rt_ringbuffer_getchar  ringbuffer.o
    0x0800e2e4   0x00000054   Code   RO         5845    i.rt_ringbuffer_init  ringbuffer.o
    0x0800e338   0x000000c8   Code   RO         5847    i.rt_ringbuffer_put_force  ringbuffer.o
    0x0800e400   0x00000130   Code   RO         4431    i.rt_schedule       scheduler.o
    0x0800e530   0x00000070   Code   RO         4432    i.rt_schedule_insert_thread  scheduler.o
    0x0800e5a0   0x00000070   Code   RO         4433    i.rt_schedule_remove_thread  scheduler.o
    0x0800e610   0x00000094   Code   RO         3757    i.rt_sem_control    ipc.o
    0x0800e6a4   0x0000007c   Code   RO         3758    i.rt_sem_create     ipc.o
    0x0800e720   0x0000011c   Code   RO         3759    i.rt_sem_delete     ipc.o
    0x0800e83c   0x000000b4   Code   RO         3760    i.rt_sem_detach     ipc.o
    0x0800e8f0   0x00000044   Code   RO         3761    i.rt_sem_init       ipc.o
    0x0800e934   0x00000084   Code   RO         3762    i.rt_sem_release    ipc.o
    0x0800e9b8   0x000001d8   Code   RO         3763    i.rt_sem_take       ipc.o
    0x0800eb90   0x0000016c   Code   RO         5535    i.rt_serial_close   serial.o
    0x0800ecfc   0x000000fc   Code   RO         5536    i.rt_serial_control  serial.o
    0x0800edf8   0x00000048   Code   RO         5537    i.rt_serial_init    serial.o
    0x0800ee40   0x00000244   Code   RO         5538    i.rt_serial_open    serial.o
    0x0800f084   0x0000035c   Code   RO         5539    i.rt_serial_read    serial.o
    0x0800f3e0   0x00000128   Code   RO         5540    i.rt_serial_write   serial.o
    0x0800f508   0x00000024   Code   RO         4022    i.rt_set_errno      kservice.o
    0x0800f52c   0x000000b0   Code   RO         4023    i.rt_show_version   kservice.o
    0x0800f5dc   0x00000014   Code   RO         4024    i.rt_snprintf       kservice.o
    0x0800f5f0   0x0000001a   Code   RO         4027    i.rt_strcmp         kservice.o
    0x0800f60a   0x0000002e   Code   RO         4028    i.rt_strdup         kservice.o
    0x0800f638   0x00000010   Code   RO         4029    i.rt_strlen         kservice.o
    0x0800f648   0x00000026   Code   RO         4030    i.rt_strncmp        kservice.o
    0x0800f66e   0x00000002   PAD
    0x0800f670   0x00000060   Code   RO         4031    i.rt_strncpy        kservice.o
    0x0800f6d0   0x00000104   Code   RO         4209    i.rt_system_heap_init  mem.o
    0x0800f7d4   0x00000038   Code   RO         4435    i.rt_system_scheduler_init  scheduler.o
    0x0800f80c   0x00000028   Code   RO         4436    i.rt_system_scheduler_start  scheduler.o
    0x0800f834   0x0000000c   Code   RO         4639    i.rt_system_timer_init  timer.o
    0x0800f840   0x00000002   Code   RO         4640    i.rt_system_timer_thread_init  timer.o
    0x0800f842   0x00000002   PAD
    0x0800f844   0x00000120   Code   RO         4512    i.rt_thread_control  thread.o
    0x0800f964   0x00000046   Code   RO         4513    i.rt_thread_create  thread.o
    0x0800f9aa   0x00000008   Code   RO         4514    i.rt_thread_delay   thread.o
    0x0800f9b2   0x00000002   PAD
    0x0800f9b4   0x000000c8   Code   RO         4515    i.rt_thread_delete  thread.o
    0x0800fa7c   0x0000005c   Code   RO         4517    i.rt_thread_exit    thread.o
    0x0800fad8   0x000000c8   Code   RO         3681    i.rt_thread_idle_entry  idle.o
    0x0800fba0   0x000000d8   Code   RO         3682    i.rt_thread_idle_excute  idle.o
    0x0800fc78   0x00000040   Code   RO         3684    i.rt_thread_idle_init  idle.o
    0x0800fcb8   0x00000078   Code   RO         4519    i.rt_thread_init    thread.o
    0x0800fd30   0x0000009c   Code   RO         4522    i.rt_thread_resume  thread.o
    0x0800fdcc   0x0000000c   Code   RO         4524    i.rt_thread_self    thread.o
    0x0800fdd8   0x000000dc   Code   RO         4525    i.rt_thread_sleep   thread.o
    0x0800feb4   0x0000011c   Code   RO         4526    i.rt_thread_startup  thread.o
    0x0800ffd0   0x00000084   Code   RO         4527    i.rt_thread_suspend  thread.o
    0x08010054   0x000000c4   Code   RO         4529    i.rt_thread_timeout  thread.o
    0x08010118   0x0000005c   Code   RO         4530    i.rt_thread_yield   thread.o
    0x08010174   0x00000020   Code   RO         3479    i.rt_tick_from_millisecond  clock.o
    0x08010194   0x0000000c   Code   RO         3480    i.rt_tick_get       clock.o
    0x080101a0   0x00000028   Code   RO         3481    i.rt_tick_increase  clock.o
    0x080101c8   0x00000088   Code   RO         4641    i.rt_timer_check    timer.o
    0x08010250   0x000000b4   Code   RO         4642    i.rt_timer_control  timer.o
    0x08010304   0x000000e0   Code   RO         4645    i.rt_timer_detach   timer.o
    0x080103e4   0x00000058   Code   RO         4646    i.rt_timer_init     timer.o
    0x0801043c   0x0000016c   Code   RO         4648    i.rt_timer_start    timer.o
    0x080105a8   0x000000c0   Code   RO         4649    i.rt_timer_stop     timer.o
    0x08010668   0x00000318   Code   RO         4034    i.rt_vsnprintf      kservice.o
    0x08010980   0x00000118   Code   RO         5915    i.rt_wqueue_wait    waitqueue.o
    0x08010a98   0x00000060   Code   RO         5916    i.rt_wqueue_wakeup  waitqueue.o
    0x08010af8   0x00000004   Code   RO         3521    i.rti_board_end     components.o
    0x08010afc   0x00000004   Code   RO         3522    i.rti_board_start   components.o
    0x08010b00   0x00000004   Code   RO         3523    i.rti_end           components.o
    0x08010b04   0x00000004   Code   RO         3524    i.rti_start         components.o
    0x08010b08   0x00000028   Code   RO         7068    i.sal_get_socket    sal_socket.o
    0x08010b30   0x00000108   Code   RO         7075    i.sal_init          sal_socket.o
    0x08010c38   0x00000148   Code   RO         7023    i.sal_ip4addr_aton  sal_ipaddr.o
    0x08010d80   0x00000016   Code   RO         7026    i.sal_ipaddr_addr   sal_ipaddr.o
    0x08010d96   0x00000002   PAD
    0x08010d98   0x000000f8   Code   RO         7080    i.sal_proto_family_register  sal_socket.o
    0x08010e90   0x00000016   Code   RO         5541    i.serial_fops_close  serial.o
    0x08010ea6   0x0000000a   Code   RO         5542    i.serial_fops_ioctl  serial.o
    0x08010eb0   0x0000006c   Code   RO         5543    i.serial_fops_open  serial.o
    0x08010f1c   0x00000074   Code   RO         5544    i.serial_fops_poll  serial.o
    0x08010f90   0x00000038   Code   RO         5545    i.serial_fops_read  serial.o
    0x08010fc8   0x0000000e   Code   RO         5546    i.serial_fops_rx_ind  serial.o
    0x08010fd6   0x00000012   Code   RO         5547    i.serial_fops_write  serial.o
    0x08010fe8   0x000000ac   Code   RO          497    i.stm32_pin_attach_irq  drv_gpio.o
    0x08011094   0x00000080   Code   RO          498    i.stm32_pin_dettach_irq  drv_gpio.o
    0x08011114   0x0000012c   Code   RO          499    i.stm32_pin_irq_enable  drv_gpio.o
    0x08011240   0x00000078   Code   RO          500    i.stm32_pin_mode    drv_gpio.o
    0x080112b8   0x0000002c   Code   RO          501    i.stm32_pin_read    drv_gpio.o
    0x080112e4   0x0000002c   Code   RO          502    i.stm32_pin_write   drv_gpio.o
    0x08011310   0x00000018   Code   RO         5144    i.unlink            dfs_posix.o
    0x08011328   0x0000004c   Code   RO         3397    i.urc_close_func    at_socket_esp8266.o
    0x08011374   0x00000034   Code   RO         3398    i.urc_iot_connect_status  at_socket_esp8266.o
    0x080113a8   0x0000008c   Code   RO         3399    i.urc_ping_func     at_socket_esp8266.o
    0x08011434   0x000001e4   Code   RO         3400    i.urc_recv_func     at_socket_esp8266.o
    0x08011618   0x00000054   Code   RO         3401    i.urc_send_bfsz_func  at_socket_esp8266.o
    0x0801166c   0x0000000a   Code   RO         6115    i.version           cmd.o
    0x08011676   0x00000002   PAD
    0x08011678   0x00000044   Code   RO         5145    i.write             dfs_posix.o
    0x080116bc   0x00000048   Data   RO          417    .constdata          drv_usart.o
    0x08011704   0x00000598   Data   RO          503    .constdata          drv_gpio.o
    0x08011c9c   0x00000019   Data   RO          591    .constdata          system_stm32l0xx.o
    0x08011cb5   0x00000008   Data   RO          592    .constdata          system_stm32l0xx.o
    0x08011cbd   0x00000003   PAD
    0x08011cc0   0x0000007d   Data   RO         3402    .constdata          at_socket_esp8266.o
    0x08011d3d   0x00000014   Data   RO         3526    .constdata          components.o
    0x08011d51   0x000000d8   Data   RO         3597    .constdata          device.o
    0x08011e29   0x00000016   Data   RO         3687    .constdata          idle.o
    0x08011e3f   0x000001f7   Data   RO         3765    .constdata          ipc.o
    0x08012036   0x00000122   Data   RO         4037    .constdata          kservice.o
    0x08012158   0x00000046   Data   RO         4211    .constdata          mem.o
    0x0801219e   0x00000080   Data   RO         4345    .constdata          object.o
    0x0801221e   0x0000004e   Data   RO         4438    .constdata          scheduler.o
    0x0801226c   0x000000b9   Data   RO         4531    .constdata          thread.o
    0x08012325   0x0000005c   Data   RO         4651    .constdata          timer.o
    0x08012381   0x00000023   Data   RO         4798    .constdata          dfs.o
    0x080123a4   0x00000040   Data   RO         5057    .constdata          dfs_fs.o
    0x080123e4   0x00000024   Data   RO         5394    .constdata          devfs.o
    0x08012408   0x000000a1   Data   RO         5395    .constdata          devfs.o
    0x080124a9   0x0000007d   Data   RO         5470    .constdata          pin.o
    0x08012526   0x00000002   PAD
    0x08012528   0x00000170   Data   RO         5548    .constdata          serial.o
    0x08012698   0x00000039   Data   RO         5676    .constdata          completion.o
    0x080126d1   0x0000004b   Data   RO         5703    .constdata          dataqueue.o
    0x0801271c   0x000000d6   Data   RO         5851    .constdata          ringbuffer.o
    0x080127f2   0x0000000f   Data   RO         5917    .constdata          waitqueue.o
    0x08012801   0x0000004a   Data   RO         6016    .constdata          shell.o
    0x0801284b   0x00000001   PAD
    0x0801284c   0x00000050   Data   RO         6116    .constdata          cmd.o
    0x0801289c   0x0000000e   Data   RO         6243    .constdata          msh.o
    0x080128aa   0x0000000c   Data   RO         6696    .constdata          at_cli.o
    0x080128b6   0x000000d7   Data   RO         6790    .constdata          at_client.o
    0x0801298d   0x00000068   Data   RO         6907    .constdata          at_socket.o
    0x080129f5   0x00000011   Data   RO         7028    .constdata          sal_ipaddr.o
    0x08012a06   0x00000002   PAD
    0x08012a08   0x0000006a   Data   RO         7265    .constdata          af_inet_at.o
    0x08012a72   0x00000081   Data   RO         7465    .constdata          mc_p.l(ctype_o.o)
    0x08012af3   0x00000001   PAD
    0x08012af4   0x00000004   Data   RO         7466    .constdata          mc_p.l(ctype_o.o)
    0x08012af8   0x00000135   Data   RO         3403    .conststring        at_socket_esp8266.o
    0x08012c2d   0x00000003   PAD
    0x08012c30   0x000000cf   Data   RO         3766    .conststring        ipc.o
    0x08012cff   0x00000001   PAD
    0x08012d00   0x000000ed   Data   RO         4212    .conststring        mem.o
    0x08012ded   0x00000003   PAD
    0x08012df0   0x00000042   Data   RO         4532    .conststring        thread.o
    0x08012e32   0x00000002   PAD
    0x08012e34   0x0000000b   Data   RO         5058    .conststring        dfs_fs.o
    0x08012e3f   0x00000001   PAD
    0x08012e40   0x00000006   Data   RO         5396    .conststring        devfs.o
    0x08012e46   0x00000002   PAD
    0x08012e48   0x0000015d   Data   RO         6117    .conststring        cmd.o
    0x08012fa5   0x00000003   PAD
    0x08012fa8   0x0000008c   Data   RO         6697    .conststring        at_cli.o
    0x08013034   0x0000023f   Data   RO         6791    .conststring        at_client.o
    0x08013273   0x00000001   PAD
    0x08013274   0x00000062   Data   RO         6908    .conststring        at_socket.o
    0x080132d6   0x00000015   Data   RO            4    .rodata.name        application.o
    0x080132eb   0x00000024   Data   RO            5    .rodata.name        application.o
    0x0801330f   0x00000015   Data   RO            6    .rodata.name        application.o
    0x08013324   0x00000015   Data   RO            7    .rodata.name        application.o
    0x08013339   0x0000000c   Data   RO          307    .rodata.name        board.o
    0x08013345   0x0000000c   Data   RO          308    .rodata.name        board.o
    0x08013351   0x00000012   Data   RO         3405    .rodata.name        at_socket_esp8266.o
    0x08013363   0x00000016   Data   RO         3406    .rodata.name        at_socket_esp8266.o
    0x08013379   0x0000000e   Data   RO         3407    .rodata.name        at_socket_esp8266.o
    0x08013387   0x00000015   Data   RO         3408    .rodata.name        at_socket_esp8266.o
    0x0801339c   0x00000009   Data   RO         4214    .rodata.name        mem.o
    0x080133a5   0x0000001e   Data   RO         4215    .rodata.name        mem.o
    0x080133c3   0x0000000e   Data   RO         4800    .rodata.name        dfs.o
    0x080133d1   0x00000015   Data   RO         4801    .rodata.name        dfs.o
    0x080133e6   0x00000003   Data   RO         4947    .rodata.name        dfs_file.o
    0x080133e9   0x00000018   Data   RO         4948    .rodata.name        dfs_file.o
    0x08013401   0x00000003   Data   RO         4949    .rodata.name        dfs_file.o
    0x08013404   0x0000001c   Data   RO         4950    .rodata.name        dfs_file.o
    0x08013420   0x00000004   Data   RO         4951    .rodata.name        dfs_file.o
    0x08013424   0x0000000b   Data   RO         4952    .rodata.name        dfs_file.o
    0x0801342f   0x00000005   Data   RO         4953    .rodata.name        dfs_file.o
    0x08013434   0x00000011   Data   RO         4954    .rodata.name        dfs_file.o
    0x08013445   0x00000005   Data   RO         5059    .rodata.name        dfs_fs.o
    0x0801344a   0x00000013   Data   RO         5060    .rodata.name        dfs_fs.o
    0x0801345d   0x00000003   Data   RO         5061    .rodata.name        dfs_fs.o
    0x08013460   0x0000000e   Data   RO         5062    .rodata.name        dfs_fs.o
    0x0801346e   0x00000006   Data   RO         5146    .rodata.name        dfs_posix.o
    0x08013474   0x00000013   Data   RO         5147    .rodata.name        dfs_posix.o
    0x08013487   0x00000003   Data   RO         5148    .rodata.name        dfs_posix.o
    0x0801348a   0x00000021   Data   RO         5149    .rodata.name        dfs_posix.o
    0x080134ab   0x00000008   Data   RO         5471    .rodata.name        pin.o
    0x080134b3   0x00000016   Data   RO         5472    .rodata.name        pin.o
    0x080134c9   0x00000009   Data   RO         5473    .rodata.name        pin.o
    0x080134d2   0x0000001c   Data   RO         5474    .rodata.name        pin.o
    0x080134ee   0x00000008   Data   RO         5475    .rodata.name        pin.o
    0x080134f6   0x0000001e   Data   RO         5476    .rodata.name        pin.o
    0x08013514   0x00000006   Data   RO         6118    .rodata.name        cmd.o
    0x0801351a   0x00000010   Data   RO         6119    .rodata.name        cmd.o
    0x0801352a   0x00000008   Data   RO         6120    .rodata.name        cmd.o
    0x08013532   0x00000023   Data   RO         6121    .rodata.name        cmd.o
    0x08013555   0x0000000e   Data   RO         6122    .rodata.name        cmd.o
    0x08013563   0x00000023   Data   RO         6123    .rodata.name        cmd.o
    0x08013586   0x0000000c   Data   RO         6124    .rodata.name        cmd.o
    0x08013592   0x0000000c   Data   RO         6125    .rodata.name        cmd.o
    0x0801359e   0x00000012   Data   RO         6126    .rodata.name        cmd.o
    0x080135b0   0x0000000c   Data   RO         6127    .rodata.name        cmd.o
    0x080135bc   0x00000009   Data   RO         6128    .rodata.name        cmd.o
    0x080135c5   0x00000019   Data   RO         6129    .rodata.name        cmd.o
    0x080135de   0x0000000f   Data   RO         6130    .rodata.name        cmd.o
    0x080135ed   0x00000019   Data   RO         6131    .rodata.name        cmd.o
    0x08013606   0x0000000b   Data   RO         6132    .rodata.name        cmd.o
    0x08013611   0x00000015   Data   RO         6133    .rodata.name        cmd.o
    0x08013626   0x00000011   Data   RO         6134    .rodata.name        cmd.o
    0x08013637   0x00000015   Data   RO         6135    .rodata.name        cmd.o
    0x0801364c   0x0000000b   Data   RO         6136    .rodata.name        cmd.o
    0x08013657   0x00000015   Data   RO         6137    .rodata.name        cmd.o
    0x0801366c   0x00000011   Data   RO         6138    .rodata.name        cmd.o
    0x0801367d   0x00000015   Data   RO         6139    .rodata.name        cmd.o
    0x08013692   0x0000000d   Data   RO         6140    .rodata.name        cmd.o
    0x0801369f   0x00000018   Data   RO         6141    .rodata.name        cmd.o
    0x080136b7   0x00000013   Data   RO         6142    .rodata.name        cmd.o
    0x080136ca   0x00000018   Data   RO         6143    .rodata.name        cmd.o
    0x080136e2   0x0000000e   Data   RO         6144    .rodata.name        cmd.o
    0x080136f0   0x0000001d   Data   RO         6145    .rodata.name        cmd.o
    0x0801370d   0x00000014   Data   RO         6146    .rodata.name        cmd.o
    0x08013721   0x0000001d   Data   RO         6147    .rodata.name        cmd.o
    0x0801373e   0x0000000d   Data   RO         6148    .rodata.name        cmd.o
    0x0801374b   0x0000001b   Data   RO         6149    .rodata.name        cmd.o
    0x08013766   0x00000013   Data   RO         6150    .rodata.name        cmd.o
    0x08013779   0x0000001b   Data   RO         6151    .rodata.name        cmd.o
    0x08013794   0x0000000b   Data   RO         6152    .rodata.name        cmd.o
    0x0801379f   0x00000015   Data   RO         6153    .rodata.name        cmd.o
    0x080137b4   0x00000011   Data   RO         6154    .rodata.name        cmd.o
    0x080137c5   0x00000015   Data   RO         6155    .rodata.name        cmd.o
    0x080137da   0x0000000c   Data   RO         6156    .rodata.name        cmd.o
    0x080137e6   0x00000016   Data   RO         6157    .rodata.name        cmd.o
    0x080137fc   0x00000012   Data   RO         6158    .rodata.name        cmd.o
    0x0801380e   0x00000016   Data   RO         6159    .rodata.name        cmd.o
    0x08013824   0x00000005   Data   RO         6160    .rodata.name        cmd.o
    0x08013829   0x0000001a   Data   RO         6161    .rodata.name        cmd.o
    0x08013843   0x0000000b   Data   RO         6244    .rodata.name        msh.o
    0x0801384e   0x00000016   Data   RO         6245    .rodata.name        msh.o
    0x08013864   0x00000009   Data   RO         6294    .rodata.name        msh_cmd.o
    0x0801386d   0x00000022   Data   RO         6295    .rodata.name        msh_cmd.o
    0x0801388f   0x00000009   Data   RO         6296    .rodata.name        msh_cmd.o
    0x08013898   0x00000015   Data   RO         6297    .rodata.name        msh_cmd.o
    0x080138ad   0x00000009   Data   RO         6298    .rodata.name        msh_cmd.o
    0x080138b6   0x00000017   Data   RO         6299    .rodata.name        msh_cmd.o
    0x080138cd   0x0000000a   Data   RO         6300    .rodata.name        msh_cmd.o
    0x080138d7   0x00000014   Data   RO         6301    .rodata.name        msh_cmd.o
    0x080138eb   0x00000009   Data   RO         6302    .rodata.name        msh_cmd.o
    0x080138f4   0x0000001c   Data   RO         6303    .rodata.name        msh_cmd.o
    0x08013910   0x00000009   Data   RO         6304    .rodata.name        msh_cmd.o
    0x08013919   0x00000024   Data   RO         6305    .rodata.name        msh_cmd.o
    0x0801393d   0x0000000a   Data   RO         6306    .rodata.name        msh_cmd.o
    0x08013947   0x00000031   Data   RO         6307    .rodata.name        msh_cmd.o
    0x08013978   0x0000000c   Data   RO         6308    .rodata.name        msh_cmd.o
    0x08013984   0x00000016   Data   RO         6309    .rodata.name        msh_cmd.o
    0x0801399a   0x0000000b   Data   RO         6310    .rodata.name        msh_cmd.o
    0x080139a5   0x0000001d   Data   RO         6311    .rodata.name        msh_cmd.o
    0x080139c2   0x00000009   Data   RO         6312    .rodata.name        msh_cmd.o
    0x080139cb   0x0000000a   Data   RO         6313    .rodata.name        msh_cmd.o
    0x080139d5   0x0000000b   Data   RO         6314    .rodata.name        msh_cmd.o
    0x080139e0   0x00000014   Data   RO         6315    .rodata.name        msh_cmd.o
    0x080139f4   0x00000009   Data   RO         6316    .rodata.name        msh_cmd.o
    0x080139fd   0x0000001c   Data   RO         6317    .rodata.name        msh_cmd.o
    0x08013a19   0x0000000b   Data   RO         6318    .rodata.name        msh_cmd.o
    0x08013a24   0x0000001b   Data   RO         6319    .rodata.name        msh_cmd.o
    0x08013a3f   0x0000000b   Data   RO         6320    .rodata.name        msh_cmd.o
    0x08013a4a   0x00000025   Data   RO         6321    .rodata.name        msh_cmd.o
    0x08013a6f   0x00000009   Data   RO         6699    .rodata.name        at_cli.o
    0x08013a78   0x0000003a   Data   RO         6700    .rodata.name        at_cli.o
    0x08013ab2   0x00000002   PAD
    0x08013ab4   0x00000004   Data   RO         3527    .rti_fn.0           components.o
    0x08013ab8   0x00000004   Data   RO         3528    .rti_fn.0.end       components.o
    0x08013abc   0x00000004   Data   RO          418    .rti_fn.1           drv_usart.o
    0x08013ac0   0x00000004   Data   RO          505    .rti_fn.1           drv_gpio.o
    0x08013ac4   0x00000004   Data   RO         3529    .rti_fn.1.end       components.o
    0x08013ac8   0x00000004   Data   RO         4802    .rti_fn.2           dfs.o
    0x08013acc   0x00000004   Data   RO         6415    .rti_fn.4           libc.o
    0x08013ad0   0x00000004   Data   RO         7092    .rti_fn.4           sal_socket.o
    0x08013ad4   0x00000004   Data   RO         7266    .rti_fn.4           af_inet_at.o
    0x08013ad8   0x00000004   Data   RO         6018    .rti_fn.6           shell.o
    0x08013adc   0x00000004   Data   RO         3530    .rti_fn.6.end       components.o
    0x08013ae0   0x00000018   Data   RO            8    FSymTab             application.o
    0x08013af8   0x0000000c   Data   RO          309    FSymTab             board.o
    0x08013b04   0x00000018   Data   RO         3409    FSymTab             at_socket_esp8266.o
    0x08013b1c   0x0000000c   Data   RO         4216    FSymTab             mem.o
    0x08013b28   0x0000000c   Data   RO         4803    FSymTab             dfs.o
    0x08013b34   0x00000030   Data   RO         4955    FSymTab             dfs_file.o
    0x08013b64   0x00000018   Data   RO         5063    FSymTab             dfs_fs.o
    0x08013b7c   0x00000018   Data   RO         5150    FSymTab             dfs_posix.o
    0x08013b94   0x00000024   Data   RO         5477    FSymTab             pin.o
    0x08013bb8   0x00000108   Data   RO         6162    FSymTab             cmd.o
    0x08013cc0   0x0000000c   Data   RO         6246    FSymTab             msh.o
    0x08013ccc   0x000000a8   Data   RO         6322    FSymTab             msh_cmd.o
    0x08013d74   0x0000000c   Data   RO         6701    FSymTab             at_cli.o
    0x08013d80   0x00000020   Data   RO         7863    Region$$Table       anon$$obj.o


    Execution Region RW_IRAM1 (Base: 0x20000000, Size: 0x000014a0, Max: 0x00005000, ABSOLUTE, COMPRESSED[0x0000009c])

    Base Addr    Size         Type   Attr      Idx    E Section Name        Object

    0x20000000   0x0000000c   Data   RW          504    .data               drv_gpio.o
    0x2000000c   0x00000004   Data   RW          593    .data               system_stm32l0xx.o
    0x20000010   0x00000004   Data   RW          652    .data               stm32l0xx_hal.o
    0x20000014   0x0000006c   Data   RW         3404    .data               at_socket_esp8266.o
    0x20000080   0x00000004   Data   RW         3483    .data               clock.o
    0x20000084   0x0000000c   Data   RW         3971    .data               irq.o
    0x20000090   0x0000000c   Data   RW         4038    .data               kservice.o
    0x2000009c   0x00000020   Data   RW         4213    .data               mem.o
    0x200000bc   0x000000a4   Data   RW         4346    .data               object.o
    0x20000160   0x00000018   Data   RW         4439    .data               scheduler.o
    0x20000178   0x0000000c   Data   RW         4533    .data               thread.o
    0x20000184   0x00000010   Data   RW         4652    .data               timer.o
    0x20000194   0x00000004   Data   RW         4726    .data               cpuport.o
    0x20000198   0x00000004   Data   RW         4727    .data               cpuport.o
    0x2000019c   0x00000004   Data   RW         4728    .data               cpuport.o
    0x200001a0   0x00000114   Data   RW         4799    .data               dfs.o
    0x200002b4   0x00000008   Data   RW         6017    .data               shell.o
    0x200002bc   0x00000004   Data   RW         6084    .data               symbol.o
    0x200002c0   0x00000004   Data   RW         6085    .data               symbol.o
    0x200002c4   0x00000004   Data   RW         6469    .data               stdio.o
    0x200002c8   0x00000010   Data   RW         6698    .data               at_cli.o
    0x200002d8   0x00000004   Data   RW         6744    .data               at_utils.o
    0x200002dc   0x00000004   Data   RW         6792    .data               at_client.o
    0x200002e0   0x00000014   Data   RW         6909    .data               at_socket.o
    0x200002f4   0x0000000c   Data   RW         7091    .data               sal_socket.o
    0x20000300   0x00000004   Data   RW         7453    .data               mc_p.l(stdin.o)
    0x20000304   0x00000004   Data   RW         7809    .data               mc_p.l(errno.o)
    0x20000308   0x00000438   Zero   RW          416    .bss                drv_usart.o
    0x20000740   0x00000190   Zero   RW         3686    .bss                idle.o
    0x200008d0   0x00000080   Zero   RW         4036    .bss                kservice.o
    0x20000950   0x00000020   Zero   RW         4210    .bss                mem.o
    0x20000970   0x00000100   Zero   RW         4437    .bss                scheduler.o
    0x20000a70   0x00000044   Zero   RW         4797    .bss                dfs.o
    0x20000ab4   0x00000124   Zero   RW         4946    .bss                dfs_file.o
    0x20000bd8   0x00000054   Zero   RW         5469    .bss                pin.o
    0x20000c2c   0x00000081   Zero   RW         6015    .bss                shell.o
    0x20000cad   0x00000003   PAD
    0x20000cb0   0x00000040   Zero   RW         6695    .bss                at_cli.o
    0x20000cf0   0x00000080   Zero   RW         6743    .bss                at_utils.o
    0x20000d70   0x00000034   Zero   RW         6789    .bss                at_client.o
    0x20000da4   0x00000241   Zero   RW         6906    .bss                at_socket.o
    0x20000fe5   0x00000003   PAD
    0x20000fe8   0x000000b4   Zero   RW         7089    .bss                sal_socket.o
    0x2000109c   0x00000004   PAD
    0x200010a0   0x00000400   Zero   RW         3381    STACK               startup_stm32l071xx.o


==============================================================================

Image component sizes


      Code (inc. data)   RO Data    RW Data    ZI Data      Debug   Object Name

       148         20        110          0          0       6436   af_inet_at.o
      1164        540        123          0          0      36770   application.o
      1108        368        231         16         64       6008   at_cli.o
      4252       1408        790          4         52      17814   at_client.o
      5906       1980        202         20        577      28088   at_socket.o
      4252       1578        533        108          0      15095   at_socket_esp8266.o
       440        110          0          4        128       3875   at_utils.o
       458        152         36          0          0       3092   board.o
        84         14          0          4          0       1676   clock.o
      3022       1294       1508          0          0      20846   cmd.o
       472        180         57          0          0       2915   completion.o
       272         70         36          0          0       4784   components.o
       216         32          0          0          0        764   context_rvds.o
       304        166          0         12          0       2510   cpuport.o
      1040        228         75          0          0       5775   dataqueue.o
       960        268        203          0          0       8625   devfs.o
      1472        624        216          0          0      12764   device.o
      1604        362         86        276         68      23659   dfs.o
      2476        410        143          0        292      15649   dfs_file.o
      1274        150        140          0          0       8642   dfs_fs.o
      1090         50         85          0          0      11472   dfs_posix.o
      1000        110       1436         12          0      10160   drv_gpio.o
      1260        304         76          0       1080      15318   drv_usart.o
       480         94         22          0        400       5640   idle.o
      3560       1218        710          0          0      37833   ipc.o
        84         14          0         12          0       1974   irq.o
      2482        260        290         12        128      20967   kservice.o
         0          0          0          0          0     297608   ledapp.o
        20          0          4          0          0       1320   libc.o
      2028        814        358         32         32       6684   mem.o
        16          0          0          0          0       1060   mem_std.o
      1356        190         59          0          0       7335   msh.o
      1216        574        691          0          0      12112   msh_cmd.o
       320         20          0          0          0       2118   msh_file.o
       764        264        128        164          0       9566   object.o
       480        178        266          0         84       8126   pin.o
         0          0          0          0          0      13988   poll.o
       612        124        214          0          0       8417   ringbuffer.o
       350         24         17          0          0       2848   sal_ipaddr.o
       552        248          4         12        180       5321   sal_socket.o
       692        218         78         24        256       7948   scheduler.o
      3520        810        368          0          0      33475   serial.o
      1558        196         78          8        129       7175   shell.o
        28          8        192          0       1024        704   startup_stm32l071xx.o
        92         18          0          4          0       1575   stdio.o
       100         24          0          4          0       3015   stm32l0xx_hal.o
       230         48          0          0          0      13076   stm32l0xx_hal_cortex.o
       434         36          0          0          0       3518   stm32l0xx_hal_gpio.o
         2          0          0          0          0        482   stm32l0xx_hal_msp_template.o
        16          4          0          0          0        495   stm32l0xx_hal_pwr.o
      1984        136          0          0          0       6878   stm32l0xx_hal_rcc.o
       784         52          0          0          0       2997   stm32l0xx_hal_rcc_ex.o
      1214         78          0          0          0       5349   stm32l0xx_hal_uart.o
       174          0          0          0          0       2299   stm32l0xx_it.o
        26          0          0          0          0       1804   stubs.o
         0          0          0          8          0       5053   symbol.o
        84         18         33          4          0       1403   system_stm32l0xx.o
      2058        532        251         12          0      15063   thread.o
      1198        482         92         16          0       9907   timer.o
       380         52         15          0          0       3457   waitqueue.o

    ----------------------------------------------------------------------
     63214      17152      10014        768       4504     831327   Object Totals
         0          0         32          0          0          0   (incl. Generated)
        46          0         26          0         10          0   (incl. Padding)

    ----------------------------------------------------------------------

      Code (inc. data)   RO Data    RW Data    ZI Data      Debug   Library Member Name

        60         10          0          0          0         84   __0sscanf.o
        86          0          0          0          0          0   __dczerorl2.o
        30          0          0          0          0         60   _chval.o
       824         12          0          0          0         84   _scanf.o
       330          0          0          0          0         84   _scanf_int.o
       330          0          0          0          0         84   _scanf_longlong.o
       232          0          0          0          0         84   _scanf_str.o
        68          0          0          0          0         76   _sgetc.o
       166          0          0          0          0         84   _strtoul.o
        26          0          0          0          0         72   atoi.o
         8          4        133          0          0         60   ctype_o.o
         0          0          0          0          0          0   entry.o
         0          0          0          0          0          0   entry10a.o
         0          0          0          0          0          0   entry11a.o
         8          4          0          0          0          0   entry2.o
         4          0          0          0          0          0   entry5.o
         0          0          0          0          0          0   entry7b.o
         0          0          0          0          0          0   entry8b.o
         8          4          0          0          0          0   entry9a.o
         8          4          0          4          0         60   errno.o
         8          0          0          0          0         68   getc.o
        30          0          0          0          0          0   handlers.o
        40          0          0          0          0         72   idiv.o
        36          8          0          0          0         68   init.o
        18          0          0          0          0         68   isspace_o.o
         0          0          0          0          0          0   iusefp.o
        76          0          0          0          0         76   ldiv.o
       122          0          0          0          0         84   llmul.o
        32          0          0          0          0         68   llshl.o
        38          0          0          0          0         68   llsshr.o
        34          0          0          0          0         68   llushr.o
        26          0          0          0          0         72   memcmp.o
        36          0          0          0          0         60   memcpya.o
        36          0          0          0          0        100   memseta.o
      2388        104          0          0          0        688   printfa.o
        44          8          0          0          0         84   scanf_char.o
       898         12          0          0          0        184   scanf_fp.o
         0          0          0          4          0          0   stdin.o
        24          0          0          0          0         60   strcat.o
        20          0          0          0          0         60   strchr.o
        28          0          0          0          0         68   strcmp.o
        18          0          0          0          0         60   strcpy.o
        14          0          0          0          0         60   strlen.o
        30          0          0          0          0         72   strncmp.o
        26          0          0          0          0         68   strncpy.o
        32          0          0          0          0         60   strrchr.o
        40          0          0          0          0         72   strstr.o
       112          4          0          0          0         76   strtol.o
        44          0          0          0          0         72   uidiv.o
        96          0          0          0          0         84   uldiv.o
        48          8          0          0          0         72   vsscanf.o
        40          2          0          0          0         68   cdrcmple.o
        56          0          0          0          0         68   d2f.o
       356          4          0          0          0        140   dadd.o
       240          6          0          0          0         84   ddiv.o
       236          0          0          0          0        216   depilogue.o
        64         10          0          0          0         68   dfixul.o
        28          6          0          0          0         68   dfltul.o
       208          6          0          0          0         88   dmul.o
       130          0          0          0          0        144   fepilogue.o

    ----------------------------------------------------------------------
      7950        216        134          8          0       4488   Library Totals
        10          0          1          0          0          0   (incl. Padding)

    ----------------------------------------------------------------------

      Code (inc. data)   RO Data    RW Data    ZI Data      Debug   Library Name

      6582        182        133          8          0       3544   mc_p.l
      1358         34          0          0          0        944   mf_p.l

    ----------------------------------------------------------------------
      7950        216        134          8          0       4488   Library Totals

    ----------------------------------------------------------------------

==============================================================================


      Code (inc. data)   RO Data    RW Data    ZI Data      Debug   

     71164      17368      10148        776       4504     817015   Grand Totals
     71164      17368      10148        156       4504     817015   ELF Image Totals (compressed)
     71164      17368      10148        156          0          0   ROM Totals

==============================================================================

    Total RO  Size (Code + RO Data)                81312 (  79.41kB)
    Total RW  Size (RW Data + ZI Data)              5280 (   5.16kB)
    Total ROM Size (Code + RO Data + RW Data)      81468 (  79.56kB)

==============================================================================

