<html>
<body>
<pre>
<h1>礦ision Build Log</h1>
<h2>Tool Versions:</h2>
IDE-Version: 礦ision V5.14.2
Copyright (C) 2015 ARM Ltd and ARM Germany GmbH. All rights reserved.
License Information: 22 asus, 22, LIC=0VRAR-KT9MP-C09N2-98AZ1-RI7FF-GL5II
 
Tool Versions:
Toolchain:       MDK-ARM Professional  Version: 5.24.1
Toolchain Path:  D:\Keil_v5\ARM\ARMCC\Bin
C Compiler:      Armcc.exe V5.06 update 5 (build 528)
Assembler:       Armasm.exe V5.06 update 5 (build 528)
Linker/Locator:  ArmLink.exe V5.06 update 5 (build 528)
Library Manager: ArmAr.exe V5.06 update 5 (build 528)
Hex Converter:   FromElf.exe V5.06 update 5 (build 528)
CPU DLL:         SARMCM3.DLL V5.24.1
Dialog DLL:      DARMCM1.DLL V1.18.0.0
Target DLL:      STLink\ST-LINKIII-KEIL_SWO.dll V3.0.1.0
Dialog DLL:      TARMCM1.DLL V1.13.0.0
 
<h2>Project:</h2>
F:\work\任务\rt-thread\bsp\stm32l072\project.uvprojx
Project File Date:  09/10/2018

<h2>Output:</h2>
*** Using Compiler 'V5.06 update 5 (build 528)', folder: 'D:\Keil_v5\ARM\ARMCC\Bin'
Build target 'stm32l072'
compiling application.c...
app\application.c(191): warning:  #111-D: statement is unreachable
    return 0;
app\application.c(192): warning:  #1-D: last line of file ends without a newline
  }
app\application.c: 2 warnings, 0 errors
linking...
Program Size: Code=71144 RO-data=10148 RW-data=776 ZI-data=4504  
".\rtthread\rtthread.bin" - 0 Error(s), 2 Warning(s).

<h2>Collection of Component include folders:</h2>
  F:\work\任务\rt-thread\bsp\stm32l072\RTE
  D:\Keil_v5\ARM\PACK\Keil\STM32L0xx_DFP\2.0.0\Drivers\CMSIS\Device\ST\STM32L0xx\Include

<h2>Collection of Component Files used:</h2>
</pre>
</body>
</html>
